/home/forlinx/Models/Python2/lib/python3.9/site-packages/fuzzywuzzy/fuzz.py:11: UserWarning: Using slow pure-python SequenceMatcher. Install python-Levenshtein to remove this warning
  warnings.warn('Using slow pure-python SequenceMatcher. Install python-Levenshtein to remove this warning')
数据库连接成功
✅ 已加载 29 个药品名称
✅ 已加载 20 个患者名称
所有患者 ['魏理想', '魏理想', '魏理想', '魏理想', '魏理想', '魏理想', '魏理想', '魏理想', '魏理想', '魏理想', '魏理想', '魏理想', '魏理想', '魏理想', '魏理想', '魏理想', '魏理想', '魏理想', '魏理想', '魏理想']
W rknn-toolkit-lite2 version: 2.3.2
I RKNN: [08:35:06.325] RKNN Runtime Information, librknnrt version: 2.3.2 (429f97ae6b@2025-04-09T09:09:27)
I RKNN: [08:35:06.325] RKNN Driver Information, version: 0.9.8
I RKNN: [08:35:06.326] RKNN Model Information, version: 6, toolkit version: 2.3.2(compiler version: 2.3.2 (e045de294f@2025-04-07T19:48:25)), target: RKNPU v2, target platform: rk3588, framework name: ONNX, framework layout: NCHW, model inference type: dynamic_shape
[特征缓存] 已从 ./single_image_feature_cache.pkl 加载 29 种药品特征
[初始化完成] 已加载 29 种药品特征到内存
初始化 RKNN OCR 实例池...
W rknn-toolkit-lite2 version: 2.3.2
I RKNN: [08:35:06.421] RKNN Runtime Information, librknnrt version: 2.3.2 (429f97ae6b@2025-04-09T09:09:27)
I RKNN: [08:35:06.421] RKNN Driver Information, version: 0.9.8
I RKNN: [08:35:06.421] RKNN Model Information, version: 6, toolkit version: 2.3.2(compiler version: 2.3.2 (e045de294f@2025-04-07T19:48:25)), target: RKNPU v2, target platform: rk3588, framework name: ONNX, framework layout: NCHW, model inference type: dynamic_shape
W rknn-toolkit-lite2 version: 2.3.2
I RKNN: [08:35:06.591] RKNN Runtime Information, librknnrt version: 2.3.2 (429f97ae6b@2025-04-09T09:09:27)
I RKNN: [08:35:06.591] RKNN Driver Information, version: 0.9.8
I RKNN: [08:35:06.591] RKNN Model Information, version: 6, toolkit version: 2.3.2(compiler version: 2.3.2 (e045de294f@2025-04-07T19:48:25)), target: RKNPU v2, target platform: rk3588, framework name: ONNX, framework layout: NCHW, model inference type: dynamic_shape
W rknn-toolkit-lite2 version: 2.3.2
I RKNN: [08:35:06.757] RKNN Runtime Information, librknnrt version: 2.3.2 (429f97ae6b@2025-04-09T09:09:27)
I RKNN: [08:35:06.757] RKNN Driver Information, version: 0.9.8
I RKNN: [08:35:06.758] RKNN Model Information, version: 6, toolkit version: 2.3.2(compiler version: 2.3.2 (e045de294f@2025-04-07T19:48:25)), target: RKNPU v2, target platform: rk3588, framework name: ONNX, framework layout: NCHW, model inference type: dynamic_shape
RKNN OCR 初始化完成: 1 个实例
实时运行参数:
  recognition_workers: 1
  trigger_interval: 3.0
  max_frames: 45
  quiet_ocr: True
  headless: True
  ocr_instances: 1

============================================================
启动实时视频识别: YOLO + RKNN OCR + SIFT
============================================================
RTSP 参数:
{'username': 'admin', 'password': 'a1b2c3d4', 'ip_address': '192.168.254.5', 'port': '554', 'channel': '201'}
📋 OCR 模型分配:
  OCR/SIFT 后台识别: 单线程顺序处理
  实际 OCR 实例: 1 个
  使用第 1 个 OCR 实例处理所有药瓶/药袋/输液袋任务
  headless显示模式: True
RTSP: rtsp://admin:****@192.168.254.5:554/Streaming/Channels/201
🔄 正在连接 RTSP 流...
✅ RTSP连接成功！分辨率: 3840x2160, 帧率: 20.0
Connecting RTSP stream...
W rknn-toolkit-lite2 version: 2.3.2
I RKNN: [08:35:08.210] RKNN Runtime Information, librknnrt version: 2.3.2 (429f97ae6b@2025-04-09T09:09:27)
I RKNN: [08:35:08.210] RKNN Driver Information, version: 0.9.8
I RKNN: [08:35:08.210] RKNN Model Information, version: 6, toolkit version: 1.6.0+81f21f4d(compiler version: 1.6.0 (585b3edcf@2023-12-11T07:56:14)), target: RKNPU v2, target platform: rk3588, framework name: ONNX, framework layout: NCHW, model inference type: static_shape
W RKNN: [08:35:08.254] query RKNN_QUERY_INPUT_DYNAMIC_RANGE error, rknn model is static shape type, please export rknn with dynamic_shapes
W Query dynamic range failed. Ret code: RKNN_ERR_MODEL_INVALID. (If it is a static shape RKNN model, please ignore the above warning message.)
0

============================================================
🚀 实时目标检测已启动 YOLOv8 + 切片处理
  批量帧数: 1
  自动触发间隔: 3.0 秒
  按键: 'q'-退出  's'-截图  'r'-切换模式
============================================================


⏰ 定时触发 → 后台线程已启动
最清晰帧: 批次 1/2 中的第 1 张
检测结果: 药袋 0 个, 药瓶 5 个, 输液袋 2 个

============================================================
[单线程顺序处理] 共 7 个任务: 药瓶 5, 药袋 0, 输液袋 2
============================================================
🔍 药品匹配模式，查询：头孢曲松钠国药准邦制中
药瓶旋转
[特征提取耗时] 0.0455 秒
[分类耗时] 0.0795 秒
🔍 药品匹配模式，查询：海药业有限公司种维生素（12）
药瓶旋转
[特征提取耗时] 0.0333 秒
[分类耗时] 0.0494 秒
🔍 药品匹配模式，查询：nforInjection（12)5ml/支广山西意银药业有限公限注射用头孢
药瓶旋转
[特征提取耗时] 0.0545 秒
[分类耗时] 0.0994 秒
🔍 药品匹配模式，查询：Ceftazidimefring1.0g注射川炎琥宁C502006F
药瓶旋转
[特征提取耗时] 0.0360 秒
[分类耗时] 0.0639 秒
🔍 药品匹配模式，查询：2027年01月哈尔演均文！
⚠️ 未找到匹配结果,返回所有药品名称
药瓶旋转
[特征提取耗时] 0.0418 秒
[分类耗时] 0.3027 秒

[Timing Summary last 1] background_total:avg=2.92s,max=2.92s,p95=2.92s | bag_count:avg=0.00s,max=0.00s,p95=0.00s | bottle_classify:avg=0.60s,max=0.60s,p95=0.60s | bottle_count:avg=5.00s,max=5.00s,p95=5.00s | bottle_match:avg=0.03s,max=0.03s,p95=0.03s | bottle_ocr_angle_cls:avg=0.18s,max=0.18s,p95=0.18s | bottle_ocr_angle_pred:avg=30.00s,max=30.00s,p95=30.00s | bottle_ocr_rknn_det:avg=2.21s,max=2.21s,p95=2.21s | bottle_ocr_rknn_det_infer:avg=2.00s,max=2.00s,p95=2.00s | bottle_ocr_rknn_rec:avg=3.88s,max=3.88s,p95=3.88s | bottle_ocr_text_regions:avg=90.00s,max=90.00s,p95=90.00s | bottle_ocr_total:avg=6.28s,max=6.28s,p95=6.28s | bottle_total:avg=0.63s,max=0.63s,p95=0.63s | crop:avg=0.00s,max=0.00s,p95=0.00s | prepare_and_recognition:avg=2.65s,max=2.65s,p95=2.65s | recognition_tasks:avg=2.92s,max=2.92s,p95=2.92s | runtime_excluding_model_init:avg=2.92s,max=2.92s,p95=2.92s | select_sharpest:avg=0.26s,max=0.26s,p95=0.26s | shuye_count:avg=2.00s,max=2.00s,p95=2.00s | shuye_ocr_angle_cls:avg=0.04s,max=0.04s,p95=0.04s | shuye_ocr_preprocess:avg=0.04s,max=0.04s,p95=0.04s | shuye_ocr_rknn_det:avg=0.70s,max=0.70s,p95=0.70s | shuye_ocr_rknn_det_infer:avg=0.66s,max=0.66s,p95=0.66s | shuye_ocr_rknn_rec:avg=0.74s,max=0.74s,p95=0.74s | shuye_ocr_text_regions:avg=12.00s,max=12.00s,p95=12.00s | shuye_ocr_total:avg=1.53s,max=1.53s,p95=1.53s | shuye_total:avg=0.00s,max=0.00s,p95=0.00s | target_count:avg=7.00s,max=7.00s,p95=7.00s

[单线程顺序处理完成] 耗时: 2.92s, 完成任务: 7/7

============================================================
【处理结果汇总】
  药瓶: 5 个
  药袋: 0 个
  输液袋: 2 个
============================================================
  药瓶 1: 注射用头孢曲松钠 (方式: sift_template, 置信度: 0.0620, SIFT good=4, score=0.0099)
  药瓶 2: 维生素C注射液 (方式: sift_template, 置信度: 0.0290, SIFT good=1, score=0.0034)
  药瓶 3: 注射用谷胱甘肽 (方式: sift_template, 置信度: 0.0378, SIFT good=2, score=0.0048)
  药瓶 4: 注射用头孢曲松钠 (方式: sift_template, 置信度: 0.0338, SIFT good=1, score=0.0028)
  药瓶 5: 注射用炎琥宁 (方式: sift_template, 置信度: 0.0345, SIFT good=4, score=0.0105)

🏥 识别药品（去重后）: ['注射用炎琥宁', '注射用头孢曲松钠', '维生素C注射液', '注射用谷胱甘肽']

⚠️ 未识别到患者姓名
  输液袋 1: 液体=葡萄糖注射液, 浓度=10%, 容量=100ml, 状态=done
  输液袋 2: 液体=None, 浓度=None, 容量=None, 状态=partial

💧 输液袋信息: [{'liquid': '葡萄糖注射液', 'concentration': '10%', 'volume': '100ml', 'raw_text': '供静脉注射或滴注 葡萄糖注射液， GlucoseInjection 10 100ml', 'missing': [], 'status': 'done'}, {'liquid': None, 'concentration': None, 'volume': None, 'raw_text': 'ornjection', 'missing': ['liquid', 'concentration', 'volume'], 'status': 'partial'}]
💧 输液袋结构化信息: [{'index': 0, 'liquid': '葡萄糖注射液', 'concentration': '10%', 'volume': '100ml', 'raw_text': '供静脉注射或滴注 葡萄糖注射液， GlucoseInjection 10 100ml', 'status': 'done'}, {'index': 1, 'liquid': None, 'concentration': None, 'volume': None, 'raw_text': 'ornjection', 'status': 'partial'}]

⚠️ 跳过数据库比对：缺少患者姓名/药品信息，或当前匹配器不支持数据库校验

⏱ 总耗时: 2.92s (多线程处理: 2.92s)
🔓 后台处理完成

⏰ 定时触发 → 后台线程已启动
最清晰帧: 批次 2/2 中的第 1 张
检测结果: 药袋 0 个, 药瓶 5 个, 输液袋 2 个

============================================================
[单线程顺序处理] 共 7 个任务: 药瓶 5, 药袋 0, 输液袋 2
============================================================
🔍 药品匹配模式，查询：头孢曲松钠国药准字H1S中邦制飾制
药瓶旋转
[特征提取耗时] 0.0598 秒
[分类耗时] 0.0965 秒
🔍 药品匹配模式，查询：中中海药业有限公司
⚠️ 未找到匹配结果,返回所有药品名称
药瓶旋转
[特征提取耗时] 0.0328 秒
[分类耗时] 0.1507 秒
🔍 药品匹配模式，查询：种维生素（12）EnforlInjection(12)5ml/支广山西意集药业有员公公
药瓶旋转
[特征提取耗时] 0.0626 秒
[分类耗时] 0.0848 秒
🔍 药品匹配模式，查询：注射用头孢Ceftazidimefring1.0g注射用炎琥宁
药瓶旋转
[特征提取耗时] 0.0546 秒
[分类耗时] 0.0971 秒
🔍 药品匹配模式，查询：C502006F2027年01月Omg哈尔演珍文区
⚠️ 未找到匹配结果,返回所有药品名称
药瓶旋转
[特征提取耗时] 0.0220 秒
[分类耗时] 0.1379 秒

[Timing Summary last 2] background_total:avg=2.85s,max=2.92s,p95=2.92s | bag_count:avg=0.00s,max=0.00s,p95=0.00s | bottle_classify:avg=0.58s,max=0.60s,p95=0.60s | bottle_count:avg=5.00s,max=5.00s,p95=5.00s | bottle_match:avg=0.03s,max=0.03s,p95=0.03s | bottle_ocr_angle_cls:avg=0.31s,max=0.43s,p95=0.43s | bottle_ocr_angle_pred:avg=30.00s,max=30.00s,p95=30.00s | bottle_ocr_rknn_det:avg=2.06s,max=2.21s,p95=2.21s | bottle_ocr_rknn_det_infer:avg=1.80s,max=2.00s,p95=2.00s | bottle_ocr_rknn_rec:avg=3.81s,max=3.88s,p95=3.88s | bottle_ocr_text_regions:avg=102.50s,max=115.00s,p95=115.00s | bottle_ocr_total:avg=6.18s,max=6.28s,p95=6.28s | bottle_total:avg=0.61s,max=0.63s,p95=0.63s | crop:avg=0.00s,max=0.00s,p95=0.00s | prepare_and_recognition:avg=2.57s,max=2.65s,p95=2.65s | recognition_tasks:avg=2.85s,max=2.92s,p95=2.92s | runtime_excluding_model_init:avg=2.85s,max=2.92s,p95=2.92s | select_sharpest:avg=0.28s,max=0.29s,p95=0.29s | shuye_count:avg=2.00s,max=2.00s,p95=2.00s | shuye_ocr_angle_cls:avg=0.04s,max=0.04s,p95=0.04s | shuye_ocr_preprocess:avg=0.05s,max=0.05s,p95=0.05s | shuye_ocr_rknn_det:avg=0.67s,max=0.70s,p95=0.70s | shuye_ocr_rknn_det_infer:avg=0.63s,max=0.66s,p95=0.66s | shuye_ocr_rknn_rec:avg=0.70s,max=0.74s,p95=0.74s | shuye_ocr_text_regions:avg=12.00s,max=12.00s,p95=12.00s | shuye_ocr_total:avg=1.46s,max=1.53s,p95=1.53s | shuye_total:avg=0.00s,max=0.00s,p95=0.00s | target_count:avg=7.00s,max=7.00s,p95=7.00s

[单线程顺序处理完成] 耗时: 2.79s, 完成任务: 7/7

============================================================
【处理结果汇总】
  药瓶: 5 个
  药袋: 0 个
  输液袋: 2 个
============================================================
  药瓶 1: 注射用头孢曲松钠 (方式: sift_template, 置信度: 0.0573, SIFT good=2, score=0.0053)
  药瓶 2: 注射用门冬氨酸鸟氨酸 (方式: sift_template, 置信度: 0.0462, SIFT good=2, score=0.0056)
  药瓶 3: 注射用多种维生素 (方式: sift_template, 置信度: 0.0634, SIFT good=6, score=0.0176)
  药瓶 4: 注射用美罗培南 (方式: sift_template, 置信度: 0.0313, SIFT good=2, score=0.0061)
  药瓶 5: 注射用炎琥宁 (方式: sift_template, 置信度: 0.0279, SIFT good=3, score=0.0080)

🏥 识别药品（去重后）: ['注射用头孢曲松钠', '注射用炎琥宁', '注射用多种维生素', '注射用门冬氨酸鸟氨酸', '注射用美罗培南']

⚠️ 未识别到患者姓名
  输液袋 1: 液体=葡萄糖注射液, 浓度=10%, 容量=100ml, 状态=done
  输液袋 2: 液体=None, 浓度=None, 容量=None, 状态=partial

💧 输液袋信息: [{'liquid': '葡萄糖注射液', 'concentration': '10%', 'volume': '100ml', 'raw_text': '供静脉注射或滴注 葡萄糖注射液， GlucoseInjection 10% 100ml', 'missing': [], 'status': 'done'}, {'liquid': None, 'concentration': None, 'volume': None, 'raw_text': 'mforInjectior', 'missing': ['liquid', 'concentration', 'volume'], 'status': 'partial'}]
💧 输液袋结构化信息: [{'index': 0, 'liquid': '葡萄糖注射液', 'concentration': '10%', 'volume': '100ml', 'raw_text': '供静脉注射或滴注 葡萄糖注射液， GlucoseInjection 10% 100ml', 'status': 'done'}, {'index': 1, 'liquid': None, 'concentration': None, 'volume': None, 'raw_text': 'mforInjectior', 'status': 'partial'}]

⚠️ 跳过数据库比对：缺少患者姓名/药品信息，或当前匹配器不支持数据库校验

⏱ 总耗时: 2.79s (多线程处理: 2.79s)
🔓 后台处理完成
⏳ join 后台处理线程...
✅ 完成！总帧数: 45
数据库已断开连接
