/home/forlinx/Models/Python2/lib/python3.9/site-packages/fuzzywuzzy/fuzz.py:11: UserWarning: Using slow pure-python SequenceMatcher. Install python-Levenshtein to remove this warning
  warnings.warn('Using slow pure-python SequenceMatcher. Install python-Levenshtein to remove this warning')
数据库连接成功
✅ 已加载 29 个药品名称
✅ 已加载 20 个患者名称
所有患者 ['魏理想', '魏理想', '魏理想', '魏理想', '魏理想', '魏理想', '魏理想', '魏理想', '魏理想', '魏理想', '魏理想', '魏理想', '魏理想', '魏理想', '魏理想', '魏理想', '魏理想', '魏理想', '魏理想', '魏理想']
W rknn-toolkit-lite2 version: 2.3.2
I RKNN: [08:18:12.054] RKNN Runtime Information, librknnrt version: 2.3.2 (429f97ae6b@2025-04-09T09:09:27)
I RKNN: [08:18:12.054] RKNN Driver Information, version: 0.9.8
I RKNN: [08:18:12.054] RKNN Model Information, version: 6, toolkit version: 2.3.2(compiler version: 2.3.2 (e045de294f@2025-04-07T19:48:25)), target: RKNPU v2, target platform: rk3588, framework name: ONNX, framework layout: NCHW, model inference type: dynamic_shape
[特征缓存] 已从 ./single_image_feature_cache.pkl 加载 29 种药品特征
[初始化完成] 已加载 29 种药品特征到内存
初始化 RKNN OCR 实例池...
W rknn-toolkit-lite2 version: 2.3.2
I RKNN: [08:18:12.147] RKNN Runtime Information, librknnrt version: 2.3.2 (429f97ae6b@2025-04-09T09:09:27)
I RKNN: [08:18:12.147] RKNN Driver Information, version: 0.9.8
I RKNN: [08:18:12.148] RKNN Model Information, version: 6, toolkit version: 2.3.2(compiler version: 2.3.2 (e045de294f@2025-04-07T19:48:25)), target: RKNPU v2, target platform: rk3588, framework name: ONNX, framework layout: NCHW, model inference type: dynamic_shape
W rknn-toolkit-lite2 version: 2.3.2
I RKNN: [08:18:12.242] RKNN Runtime Information, librknnrt version: 2.3.2 (429f97ae6b@2025-04-09T09:09:27)
I RKNN: [08:18:12.242] RKNN Driver Information, version: 0.9.8
I RKNN: [08:18:12.242] RKNN Model Information, version: 6, toolkit version: 2.3.2(compiler version: 2.3.2 (e045de294f@2025-04-07T19:48:25)), target: RKNPU v2, target platform: rk3588, framework name: ONNX, framework layout: NCHW, model inference type: dynamic_shape
W rknn-toolkit-lite2 version: 2.3.2
I RKNN: [08:18:12.409] RKNN Runtime Information, librknnrt version: 2.3.2 (429f97ae6b@2025-04-09T09:09:27)
I RKNN: [08:18:12.409] RKNN Driver Information, version: 0.9.8
I RKNN: [08:18:12.409] RKNN Model Information, version: 6, toolkit version: 2.3.2(compiler version: 2.3.2 (e045de294f@2025-04-07T19:48:25)), target: RKNPU v2, target platform: rk3588, framework name: ONNX, framework layout: NCHW, model inference type: dynamic_shape
RKNN OCR 初始化完成: 1 个实例
实时运行参数:
  recognition_workers: 1
  trigger_interval: 3.0
  max_frames: 45
  quiet_ocr: True
  headless: True
  ocr_instances: 1

============================================================
启动实时视频识别: YOLO + RKNN OCR + SIFT
============================================================
RTSP 参数:
{'username': 'admin', 'password': 'a1b2c3d4', 'ip_address': '192.168.254.5', 'port': '554', 'channel': '201'}
📋 OCR 模型分配:
  OCR/SIFT 后台识别: 单线程顺序处理
  实际 OCR 实例: 1 个
  使用第 1 个 OCR 实例处理所有药瓶/药袋/输液袋任务
  headless显示模式: True
RTSP: rtsp://admin:****@192.168.254.5:554/Streaming/Channels/201
🔄 正在连接 RTSP 流...
✅ RTSP连接成功！分辨率: 3840x2160, 帧率: 20.0
Connecting RTSP stream...
W rknn-toolkit-lite2 version: 2.3.2
I RKNN: [08:18:13.859] RKNN Runtime Information, librknnrt version: 2.3.2 (429f97ae6b@2025-04-09T09:09:27)
I RKNN: [08:18:13.859] RKNN Driver Information, version: 0.9.8
I RKNN: [08:18:13.859] RKNN Model Information, version: 6, toolkit version: 1.6.0+81f21f4d(compiler version: 1.6.0 (585b3edcf@2023-12-11T07:56:14)), target: RKNPU v2, target platform: rk3588, framework name: ONNX, framework layout: NCHW, model inference type: static_shape
W RKNN: [08:18:13.904] query RKNN_QUERY_INPUT_DYNAMIC_RANGE error, rknn model is static shape type, please export rknn with dynamic_shapes
W Query dynamic range failed. Ret code: RKNN_ERR_MODEL_INVALID. (If it is a static shape RKNN model, please ignore the above warning message.)
0

============================================================
🚀 实时目标检测已启动 YOLOv8 + 切片处理
  批量帧数: 1
  自动触发间隔: 3.0 秒
  按键: 'q'-退出  's'-截图  'r'-切换模式
============================================================


⏰ 定时触发 → 后台线程已启动
最清晰帧: 批次 2/2 中的第 1 张
检测结果: 药袋 1 个, 药瓶 5 个, 输液袋 2 个

============================================================
[单线程顺序处理] 共 8 个任务: 药瓶 5, 药袋 1, 输液袋 2
============================================================
E RKNN: [08:18:17.303] rknn_set_input_shapes error, input name = x supported input shapes are as follows:
E RKNN: [08:18:17.303] 	shape = [1,448,448,3], layout = NHWC
E RKNN: [08:18:17.303] while get rknn_tensor_attr[0].name = x, dims = [8, 448, 448, 3], fmt = NHWC
E Catch exception when setting inputs.
E Traceback (most recent call last):
  File "/home/forlinx/Models/Python2/lib/python3.9/site-packages/rknnlite/api/rknn_lite.py", line 209, in inference
    self.rknn_runtime.set_inputs(inputs, data_type, data_format, inputs_pass_through=inputs_pass_through)
  File "rknnlite/api/rknn_runtime.py", line 1142, in rknnlite.api.rknn_runtime.RKNNRuntime.set_inputs
Exception: Set input shape failed. error code: RKNN_ERR_FAIL

🔍 药品匹配模式，查询：头孢曲松钠国药准邦制中中招地药业有限公司
药瓶旋转
[特征提取耗时] 0.0698 秒
[分类耗时] 0.1349 秒
🔍 药品匹配模式，查询：种维生素（12）inforinjection（12)
药瓶旋转
[特征提取耗时] 0.0349 秒
[分类耗时] 0.0504 秒
🔍 药品匹配模式，查询：5ml/支广山营政业有员公司注射用头孢Ceftazidimefrlne
药瓶旋转
[特征提取耗时] 0.0314 秒
[分类耗时] 0.0825 秒
🔍 药品匹配模式，查询：1.0g注射用炎琥宁C502006F2027年01月巴哈尔滨珍贸糕
药瓶旋转
[特征提取耗时] 0.0644 秒
[分类耗时] 0.1982 秒
🔍 药品匹配模式，查询：电
⚠️ 未找到匹配结果,返回所有药品名称
药瓶旋转
[特征提取耗时] 0.0323 秒
[分类耗时] 0.1551 秒
🔍 患者匹配模式，查询：范启衡

[Timing Summary last 1] background_total:avg=4.49s,max=4.49s,p95=4.49s | bag_count:avg=1.00s,max=1.00s,p95=1.00s | bag_match:avg=0.00s,max=0.00s,p95=0.00s | bag_ocr_angle_cls:avg=0.01s,max=0.01s,p95=0.01s | bag_ocr_angle_pred:avg=3.00s,max=3.00s,p95=3.00s | bag_ocr_name_roi_0_rknn_det:avg=0.05s,max=0.05s,p95=0.05s | bag_ocr_name_roi_0_rknn_rec:avg=0.31s,max=0.31s,p95=0.31s | bag_ocr_name_roi_0_text_regions:avg=3.00s,max=3.00s,p95=3.00s | bag_ocr_name_roi_1_rknn_det:avg=0.05s,max=0.05s,p95=0.05s | bag_ocr_name_roi_1_rknn_rec:avg=0.37s,max=0.37s,p95=0.37s | bag_ocr_name_roi_1_text_regions:avg=4.00s,max=4.00s,p95=4.00s | bag_ocr_name_roi_2_rknn_det:avg=0.05s,max=0.05s,p95=0.05s | bag_ocr_name_roi_2_rknn_rec:avg=0.38s,max=0.38s,p95=0.38s | bag_ocr_name_roi_2_text_regions:avg=2.00s,max=2.00s,p95=2.00s | bag_ocr_name_roi_extract:avg=0.00s,max=0.00s,p95=0.00s | bag_ocr_name_roi_total:avg=1.40s,max=1.40s,p95=1.40s | bag_ocr_total:avg=1.40s,max=1.40s,p95=1.40s | bag_total:avg=0.00s,max=0.00s,p95=0.00s | bottle_classify:avg=0.62s,max=0.62s,p95=0.62s | bottle_count:avg=5.00s,max=5.00s,p95=5.00s | bottle_match:avg=0.02s,max=0.02s,p95=0.02s | bottle_ocr_angle_cls:avg=0.23s,max=0.23s,p95=0.23s | bottle_ocr_angle_pred:avg=30.00s,max=30.00s,p95=30.00s | bottle_ocr_fallback_rknn_det:avg=0.23s,max=0.23s,p95=0.23s | bottle_ocr_fallback_rknn_det_infer:avg=0.21s,max=0.21s,p95=0.21s | bottle_ocr_fallback_rknn_rec:avg=1.79s,max=1.79s,p95=1.79s | bottle_ocr_fallback_text_regions:avg=5.00s,max=5.00s,p95=5.00s | bottle_ocr_rknn_det:avg=1.94s,max=1.94s,p95=1.94s | bottle_ocr_rknn_det_infer:avg=1.38s,max=1.38s,p95=1.38s | bottle_ocr_rknn_rec:avg=3.90s,max=3.90s,p95=3.90s | bottle_ocr_text_regions:avg=100.00s,max=100.00s,p95=100.00s | bottle_ocr_total:avg=8.10s,max=8.10s,p95=8.10s | bottle_total:avg=0.65s,max=0.65s,p95=0.65s | crop:avg=0.00s,max=0.00s,p95=0.00s | prepare_and_recognition:avg=4.22s,max=4.22s,p95=4.22s | recognition_tasks:avg=4.49s,max=4.49s,p95=4.49s | runtime_excluding_model_init:avg=4.49s,max=4.49s,p95=4.49s | select_sharpest:avg=0.27s,max=0.27s,p95=0.27s | shuye_count:avg=2.00s,max=2.00s,p95=2.00s | shuye_ocr_angle_cls:avg=0.03s,max=0.03s,p95=0.03s | shuye_ocr_preprocess:avg=0.04s,max=0.04s,p95=0.04s | shuye_ocr_rknn_det:avg=0.25s,max=0.25s,p95=0.25s | shuye_ocr_rknn_det_infer:avg=0.22s,max=0.22s,p95=0.22s | shuye_ocr_rknn_rec:avg=0.77s,max=0.77s,p95=0.77s | shuye_ocr_text_regions:avg=12.00s,max=12.00s,p95=12.00s | shuye_ocr_total:avg=1.10s,max=1.10s,p95=1.10s | shuye_total:avg=0.00s,max=0.00s,p95=0.00s | target_count:avg=8.00s,max=8.00s,p95=8.00s

[单线程顺序处理完成] 耗时: 4.49s, 完成任务: 8/8

============================================================
【处理结果汇总】
  药瓶: 5 个
  药袋: 1 个
  输液袋: 2 个
============================================================
  药瓶 1: 注射用头孢曲松钠 (方式: sift_template, 置信度: 0.0637, SIFT good=5, score=0.0125)
  药瓶 2: 注射用水溶性维生素 (方式: sift_template, 置信度: 0.0536, SIFT good=1, score=0.0033)
  药瓶 3: 注射用头孢西丁钠 (方式: sift_template, 置信度: 0.0198, SIFT good=1, score=0.0028)
  药瓶 4: 注射用美罗培南 (方式: sift_template, 置信度: 0.0486, SIFT good=6, score=0.0177)
  药瓶 5: 注射用炎琥宁 (方式: sift_template, 置信度: 0.0269, SIFT good=2, score=0.0053)

🏥 识别药品（去重后）: ['注射用美罗培南', '注射用炎琥宁', '注射用头孢西丁钠', '注射用水溶性维生素', '注射用头孢曲松钠']

⚠️ 未识别到患者姓名
  输液袋 1: 液体=葡萄糖注射液, 浓度=10%, 容量=100ml, 状态=done
  输液袋 2: 液体=None, 浓度=None, 容量=None, 状态=partial

💧 输液袋信息: [{'liquid': '葡萄糖注射液', 'concentration': '10%', 'volume': '100ml', 'raw_text': '供静脉注射或消注 葡萄糖注射液 GlucoseInjection 10% 100ml', 'missing': [], 'status': 'done'}, {'liquid': None, 'concentration': None, 'volume': None, 'raw_text': 'forInje', 'missing': ['liquid', 'concentration', 'volume'], 'status': 'partial'}]
💧 输液袋结构化信息: [{'index': 0, 'liquid': '葡萄糖注射液', 'concentration': '10%', 'volume': '100ml', 'raw_text': '供静脉注射或消注 葡萄糖注射液 GlucoseInjection 10% 100ml', 'status': 'done'}, {'index': 1, 'liquid': None, 'concentration': None, 'volume': None, 'raw_text': 'forInje', 'status': 'partial'}]

⚠️ 跳过数据库比对：缺少患者姓名/药品信息，或当前匹配器不支持数据库校验

⏱ 总耗时: 4.49s (多线程处理: 4.49s)
🔓 后台处理完成
✅ 完成！总帧数: 45
数据库已断开连接
