/home/forlinx/Models/Python2/lib/python3.9/site-packages/fuzzywuzzy/fuzz.py:11: UserWarning: Using slow pure-python SequenceMatcher. Install python-Levenshtein to remove this warning
  warnings.warn('Using slow pure-python SequenceMatcher. Install python-Levenshtein to remove this warning')
数据库连接成功
✅ 已加载 29 个药品名称
✅ 已加载 20 个患者名称
所有患者 ['魏理想', '魏理想', '魏理想', '魏理想', '魏理想', '魏理想', '魏理想', '魏理想', '魏理想', '魏理想', '魏理想', '魏理想', '魏理想', '魏理想', '魏理想', '魏理想', '魏理想', '魏理想', '魏理想', '魏理想']
W rknn-toolkit-lite2 version: 2.3.2
I RKNN: [08:20:25.271] RKNN Runtime Information, librknnrt version: 2.3.2 (429f97ae6b@2025-04-09T09:09:27)
I RKNN: [08:20:25.271] RKNN Driver Information, version: 0.9.8
I RKNN: [08:20:25.271] RKNN Model Information, version: 6, toolkit version: 2.3.2(compiler version: 2.3.2 (e045de294f@2025-04-07T19:48:25)), target: RKNPU v2, target platform: rk3588, framework name: ONNX, framework layout: NCHW, model inference type: dynamic_shape
[特征缓存] 已从 ./single_image_feature_cache.pkl 加载 29 种药品特征
[初始化完成] 已加载 29 种药品特征到内存
初始化 RKNN OCR 实例池...
W rknn-toolkit-lite2 version: 2.3.2
I RKNN: [08:20:25.365] RKNN Runtime Information, librknnrt version: 2.3.2 (429f97ae6b@2025-04-09T09:09:27)
I RKNN: [08:20:25.365] RKNN Driver Information, version: 0.9.8
I RKNN: [08:20:25.365] RKNN Model Information, version: 6, toolkit version: 2.3.2(compiler version: 2.3.2 (e045de294f@2025-04-07T19:48:25)), target: RKNPU v2, target platform: rk3588, framework name: ONNX, framework layout: NCHW, model inference type: dynamic_shape
W rknn-toolkit-lite2 version: 2.3.2
I RKNN: [08:20:25.482] RKNN Runtime Information, librknnrt version: 2.3.2 (429f97ae6b@2025-04-09T09:09:27)
I RKNN: [08:20:25.482] RKNN Driver Information, version: 0.9.8
I RKNN: [08:20:25.482] RKNN Model Information, version: 6, toolkit version: 2.3.2(compiler version: 2.3.2 (e045de294f@2025-04-07T19:48:25)), target: RKNPU v2, target platform: rk3588, framework name: ONNX, framework layout: NCHW, model inference type: dynamic_shape
W rknn-toolkit-lite2 version: 2.3.2
I RKNN: [08:20:25.707] RKNN Runtime Information, librknnrt version: 2.3.2 (429f97ae6b@2025-04-09T09:09:27)
I RKNN: [08:20:25.707] RKNN Driver Information, version: 0.9.8
I RKNN: [08:20:25.707] RKNN Model Information, version: 6, toolkit version: 2.3.2(compiler version: 2.3.2 (e045de294f@2025-04-07T19:48:25)), target: RKNPU v2, target platform: rk3588, framework name: ONNX, framework layout: NCHW, model inference type: dynamic_shape
RKNN OCR 初始化完成: 1 个实例
实时运行参数:
  recognition_workers: 1
  trigger_interval: 3.0
  max_frames: 45
  quiet_ocr: True
  headless: True
  ocr_instances: 1

============================================================
启动实时视频识别: YOLO + RKNN OCR + SIFT
============================================================
RTSP 参数:
{'username': 'admin', 'password': 'a1b2c3d4', 'ip_address': '192.168.254.5', 'port': '554', 'channel': '201'}
📋 OCR 模型分配:
  OCR/SIFT 后台识别: 单线程顺序处理
  实际 OCR 实例: 1 个
  使用第 1 个 OCR 实例处理所有药瓶/药袋/输液袋任务
  headless显示模式: True
RTSP: rtsp://admin:****@192.168.254.5:554/Streaming/Channels/201
🔄 正在连接 RTSP 流...
✅ RTSP连接成功！分辨率: 3840x2160, 帧率: 20.0
Connecting RTSP stream...
W rknn-toolkit-lite2 version: 2.3.2
I RKNN: [08:20:27.139] RKNN Runtime Information, librknnrt version: 2.3.2 (429f97ae6b@2025-04-09T09:09:27)
I RKNN: [08:20:27.140] RKNN Driver Information, version: 0.9.8
I RKNN: [08:20:27.140] RKNN Model Information, version: 6, toolkit version: 1.6.0+81f21f4d(compiler version: 1.6.0 (585b3edcf@2023-12-11T07:56:14)), target: RKNPU v2, target platform: rk3588, framework name: ONNX, framework layout: NCHW, model inference type: static_shape
W RKNN: [08:20:27.184] query RKNN_QUERY_INPUT_DYNAMIC_RANGE error, rknn model is static shape type, please export rknn with dynamic_shapes
W Query dynamic range failed. Ret code: RKNN_ERR_MODEL_INVALID. (If it is a static shape RKNN model, please ignore the above warning message.)
0

============================================================
🚀 实时目标检测已启动 YOLOv8 + 切片处理
  批量帧数: 1
  自动触发间隔: 3.0 秒
  按键: 'q'-退出  's'-截图  'r'-切换模式
============================================================


⏰ 定时触发 → 后台线程已启动
最清晰帧: 批次 1/2 中的第 1 张
检测结果: 药袋 0 个, 药瓶 5 个, 输液袋 2 个

============================================================
[单线程顺序处理] 共 7 个任务: 药瓶 5, 药袋 0, 输液袋 2
============================================================
🔍 药品匹配模式，查询：省獠卧俾私户翩静司修.唑府翩静逯燃
⚠️ 未找到匹配结果,返回所有药品名称
药瓶旋转
[特征提取耗时] 0.0349 秒
[分类耗时] 0.1894 秒

[Timing Summary last 1] background_total:avg=3.02s,max=3.02s,p95=3.02s | bag_count:avg=0.00s,max=0.00s,p95=0.00s | bottle_classify:avg=0.19s,max=0.19s,p95=0.19s | bottle_count:avg=5.00s,max=5.00s,p95=5.00s | bottle_match:avg=0.01s,max=0.01s,p95=0.01s | bottle_ocr_angle_cls:avg=0.29s,max=0.29s,p95=0.29s | bottle_ocr_angle_pred:avg=30.00s,max=30.00s,p95=30.00s | bottle_ocr_fallback_rknn_det:avg=0.53s,max=0.53s,p95=0.53s | bottle_ocr_fallback_rknn_det_infer:avg=0.48s,max=0.48s,p95=0.48s | bottle_ocr_fallback_rknn_rec:avg=2.40s,max=2.40s,p95=2.40s | bottle_ocr_fallback_text_regions:avg=10.00s,max=10.00s,p95=10.00s | bottle_ocr_rknn_det:avg=1.59s,max=1.59s,p95=1.59s | bottle_ocr_rknn_det_infer:avg=1.33s,max=1.33s,p95=1.33s | bottle_ocr_rknn_rec:avg=4.70s,max=4.70s,p95=4.70s | bottle_ocr_text_regions:avg=125.00s,max=125.00s,p95=125.00s | bottle_ocr_total:avg=9.52s,max=9.52s,p95=9.52s | bottle_total:avg=0.20s,max=0.20s,p95=0.20s | crop:avg=0.00s,max=0.00s,p95=0.00s | prepare_and_recognition:avg=2.74s,max=2.74s,p95=2.74s | recognition_tasks:avg=3.02s,max=3.02s,p95=3.02s | runtime_excluding_model_init:avg=3.02s,max=3.02s,p95=3.02s | select_sharpest:avg=0.28s,max=0.28s,p95=0.28s | shuye_count:avg=2.00s,max=2.00s,p95=2.00s | shuye_ocr_angle_cls:avg=0.04s,max=0.04s,p95=0.04s | shuye_ocr_preprocess:avg=0.04s,max=0.04s,p95=0.04s | shuye_ocr_rknn_det:avg=0.22s,max=0.22s,p95=0.22s | shuye_ocr_rknn_det_infer:avg=0.19s,max=0.19s,p95=0.19s | shuye_ocr_rknn_rec:avg=0.96s,max=0.96s,p95=0.96s | shuye_ocr_text_regions:avg=12.00s,max=12.00s,p95=12.00s | shuye_ocr_total:avg=1.27s,max=1.27s,p95=1.27s | shuye_total:avg=0.00s,max=0.00s,p95=0.00s | target_count:avg=7.00s,max=7.00s,p95=7.00s

[单线程顺序处理完成] 耗时: 3.02s, 完成任务: 7/7

============================================================
【处理结果汇总】
  药瓶: 5 个
  药袋: 0 个
  输液袋: 2 个
============================================================
  药瓶 1: 注射用头孢曲松钠 (方式: sift_template, 置信度: 0.0428, SIFT good=2, score=0.0051)

🏥 识别药品（去重后）: ['注射用头孢曲松钠']

⚠️ 未识别到患者姓名
  输液袋 1: 液体=None, 浓度=None, 容量=None, 状态=partial
  输液袋 2: 液体=None, 浓度=None, 容量=None, 状态=ocr_empty

💧 输液袋信息: [{'liquid': None, 'concentration': None, 'volume': None, 'raw_text': '简 俨蹊趸逯呻', 'missing': ['liquid', 'concentration', 'volume'], 'status': 'partial'}, {'liquid': None, 'concentration': None, 'volume': None, 'raw_text': '', 'missing': ['liquid', 'concentration', 'volume'], 'status': 'ocr_empty'}]
💧 输液袋结构化信息: [{'index': 0, 'liquid': None, 'concentration': None, 'volume': None, 'raw_text': '简 俨蹊趸逯呻', 'status': 'partial'}, {'index': 1, 'liquid': None, 'concentration': None, 'volume': None, 'raw_text': '', 'status': 'ocr_empty'}]

⚠️ 跳过数据库比对：缺少患者姓名/药品信息，或当前匹配器不支持数据库校验

⏱ 总耗时: 3.02s (多线程处理: 3.02s)
🔓 后台处理完成

⏰ 定时触发 → 后台线程已启动
最清晰帧: 批次 2/2 中的第 1 张
检测结果: 药袋 0 个, 药瓶 5 个, 输液袋 2 个

============================================================
[单线程顺序处理] 共 7 个任务: 药瓶 5, 药袋 0, 输液袋 2
============================================================
🔍 药品匹配模式，查询：省卧谯私户翩静司修早唑府绂痊逯疫省燃
⚠️ 未找到匹配结果,返回所有药品名称
药瓶旋转
[特征提取耗时] 0.0463 秒
[分类耗时] 0.1683 秒

[Timing Summary last 2] background_total:avg=2.93s,max=3.02s,p95=3.02s | bag_count:avg=0.00s,max=0.00s,p95=0.00s | bottle_classify:avg=0.18s,max=0.19s,p95=0.19s | bottle_count:avg=5.00s,max=5.00s,p95=5.00s | bottle_match:avg=0.01s,max=0.01s,p95=0.01s | bottle_ocr_angle_cls:avg=0.27s,max=0.29s,p95=0.29s | bottle_ocr_angle_pred:avg=30.00s,max=30.00s,p95=30.00s | bottle_ocr_fallback_rknn_det:avg=0.48s,max=0.53s,p95=0.53s | bottle_ocr_fallback_rknn_det_infer:avg=0.43s,max=0.48s,p95=0.48s | bottle_ocr_fallback_rknn_rec:avg=2.32s,max=2.40s,p95=2.40s | bottle_ocr_fallback_text_regions:avg=10.00s,max=10.00s,p95=10.00s | bottle_ocr_rknn_det:avg=1.62s,max=1.65s,p95=1.65s | bottle_ocr_rknn_det_infer:avg=1.33s,max=1.34s,p95=1.34s | bottle_ocr_rknn_rec:avg=4.62s,max=4.70s,p95=4.70s | bottle_ocr_text_regions:avg=120.00s,max=125.00s,p95=125.00s | bottle_ocr_total:avg=9.31s,max=9.52s,p95=9.52s | bottle_total:avg=0.18s,max=0.20s,p95=0.20s | crop:avg=0.00s,max=0.00s,p95=0.00s | prepare_and_recognition:avg=2.65s,max=2.74s,p95=2.74s | recognition_tasks:avg=2.93s,max=3.02s,p95=3.02s | runtime_excluding_model_init:avg=2.93s,max=3.02s,p95=3.02s | select_sharpest:avg=0.28s,max=0.28s,p95=0.28s | shuye_count:avg=2.00s,max=2.00s,p95=2.00s | shuye_ocr_angle_cls:avg=0.04s,max=0.04s,p95=0.04s | shuye_ocr_preprocess:avg=0.04s,max=0.04s,p95=0.04s | shuye_ocr_rknn_det:avg=0.19s,max=0.22s,p95=0.22s | shuye_ocr_rknn_det_infer:avg=0.17s,max=0.19s,p95=0.19s | shuye_ocr_rknn_rec:avg=0.93s,max=0.96s,p95=0.96s | shuye_ocr_text_regions:avg=11.00s,max=12.00s,p95=12.00s | shuye_ocr_total:avg=1.20s,max=1.27s,p95=1.27s | shuye_total:avg=0.00s,max=0.00s,p95=0.00s | target_count:avg=7.00s,max=7.00s,p95=7.00s

[单线程顺序处理完成] 耗时: 2.84s, 完成任务: 7/7

============================================================
【处理结果汇总】
  药瓶: 5 个
  药袋: 0 个
  输液袋: 2 个
============================================================
  药瓶 1: 注射用头孢曲松钠 (方式: sift_template, 置信度: 0.0476, SIFT good=3, score=0.0077)

🏥 识别药品（去重后）: ['注射用头孢曲松钠']

⚠️ 未识别到患者姓名
  输液袋 1: 液体=None, 浓度=None, 容量=None, 状态=partial
  输液袋 2: 液体=None, 浓度=None, 容量=None, 状态=ocr_empty

💧 输液袋信息: [{'liquid': None, 'concentration': None, 'volume': None, 'raw_text': '农 俨蹊趸化逯呻', 'missing': ['liquid', 'concentration', 'volume'], 'status': 'partial'}, {'liquid': None, 'concentration': None, 'volume': None, 'raw_text': '', 'missing': ['liquid', 'concentration', 'volume'], 'status': 'ocr_empty'}]
💧 输液袋结构化信息: [{'index': 0, 'liquid': None, 'concentration': None, 'volume': None, 'raw_text': '农 俨蹊趸化逯呻', 'status': 'partial'}, {'index': 1, 'liquid': None, 'concentration': None, 'volume': None, 'raw_text': '', 'status': 'ocr_empty'}]

⚠️ 跳过数据库比对：缺少患者姓名/药品信息，或当前匹配器不支持数据库校验

⏱ 总耗时: 2.84s (多线程处理: 2.84s)
🔓 后台处理完成⏳ join 后台处理线程...

✅ 完成！总帧数: 45
数据库已断开连接
