/home/forlinx/Models/Python2/lib/python3.9/site-packages/fuzzywuzzy/fuzz.py:11: UserWarning: Using slow pure-python SequenceMatcher. Install python-Levenshtein to remove this warning
  warnings.warn('Using slow pure-python SequenceMatcher. Install python-Levenshtein to remove this warning')
数据库连接成功
✅ 已加载 29 个药品名称
✅ 已加载 20 个患者名称
所有患者 ['魏理想', '魏理想', '魏理想', '魏理想', '魏理想', '魏理想', '魏理想', '魏理想', '魏理想', '魏理想', '魏理想', '魏理想', '魏理想', '魏理想', '魏理想', '魏理想', '魏理想', '魏理想', '魏理想', '魏理想']
W rknn-toolkit-lite2 version: 2.3.2
I RKNN: [07:43:15.339] RKNN Runtime Information, librknnrt version: 2.3.2 (429f97ae6b@2025-04-09T09:09:27)
I RKNN: [07:43:15.339] RKNN Driver Information, version: 0.9.8
I RKNN: [07:43:15.339] RKNN Model Information, version: 6, toolkit version: 2.3.2(compiler version: 2.3.2 (e045de294f@2025-04-07T19:48:25)), target: RKNPU v2, target platform: rk3588, framework name: ONNX, framework layout: NCHW, model inference type: dynamic_shape
[特征缓存] 已从 ./single_image_feature_cache.pkl 加载 29 种药品特征
[初始化完成] 已加载 29 种药品特征到内存
初始化 RKNN OCR 实例池...
W rknn-toolkit-lite2 version: 2.3.2
I RKNN: [07:43:15.434] RKNN Runtime Information, librknnrt version: 2.3.2 (429f97ae6b@2025-04-09T09:09:27)
I RKNN: [07:43:15.434] RKNN Driver Information, version: 0.9.8
I RKNN: [07:43:15.434] RKNN Model Information, version: 6, toolkit version: 2.3.2(compiler version: 2.3.2 (e045de294f@2025-04-07T19:48:25)), target: RKNPU v2, target platform: rk3588, framework name: ONNX, framework layout: NCHW, model inference type: dynamic_shape
W rknn-toolkit-lite2 version: 2.3.2
I RKNN: [07:43:15.550] RKNN Runtime Information, librknnrt version: 2.3.2 (429f97ae6b@2025-04-09T09:09:27)
I RKNN: [07:43:15.550] RKNN Driver Information, version: 0.9.8
I RKNN: [07:43:15.551] RKNN Model Information, version: 6, toolkit version: 2.3.2(compiler version: 2.3.2 (e045de294f@2025-04-07T19:48:25)), target: RKNPU v2, target platform: rk3588, framework name: ONNX, framework layout: NCHW, model inference type: dynamic_shape
W rknn-toolkit-lite2 version: 2.3.2
I RKNN: [07:43:15.699] RKNN Runtime Information, librknnrt version: 2.3.2 (429f97ae6b@2025-04-09T09:09:27)
I RKNN: [07:43:15.699] RKNN Driver Information, version: 0.9.8
I RKNN: [07:43:15.699] RKNN Model Information, version: 6, toolkit version: 2.3.2(compiler version: 2.3.2 (e045de294f@2025-04-07T19:48:25)), target: RKNPU v2, target platform: rk3588, framework name: ONNX, framework layout: NCHW, model inference type: dynamic_shape
RKNN OCR 初始化完成: 1 个实例
实时运行参数:
  recognition_workers: 5
  trigger_interval: 3.0
  max_frames: 45
  quiet_ocr: True
  headless: True
  ocr_instances: 1

============================================================
启动实时视频识别: YOLO + RKNN OCR + SIFT
============================================================
RTSP 参数:
{'username': 'admin', 'password': 'a1b2c3d4', 'ip_address': '192.168.254.5', 'port': '554', 'channel': '201'}
📋 OCR 模型分配:
  分组识别 worker: 5 个
  实际 OCR 实例: 1 个
  固定五线程: 药瓶3路 + 药袋1路 + 输液袋1路
  每个 worker 独占一个 OCR 实例，顺序处理分到的任务
  headless显示模式: True
RTSP: rtsp://admin:****@192.168.254.5:554/Streaming/Channels/201
🔄 正在连接 RTSP 流...
✅ RTSP连接成功！分辨率: 3840x2160, 帧率: 20.0
Connecting RTSP stream...
W rknn-toolkit-lite2 version: 2.3.2
I RKNN: [07:43:17.151] RKNN Runtime Information, librknnrt version: 2.3.2 (429f97ae6b@2025-04-09T09:09:27)
I RKNN: [07:43:17.151] RKNN Driver Information, version: 0.9.8
I RKNN: [07:43:17.152] RKNN Model Information, version: 6, toolkit version: 1.6.0+81f21f4d(compiler version: 1.6.0 (585b3edcf@2023-12-11T07:56:14)), target: RKNPU v2, target platform: rk3588, framework name: ONNX, framework layout: NCHW, model inference type: static_shape
W RKNN: [07:43:17.197] query RKNN_QUERY_INPUT_DYNAMIC_RANGE error, rknn model is static shape type, please export rknn with dynamic_shapes
W Query dynamic range failed. Ret code: RKNN_ERR_MODEL_INVALID. (If it is a static shape RKNN model, please ignore the above warning message.)
0

============================================================
🚀 实时目标检测已启动 YOLOv8 + 切片处理
  批量帧数: 1
  自动触发间隔: 3.0 秒
  按键: 'q'-退出  's'-截图  'r'-切换模式
============================================================


⏰ 定时触发 → 后台线程已启动
最清晰帧: 批次 2/2 中的第 1 张
检测结果: 药袋 1 个, 药瓶 5 个, 输液袋 2 个

============================================================
[多线程同步处理] 共 8 个任务: 药瓶 5, 药袋 1, 输液袋 2
============================================================
任务线程分配:
  bottle-1: {'bottle': 2}
  bottle-2: {'bottle': 2}
  bottle-3: {'bottle': 1}
  bag: {'bag': 1}
  shuye: {'shuye': 2}
🔍 药品匹配模式，查询：16冬氨酸鸟氨酸[产品业有限公司【有效砌星
药瓶旋转
[特征提取耗时] 0.1695 秒
[分类耗时] 0.1763 秒
🔍 药品匹配模式，查询：注射用头孢Ceftazidimeforlo1.0g
药瓶旋转
[特征提取耗时] 0.1753 秒
[分类耗时] 0.2243 秒
🔍 药品匹配模式，查询：准1号1谢用头孢曲松Sodiumfo
药瓶旋转
[特征提取耗时] 0.0383 秒
[分类耗时] 0.0610 秒
🔍 药品匹配模式，查询：国药准字H200甜川炎琥宁C502006F22027年01月e哈尔滨珍资制药有限公司
药瓶旋转

⏰ 上一轮仍在处理，跳过
[特征提取耗时] 0.1663 秒
[分类耗时] 0.1723 秒
🔍 药品匹配模式，查询：生S
药瓶旋转
[特征提取耗时] 0.1730 秒
[分类耗时] 0.2063 秒
🔍 患者匹配模式，查询：赵二虎

[Timing Summary last 1] background_total:avg=7.62s,max=7.62s,p95=7.62s | bag_count:avg=1.00s,max=1.00s,p95=1.00s | bag_match:avg=0.00s,max=0.00s,p95=0.00s | bag_ocr_angle_cls:avg=0.06s,max=0.06s,p95=0.06s | bag_ocr_angle_pred:avg=0.00s,max=0.00s,p95=0.00s | bag_ocr_name_roi_0_rknn_det:avg=0.18s,max=0.18s,p95=0.18s | bag_ocr_name_roi_0_rknn_rec:avg=0.46s,max=0.46s,p95=0.46s | bag_ocr_name_roi_0_text_regions:avg=2.00s,max=2.00s,p95=2.00s | bag_ocr_name_roi_1_rknn_det:avg=0.20s,max=0.20s,p95=0.20s | bag_ocr_name_roi_1_rknn_rec:avg=0.46s,max=0.46s,p95=0.46s | bag_ocr_name_roi_1_text_regions:avg=3.00s,max=3.00s,p95=3.00s | bag_ocr_name_roi_2_rknn_det:avg=0.19s,max=0.19s,p95=0.19s | bag_ocr_name_roi_2_rknn_rec:avg=0.47s,max=0.47s,p95=0.47s | bag_ocr_name_roi_2_text_regions:avg=2.00s,max=2.00s,p95=2.00s | bag_ocr_name_roi_extract:avg=0.00s,max=0.00s,p95=0.00s | bag_ocr_name_roi_total:avg=2.22s,max=2.22s,p95=2.22s | bag_ocr_recognizer_call:avg=2.22s,max=2.22s,p95=2.22s | bag_ocr_total:avg=2.22s,max=2.22s,p95=2.22s | bag_total:avg=2.22s,max=2.22s,p95=2.22s | bottle_classify:avg=0.84s,max=0.84s,p95=0.84s | bottle_count:avg=5.00s,max=5.00s,p95=5.00s | bottle_match:avg=0.03s,max=0.03s,p95=0.03s | bottle_ocr_angle_cls:avg=0.44s,max=0.44s,p95=0.44s | bottle_ocr_angle_pred:avg=6.00s,max=6.00s,p95=6.00s | bottle_ocr_angle_rotated_score:avg=76.50s,max=76.50s,p95=76.50s | bottle_ocr_angle_used_fallback:avg=0.00s,max=0.00s,p95=0.00s | bottle_ocr_recognizer_call:avg=3.21s,max=3.21s,p95=3.21s | bottle_ocr_rknn_det:avg=0.46s,max=0.46s,p95=0.46s | bottle_ocr_rknn_rec:avg=2.30s,max=2.30s,p95=2.30s | bottle_ocr_text_regions:avg=23.00s,max=23.00s,p95=23.00s | bottle_ocr_total:avg=3.21s,max=3.21s,p95=3.21s | bottle_total:avg=4.08s,max=4.08s,p95=4.08s | crop:avg=0.00s,max=0.00s,p95=0.00s | parallel_tasks:avg=7.62s,max=7.62s,p95=7.62s | prepare_and_recognition:avg=7.36s,max=7.36s,p95=7.36s | runtime_excluding_model_init:avg=7.62s,max=7.62s,p95=7.62s | select_sharpest:avg=0.26s,max=0.26s,p95=0.26s | shuye_count:avg=2.00s,max=2.00s,p95=2.00s | shuye_ocr_angle_cls:avg=0.12s,max=0.12s,p95=0.12s | shuye_ocr_preprocess:avg=0.06s,max=0.06s,p95=0.06s | shuye_ocr_recognizer_call:avg=1.05s,max=1.05s,p95=1.05s | shuye_ocr_rknn_det:avg=0.25s,max=0.25s,p95=0.25s | shuye_ocr_rknn_rec:avg=0.63s,max=0.63s,p95=0.63s | shuye_ocr_text_regions:avg=6.00s,max=6.00s,p95=6.00s | shuye_ocr_total:avg=1.05s,max=1.05s,p95=1.05s | shuye_total:avg=1.05s,max=1.05s,p95=1.05s | target_count:avg=8.00s,max=8.00s,p95=8.00s

[多线程同步处理完成] 耗时: 7.62s, 完成任务: 8/8

============================================================
【处理结果汇总】
  药瓶: 5 个
  药袋: 1 个
  输液袋: 2 个
============================================================
  药瓶 1: 注射用门冬氨酸鸟氨酸 (方式: sift_template, 置信度: 0.0609, SIFT good=3, score=0.0084)
  药瓶 4: 注射用美罗培南 (方式: sift_template, 置信度: 0.0400, SIFT good=2, score=0.0058)
  药瓶 2: 注射用头孢曲松钠 (方式: sift_template, 置信度: 0.0554, SIFT good=8, score=0.0204)
  药瓶 5: 注射用炎琥宁 (方式: sift_template, 置信度: 0.0649, SIFT good=4, score=0.0129)
  药瓶 3: 注射用多种维生素 (方式: sift_template, 置信度: 0.0443, SIFT good=2, score=0.0059)

🏥 识别药品（去重后）: ['注射用美罗培南', '注射用炎琥宁', '注射用门冬氨酸鸟氨酸', '注射用多种维生素', '注射用头孢曲松钠']
  药袋 1: 患者 ['赵二虎']

👤 患者姓名: ['赵二虎']
  输液袋 1: 液体=None, 浓度=None, 容量=None, 状态=partial
  输液袋 2: 液体=葡萄糖注射液, 浓度=5%, 容量=50ml, 状态=done

💧 输液袋信息: [{'liquid': None, 'concentration': None, 'volume': None, 'raw_text': '电司', 'missing': ['liquid', 'concentration', 'volume'], 'status': 'partial'}, {'liquid': '葡萄糖注射液', 'concentration': '5%', 'volume': '50ml', 'raw_text': '供静脉注射或滴注 葡萄糖注射液 Glucoselnjection 5% 50ml', 'missing': [], 'status': 'done'}]
💧 输液袋结构化信息: [{'index': 0, 'liquid': None, 'concentration': None, 'volume': None, 'raw_text': '电司', 'status': 'partial'}, {'index': 1, 'liquid': '葡萄糖注射液', 'concentration': '5%', 'volume': '50ml', 'raw_text': '供静脉注射或滴注 葡萄糖注射液 Glucoselnjection 5% 50ml', 'status': 'done'}]
利用“魏理想”作为测试病人

============================================================
【数据库匹配结果】
  患者: ['赵二虎']
  识别药品: ['注射用美罗培南', '注射用炎琥宁', '注射用门冬氨酸鸟氨酸', '注射用多种维生素', '注射用头孢曲松钠']
  输液袋信息: [{'liquid': None, 'concentration': None, 'volume': None, 'raw_text': '电司', 'missing': ['liquid', 'concentration', 'volume'], 'status': 'partial'}, {'liquid': '葡萄糖注射液', 'concentration': '5%', 'volume': '50ml', 'raw_text': '供静脉注射或滴注 葡萄糖注射液 Glucoselnjection 5% 50ml', 'missing': [], 'status': 'done'}]
  数据库药品: ['注射用头孢曲松钠', '注射用头孢西丁钠']
  ❌ 缺少: ['注射用门冬氨酸鸟氨酸', '注射用多种维生素', '注射用炎琥宁', '注射用美罗培南']
     多余: ['注射用头孢西丁钠']
============================================================

⏱ 总耗时: 7.63s (多线程处理: 7.62s)
🔓 后台处理完成⏳ join 后台处理线程...

✅ 完成！总帧数: 45
数据库已断开连接
