/home/forlinx/Models/Python2/lib/python3.9/site-packages/fuzzywuzzy/fuzz.py:11: UserWarning: Using slow pure-python SequenceMatcher. Install python-Levenshtein to remove this warning
  warnings.warn('Using slow pure-python SequenceMatcher. Install python-Levenshtein to remove this warning')
W rknn-toolkit-lite2 version: 2.3.2
W rknn-toolkit-lite2 version: 2.3.2
W rknn-toolkit-lite2 version: 2.3.2
W rknn-toolkit-lite2 version: 2.3.2
W rknn-toolkit-lite2 version: 2.3.2
W Query dynamic range failed. Ret code: RKNN_ERR_MODEL_INVALID. (If it is a static shape RKNN model, please ignore the above warning message.)
数据库连接成功
✅ 已加载 30 个药品名称
✅ 已加载 20 个患者名称
所有患者 ['魏理想', '魏理想', '魏理想', '魏理想', '魏理想', '魏理想', '魏理想', '魏理想', '魏理想', '魏理想', '魏理想', '魏理想', '魏理想', '魏理想', '魏理想', '魏理想', '魏理想', '魏理想', '魏理想', '魏理想']
[特征缓存] 已从 ./single_image_feature_cache.pkl 加载 29 种药品特征
[初始化完成] 已加载 29 种药品特征到内存
初始化 RKNN OCR 实例池...
RKNN OCR 初始化完成: 1 个实例
实时运行参数:
  recognition_workers: 1
  trigger_interval: 5.0
  max_frames: 40
  quiet_ocr: True
  headless: True
  ocr_instances: 1
  mixed_ocr_batch: 1

============================================================
启动实时视频识别: YOLO + RKNN OCR + SIFT
============================================================
RTSP 参数:
{'username': 'admin', 'password': 'a1b2c3d4', 'ip_address': '192.168.254.5', 'port': '554', 'channel': '201'}
📋 OCR 模型分配:
  OCR/SIFT 后台识别: 单线程顺序处理
  实际 OCR 实例: 1 个
  使用第 1 个 OCR 实例处理所有药瓶/药袋/输液袋任务
  headless显示模式: True
RTSP: rtsp://admin:****@192.168.254.5:554/Streaming/Channels/201
🔄 正在连接 RTSP 流...
✅ RTSP连接成功！分辨率: 3840x2160, 帧率: 20.0
Connecting RTSP stream...
0

============================================================
🚀 实时目标检测已启动 YOLOv8 + 切片处理
  批量帧数: 1
  自动触发间隔: 5.0 秒
  按键: 'q'-退出  's'-截图  'r'-切换模式
============================================================


⏰ 定时触发 → 后台线程已启动
最清晰帧: 批次 1/2 中的第 1 张
检测结果: 药袋 1 个, 药瓶 6 个, 输液袋 4 个

============================================================
[单线程顺序处理] 共 11 个任务: 药瓶 6, 药袋 1, 输液袋 4
============================================================
🔍 药品匹配模式，查询：“注射用Ceftrinrff
[警告] 以下药品未在缓存中找到: ['注射用头孢唑啉钠']
药瓶旋转
[特征提取耗时] 0.0519 秒
[分类耗时] 0.1254 秒
🔍 药品匹配模式，查询：0909
⚠️ 未找到匹配结果,返回所有药品名称
[警告] 以下药品未在缓存中找到: ['注射用头孢唑啉钠']
药瓶旋转
[特征提取耗时] 0.0399 秒
[分类耗时] 0.1827 秒
🔍 药品匹配模式，查询：瓶目销20062127/99
药瓶旋转
[特征提取耗时] 0.0337 秒
[分类耗时] 0.0414 秒
🔍 药品匹配模式，查询：1全
药瓶旋转
[特征提取耗时] 0.0538 秒
[分类耗时] 0.0655 秒
🔍 患者匹配模式，查询：赵二虎

[Timing Summary last 1] background_total:avg=3.67s,max=3.67s,p95=3.67s | bag_count:avg=1.00s,max=1.00s,p95=1.00s | bag_match:avg=0.00s,max=0.00s,p95=0.00s | bag_ocr_angle_cls:avg=0.03s,max=0.03s,p95=0.03s | bag_ocr_bag_angle_cls:avg=0.01s,max=0.01s,p95=0.01s | bag_ocr_bag_angle_pred:avg=0.00s,max=0.00s,p95=0.00s | bag_ocr_bag_name_roi_extract:avg=0.18s,max=0.18s,p95=0.18s | bag_ocr_bottle_angle_cls:avg=0.05s,max=0.05s,p95=0.05s | bag_ocr_bottle_angle_pred:avg=5.00s,max=5.00s,p95=5.00s | bag_ocr_mixed_rknn_det:avg=1.21s,max=1.21s,p95=1.21s | bag_ocr_mixed_rknn_det_infer:avg=1.05s,max=1.05s,p95=1.05s | bag_ocr_mixed_rknn_rec:avg=1.45s,max=1.45s,p95=1.45s | bag_ocr_mixed_text_regions:avg=45.00s,max=45.00s,p95=45.00s | bag_ocr_shuye_angle_cls:avg=0.03s,max=0.03s,p95=0.03s | bag_ocr_shuye_preprocess:avg=0.03s,max=0.03s,p95=0.03s | bag_total:avg=0.00s,max=0.00s,p95=0.00s | bottle_classify:avg=0.42s,max=0.42s,p95=0.42s | bottle_count:avg=6.00s,max=6.00s,p95=6.00s | bottle_match:avg=0.02s,max=0.02s,p95=0.02s | bottle_ocr_angle_cls:avg=0.17s,max=0.17s,p95=0.17s | bottle_ocr_bag_angle_cls:avg=0.01s,max=0.01s,p95=0.01s | bottle_ocr_bag_angle_pred:avg=0.00s,max=0.00s,p95=0.00s | bottle_ocr_bag_name_roi_extract:avg=0.18s,max=0.18s,p95=0.18s | bottle_ocr_bottle_angle_cls:avg=0.05s,max=0.05s,p95=0.05s | bottle_ocr_bottle_angle_pred:avg=5.00s,max=5.00s,p95=5.00s | bottle_ocr_mixed_rknn_det:avg=1.21s,max=1.21s,p95=1.21s | bottle_ocr_mixed_rknn_det_infer:avg=1.05s,max=1.05s,p95=1.05s | bottle_ocr_mixed_rknn_rec:avg=1.45s,max=1.45s,p95=1.45s | bottle_ocr_mixed_text_regions:avg=45.00s,max=45.00s,p95=45.00s | bottle_ocr_shuye_angle_cls:avg=0.03s,max=0.03s,p95=0.03s | bottle_ocr_shuye_preprocess:avg=0.03s,max=0.03s,p95=0.03s | bottle_total:avg=0.44s,max=0.44s,p95=0.44s | crop:avg=0.01s,max=0.01s,p95=0.01s | prepare_and_recognition:avg=3.39s,max=3.39s,p95=3.39s | recognition_tasks:avg=3.67s,max=3.67s,p95=3.67s | runtime_excluding_model_init:avg=3.67s,max=3.67s,p95=3.67s | select_sharpest:avg=0.27s,max=0.27s,p95=0.27s | shuye_count:avg=4.00s,max=4.00s,p95=4.00s | shuye_ocr_angle_cls:avg=0.11s,max=0.11s,p95=0.11s | shuye_ocr_bag_angle_cls:avg=0.01s,max=0.01s,p95=0.01s | shuye_ocr_bag_angle_pred:avg=0.00s,max=0.00s,p95=0.00s | shuye_ocr_bag_name_roi_extract:avg=0.18s,max=0.18s,p95=0.18s | shuye_ocr_bottle_angle_cls:avg=0.05s,max=0.05s,p95=0.05s | shuye_ocr_bottle_angle_pred:avg=5.00s,max=5.00s,p95=5.00s | shuye_ocr_mixed_rknn_det:avg=1.21s,max=1.21s,p95=1.21s | shuye_ocr_mixed_rknn_det_infer:avg=1.05s,max=1.05s,p95=1.05s | shuye_ocr_mixed_rknn_rec:avg=1.45s,max=1.45s,p95=1.45s | shuye_ocr_mixed_text_regions:avg=45.00s,max=45.00s,p95=45.00s | shuye_ocr_shuye_angle_cls:avg=0.03s,max=0.03s,p95=0.03s | shuye_ocr_shuye_preprocess:avg=0.03s,max=0.03s,p95=0.03s | shuye_total:avg=0.00s,max=0.00s,p95=0.00s | target_count:avg=11.00s,max=11.00s,p95=11.00s

[Step Timing Detail]
  batch: background_total=3.6710s | bag_count=1.0000s | bag_match=0.0006s | bag_ocr_angle_cls=0.0286s | bag_ocr_bag_angle_cls=0.0072s | bag_ocr_bag_angle_pred=0.0000s | bag_ocr_bag_name_roi_extract=0.1795s | bag_ocr_bottle_angle_cls=0.0467s | bag_ocr_bottle_angle_pred=5.0000s | bag_ocr_mixed_rknn_det=1.2118s | bag_ocr_mixed_rknn_det_infer=1.0547s | bag_ocr_mixed_rknn_rec=1.4467s | bag_ocr_mixed_text_regions=45.0000s | bag_ocr_shuye_angle_cls=0.0286s | bag_ocr_shuye_preprocess=0.0289s | bag_total=0.0006s | bottle_classify=0.4154s | bottle_count=6.0000s | bottle_match=0.0215s | bottle_ocr_angle_cls=0.1713s | bottle_ocr_bag_angle_cls=0.0072s | bottle_ocr_bag_angle_pred=0.0000s | bottle_ocr_bag_name_roi_extract=0.1795s | bottle_ocr_bottle_angle_cls=0.0467s | bottle_ocr_bottle_angle_pred=5.0000s | bottle_ocr_mixed_rknn_det=1.2118s | bottle_ocr_mixed_rknn_det_infer=1.0547s | bottle_ocr_mixed_rknn_rec=1.4467s | bottle_ocr_mixed_text_regions=45.0000s | bottle_ocr_shuye_angle_cls=0.0286s | bottle_ocr_shuye_preprocess=0.0289s | bottle_total=0.4402s | crop=0.0064s | prepare_and_recognition=3.3945s | recognition_tasks=3.6710s | runtime_excluding_model_init=3.6710s | select_sharpest=0.2700s | shuye_count=4.0000s | shuye_ocr_angle_cls=0.1142s | shuye_ocr_bag_angle_cls=0.0072s | shuye_ocr_bag_angle_pred=0.0000s | shuye_ocr_bag_name_roi_extract=0.1795s | shuye_ocr_bottle_angle_cls=0.0467s | shuye_ocr_bottle_angle_pred=5.0000s | shuye_ocr_mixed_rknn_det=1.2118s | shuye_ocr_mixed_rknn_det_infer=1.0547s | shuye_ocr_mixed_rknn_rec=1.4467s | shuye_ocr_mixed_text_regions=45.0000s | shuye_ocr_shuye_angle_cls=0.0286s | shuye_ocr_shuye_preprocess=0.0289s | shuye_total=0.0000s | target_count=11.0000s
  bag#1: status=done, result=['赵二虎'], timing: match=0.0006s | ocr_angle_cls=0.0286s | ocr_bag_angle_cls=0.0072s | ocr_bag_angle_pred=0.0000s | ocr_bag_name_roi_extract=0.1795s | ocr_bottle_angle_cls=0.0467s | ocr_bottle_angle_pred=5.0000s | ocr_mixed_rknn_det=1.2118s | ocr_mixed_rknn_det_infer=1.0547s | ocr_mixed_rknn_rec=1.4467s | ocr_mixed_text_regions=45.0000s | ocr_shuye_angle_cls=0.0286s | ocr_shuye_preprocess=0.0289s | total=0.0006s
  bottle#1: status=ocr_empty, result=, timing: ocr_angle_cls=0.0286s | ocr_bag_angle_cls=0.0072s | ocr_bag_angle_pred=0.0000s | ocr_bag_name_roi_extract=0.1795s | ocr_bottle_angle_cls=0.0467s | ocr_bottle_angle_pred=5.0000s | ocr_mixed_rknn_det=1.2118s | ocr_mixed_rknn_det_infer=1.0547s | ocr_mixed_rknn_rec=1.4467s | ocr_mixed_text_regions=45.0000s | ocr_shuye_angle_cls=0.0286s | ocr_shuye_preprocess=0.0289s | total=0.0000s
  bottle#2: status=done, result=注射用头孢他啶, timing: classify=0.1256s | match=0.0075s | ocr_angle_cls=0.0286s | ocr_bag_angle_cls=0.0072s | ocr_bag_angle_pred=0.0000s | ocr_bag_name_roi_extract=0.1795s | ocr_bottle_angle_cls=0.0467s | ocr_bottle_angle_pred=5.0000s | ocr_mixed_rknn_det=1.2118s | ocr_mixed_rknn_det_infer=1.0547s | ocr_mixed_rknn_rec=1.4467s | ocr_mixed_text_regions=45.0000s | ocr_shuye_angle_cls=0.0286s | ocr_shuye_preprocess=0.0289s | total=0.1361s
    decision: weak_sift_override_rejected: predicted=注射用头孢曲松钠, good=2, score=0.0058, ocr_top1=注射用头孢他啶
  bottle#3: status=done, result=人免疫球蛋白, timing: classify=0.1828s | match=0.0075s | ocr_angle_cls=0.0286s | ocr_bag_angle_cls=0.0072s | ocr_bag_angle_pred=0.0000s | ocr_bag_name_roi_extract=0.1795s | ocr_bottle_angle_cls=0.0467s | ocr_bottle_angle_pred=5.0000s | ocr_mixed_rknn_det=1.2118s | ocr_mixed_rknn_det_infer=1.0547s | ocr_mixed_rknn_rec=1.4467s | ocr_mixed_text_regions=45.0000s | ocr_shuye_angle_cls=0.0286s | ocr_shuye_preprocess=0.0289s | total=0.1904s
    decision: weak_sift_override_rejected: predicted=注射用人干扰素a2a, good=1, score=0.0037, ocr_top1=人免疫球蛋白
  bottle#4: status=done, result=注射用头孢哌酮钠舒巴坦钠（2：1）, timing: classify=0.0414s | match=0.0034s | ocr_angle_cls=0.0286s | ocr_bag_angle_cls=0.0072s | ocr_bag_angle_pred=0.0000s | ocr_bag_name_roi_extract=0.1795s | ocr_bottle_angle_cls=0.0467s | ocr_bottle_angle_pred=5.0000s | ocr_mixed_rknn_det=1.2118s | ocr_mixed_rknn_det_infer=1.0547s | ocr_mixed_rknn_rec=1.4467s | ocr_mixed_text_regions=45.0000s | ocr_shuye_angle_cls=0.0286s | ocr_shuye_preprocess=0.0289s | total=0.0450s
    decision: sift_agrees_with_ocr_top1
  bottle#5: status=done, result=注射用头孢哌酮钠舒巴坦钠（2：1）, timing: classify=0.0655s | match=0.0030s | ocr_angle_cls=0.0286s | ocr_bag_angle_cls=0.0072s | ocr_bag_angle_pred=0.0000s | ocr_bag_name_roi_extract=0.1795s | ocr_bottle_angle_cls=0.0467s | ocr_bottle_angle_pred=5.0000s | ocr_mixed_rknn_det=1.2118s | ocr_mixed_rknn_det_infer=1.0547s | ocr_mixed_rknn_rec=1.4467s | ocr_mixed_text_regions=45.0000s | ocr_shuye_angle_cls=0.0286s | ocr_shuye_preprocess=0.0289s | total=0.0687s
    decision: sift_agrees_with_ocr_top1
  bottle#6: status=ocr_empty, result=, timing: ocr_angle_cls=0.0286s | ocr_bag_angle_cls=0.0072s | ocr_bag_angle_pred=0.0000s | ocr_bag_name_roi_extract=0.1795s | ocr_bottle_angle_cls=0.0467s | ocr_bottle_angle_pred=5.0000s | ocr_mixed_rknn_det=1.2118s | ocr_mixed_rknn_det_infer=1.0547s | ocr_mixed_rknn_rec=1.4467s | ocr_mixed_text_regions=45.0000s | ocr_shuye_angle_cls=0.0286s | ocr_shuye_preprocess=0.0289s | total=0.0000s
  shuye#1: status=partial, result=, timing: ocr_angle_cls=0.0286s | ocr_bag_angle_cls=0.0072s | ocr_bag_angle_pred=0.0000s | ocr_bag_name_roi_extract=0.1795s | ocr_bottle_angle_cls=0.0467s | ocr_bottle_angle_pred=5.0000s | ocr_mixed_rknn_det=1.2118s | ocr_mixed_rknn_det_infer=1.0547s | ocr_mixed_rknn_rec=1.4467s | ocr_mixed_text_regions=45.0000s | ocr_shuye_angle_cls=0.0286s | ocr_shuye_preprocess=0.0289s | total=0.0000s
  shuye#2: status=partial, result=, timing: ocr_angle_cls=0.0286s | ocr_bag_angle_cls=0.0072s | ocr_bag_angle_pred=0.0000s | ocr_bag_name_roi_extract=0.1795s | ocr_bottle_angle_cls=0.0467s | ocr_bottle_angle_pred=5.0000s | ocr_mixed_rknn_det=1.2118s | ocr_mixed_rknn_det_infer=1.0547s | ocr_mixed_rknn_rec=1.4467s | ocr_mixed_text_regions=45.0000s | ocr_shuye_angle_cls=0.0286s | ocr_shuye_preprocess=0.0289s | total=0.0000s
  shuye#3: status=partial, result=, timing: ocr_angle_cls=0.0286s | ocr_bag_angle_cls=0.0072s | ocr_bag_angle_pred=0.0000s | ocr_bag_name_roi_extract=0.1795s | ocr_bottle_angle_cls=0.0467s | ocr_bottle_angle_pred=5.0000s | ocr_mixed_rknn_det=1.2118s | ocr_mixed_rknn_det_infer=1.0547s | ocr_mixed_rknn_rec=1.4467s | ocr_mixed_text_regions=45.0000s | ocr_shuye_angle_cls=0.0286s | ocr_shuye_preprocess=0.0289s | total=0.0000s
  shuye#4: status=partial, result=, timing: ocr_angle_cls=0.0286s | ocr_bag_angle_cls=0.0072s | ocr_bag_angle_pred=0.0000s | ocr_bag_name_roi_extract=0.1795s | ocr_bottle_angle_cls=0.0467s | ocr_bottle_angle_pred=5.0000s | ocr_mixed_rknn_det=1.2118s | ocr_mixed_rknn_det_infer=1.0547s | ocr_mixed_rknn_rec=1.4467s | ocr_mixed_text_regions=45.0000s | ocr_shuye_angle_cls=0.0286s | ocr_shuye_preprocess=0.0289s | total=0.0000s

[单线程顺序处理完成] 耗时: 3.67s, 完成任务: 11/11

============================================================
【处理结果汇总】
  药瓶: 6 个
  药袋: 1 个
  输液袋: 4 个
============================================================
  药瓶 2: 注射用头孢他啶 (方式: ocr_candidate_sift_rejected, 置信度: 0.0565)
  药瓶 3: 人免疫球蛋白 (方式: ocr_candidate_sift_rejected, 置信度: 0.0538)
  药瓶 4: 注射用头孢哌酮钠舒巴坦钠（2：1） (方式: sift_template, 置信度: 0.0544, SIFT good=1, score=0.0026)
  药瓶 5: 注射用头孢哌酮钠舒巴坦钠（2：1） (方式: sift_template, 置信度: 0.0544, SIFT good=1, score=0.0027)

🏥 识别药品（去重后）: ['注射用头孢哌酮钠舒巴坦钠（2：1）', '注射用头孢他啶', '人免疫球蛋白']
  药袋 1: 患者 ['赵二虎']

👤 患者姓名: ['赵二虎']
  输液袋 1: 液体=None, 浓度=None, 容量=100ml, 状态=partial
  输液袋 2: 液体=None, 浓度=5%, 容量=50ml, 状态=partial
  输液袋 3: 液体=None, 浓度=None, 容量=None, 状态=partial
  输液袋 4: 液体=None, 浓度=None, 容量=None, 状态=partial

💧 输液袋信息: [{'liquid': None, 'concentration': None, 'volume': '100ml', 'raw_text': '电 100ml 产品', 'missing': ['liquid', 'concentration'], 'status': 'partial'}, {'liquid': None, 'concentration': '5%', 'volume': '50ml', 'raw_text': '供影登住对城请注 有面推注技 5%） 50ml', 'missing': ['liquid'], 'status': 'partial'}, {'liquid': None, 'concentration': None, 'volume': None, 'raw_text': '168701313', 'missing': ['liquid', 'concentration', 'volume'], 'status': 'partial'}, {'liquid': None, 'concentration': None, 'volume': None, 'raw_text': '建', 'missing': ['liquid', 'concentration', 'volume'], 'status': 'partial'}]
💧 输液袋结构化信息: [{'index': 0, 'liquid': None, 'concentration': None, 'volume': '100ml', 'raw_text': '电 100ml 产品', 'status': 'partial'}, {'index': 1, 'liquid': None, 'concentration': '5%', 'volume': '50ml', 'raw_text': '供影登住对城请注 有面推注技 5%） 50ml', 'status': 'partial'}, {'index': 2, 'liquid': None, 'concentration': None, 'volume': None, 'raw_text': '168701313', 'status': 'partial'}, {'index': 3, 'liquid': None, 'concentration': None, 'volume': None, 'raw_text': '建', 'status': 'partial'}]
利用“魏理想”作为测试病人

============================================================
【数据库匹配结果】
  患者: ['赵二虎']
  识别药品: ['注射用头孢哌酮钠舒巴坦钠（2：1）', '注射用头孢他啶', '人免疫球蛋白']
  输液袋信息: [{'liquid': None, 'concentration': None, 'volume': '100ml', 'raw_text': '电 100ml 产品', 'missing': ['liquid', 'concentration'], 'status': 'partial'}, {'liquid': None, 'concentration': '5%', 'volume': '50ml', 'raw_text': '供影登住对城请注 有面推注技 5%） 50ml', 'missing': ['liquid'], 'status': 'partial'}, {'liquid': None, 'concentration': None, 'volume': None, 'raw_text': '168701313', 'missing': ['liquid', 'concentration', 'volume'], 'status': 'partial'}, {'liquid': None, 'concentration': None, 'volume': None, 'raw_text': '建', 'missing': ['liquid', 'concentration', 'volume'], 'status': 'partial'}]
  数据库药品: ['注射用艾司奥拉美拉唑钠', '破伤风人免疫球蛋白']
  ❌ 缺少: ['注射用头孢哌酮钠舒巴坦钠（2：1）', '注射用头孢他啶', '人免疫球蛋白']
     多余: ['注射用艾司奥拉美拉唑钠', '破伤风人免疫球蛋白']
============================================================

⏱ 总耗时: 3.68s (多线程处理: 3.67s)
🔓 后台处理完成

⏰ 定时触发 → 后台线程已启动
最清晰帧: 批次 2/2 中的第 1 张
检测结果: 药袋 1 个, 药瓶 6 个, 输液袋 4 个

============================================================
[单线程顺序处理] 共 11 个任务: 药瓶 6, 药袋 1, 输液袋 4
============================================================
🔍 药品匹配模式，查询：摄松注射用实NBO7S10g
[警告] 以下药品未在缓存中找到: ['注射用头孢唑啉钠']
药瓶旋转
[特征提取耗时] 0.0408 秒
[分类耗时] 0.1330 秒
🔍 药品匹配模式，查询：00
⚠️ 未找到匹配结果,返回所有药品名称
[警告] 以下药品未在缓存中找到: ['注射用头孢唑啉钠']
药瓶旋转
[特征提取耗时] 0.0389 秒
[分类耗时] 0.1849 秒
🔍 药品匹配模式，查询：长吸钠舒巴圾单21006227/09
药瓶旋转
[特征提取耗时] 0.0498 秒
[分类耗时] 0.0789 秒
🔍 药品匹配模式，查询：全：12502全门氨酸
药瓶旋转
[特征提取耗时] 0.0275 秒
[分类耗时] 0.0314 秒

[Timing Summary last 2] background_total:avg=3.61s,max=3.67s,p95=3.67s | bag_count:avg=1.00s,max=1.00s,p95=1.00s | bag_match:avg=0.00s,max=0.00s,p95=0.00s | bag_ocr_angle_cls:avg=0.03s,max=0.04s,p95=0.04s | bag_ocr_bag_angle_cls:avg=0.01s,max=0.01s,p95=0.01s | bag_ocr_bag_angle_pred:avg=0.00s,max=0.00s,p95=0.00s | bag_ocr_bag_name_roi_extract:avg=0.12s,max=0.18s,p95=0.18s | bag_ocr_bottle_angle_cls:avg=0.05s,max=0.05s,p95=0.05s | bag_ocr_bottle_angle_pred:avg=6.50s,max=8.00s,p95=8.00s | bag_ocr_mixed_rknn_det:avg=1.20s,max=1.21s,p95=1.21s | bag_ocr_mixed_rknn_det_infer:avg=1.03s,max=1.05s,p95=1.05s | bag_ocr_mixed_rknn_rec:avg=1.45s,max=1.46s,p95=1.46s | bag_ocr_mixed_text_regions:avg=46.00s,max=47.00s,p95=47.00s | bag_ocr_shuye_angle_cls:avg=0.03s,max=0.04s,p95=0.04s | bag_ocr_shuye_preprocess:avg=0.03s,max=0.03s,p95=0.03s | bag_total:avg=0.00s,max=0.00s,p95=0.00s | bottle_classify:avg=0.42s,max=0.43s,p95=0.43s | bottle_count:avg=6.00s,max=6.00s,p95=6.00s | bottle_match:avg=0.02s,max=0.02s,p95=0.02s | bottle_ocr_angle_cls:avg=0.19s,max=0.21s,p95=0.21s | bottle_ocr_bag_angle_cls:avg=0.01s,max=0.01s,p95=0.01s | bottle_ocr_bag_angle_pred:avg=0.00s,max=0.00s,p95=0.00s | bottle_ocr_bag_name_roi_extract:avg=0.12s,max=0.18s,p95=0.18s | bottle_ocr_bottle_angle_cls:avg=0.05s,max=0.05s,p95=0.05s | bottle_ocr_bottle_angle_pred:avg=6.50s,max=8.00s,p95=8.00s | bottle_ocr_mixed_rknn_det:avg=1.20s,max=1.21s,p95=1.21s | bottle_ocr_mixed_rknn_det_infer:avg=1.03s,max=1.05s,p95=1.05s | bottle_ocr_mixed_rknn_rec:avg=1.45s,max=1.46s,p95=1.46s | bottle_ocr_mixed_text_regions:avg=46.00s,max=47.00s,p95=47.00s | bottle_ocr_shuye_angle_cls:avg=0.03s,max=0.04s,p95=0.04s | bottle_ocr_shuye_preprocess:avg=0.03s,max=0.03s,p95=0.03s | bottle_total:avg=0.44s,max=0.45s,p95=0.45s | crop:avg=0.01s,max=0.01s,p95=0.01s | prepare_and_recognition:avg=3.33s,max=3.39s,p95=3.39s | recognition_tasks:avg=3.61s,max=3.67s,p95=3.67s | runtime_excluding_model_init:avg=3.61s,max=3.67s,p95=3.67s | select_sharpest:avg=0.27s,max=0.27s,p95=0.27s | shuye_count:avg=4.00s,max=4.00s,p95=4.00s | shuye_ocr_angle_cls:avg=0.13s,max=0.14s,p95=0.14s | shuye_ocr_bag_angle_cls:avg=0.01s,max=0.01s,p95=0.01s | shuye_ocr_bag_angle_pred:avg=0.00s,max=0.00s,p95=0.00s | shuye_ocr_bag_name_roi_extract:avg=0.12s,max=0.18s,p95=0.18s | shuye_ocr_bottle_angle_cls:avg=0.05s,max=0.05s,p95=0.05s | shuye_ocr_bottle_angle_pred:avg=6.50s,max=8.00s,p95=8.00s | shuye_ocr_mixed_rknn_det:avg=1.20s,max=1.21s,p95=1.21s | shuye_ocr_mixed_rknn_det_infer:avg=1.03s,max=1.05s,p95=1.05s | shuye_ocr_mixed_rknn_rec:avg=1.45s,max=1.46s,p95=1.46s | shuye_ocr_mixed_text_regions:avg=46.00s,max=47.00s,p95=47.00s | shuye_ocr_shuye_angle_cls:avg=0.03s,max=0.04s,p95=0.04s | shuye_ocr_shuye_preprocess:avg=0.03s,max=0.03s,p95=0.03s | shuye_total:avg=0.00s,max=0.00s,p95=0.00s | target_count:avg=11.00s,max=11.00s,p95=11.00s

[Step Timing Detail]
  batch: background_total=3.5408s | bag_count=1.0000s | bag_match=0.0000s | bag_ocr_angle_cls=0.0354s | bag_ocr_bag_angle_cls=0.0078s | bag_ocr_bag_angle_pred=0.0000s | bag_ocr_bag_name_roi_extract=0.0519s | bag_ocr_bottle_angle_cls=0.0449s | bag_ocr_bottle_angle_pred=8.0000s | bag_ocr_mixed_rknn_det=1.1883s | bag_ocr_mixed_rknn_det_infer=0.9998s | bag_ocr_mixed_rknn_rec=1.4577s | bag_ocr_mixed_text_regions=47.0000s | bag_ocr_shuye_angle_cls=0.0354s | bag_ocr_shuye_preprocess=0.0299s | bag_total=0.0000s | bottle_classify=0.4285s | bottle_count=6.0000s | bottle_match=0.0188s | bottle_ocr_angle_cls=0.2122s | bottle_ocr_bag_angle_cls=0.0078s | bottle_ocr_bag_angle_pred=0.0000s | bottle_ocr_bag_name_roi_extract=0.0519s | bottle_ocr_bottle_angle_cls=0.0449s | bottle_ocr_bottle_angle_pred=8.0000s | bottle_ocr_mixed_rknn_det=1.1883s | bottle_ocr_mixed_rknn_det_infer=0.9998s | bottle_ocr_mixed_rknn_rec=1.4577s | bottle_ocr_mixed_text_regions=47.0000s | bottle_ocr_shuye_angle_cls=0.0354s | bottle_ocr_shuye_preprocess=0.0299s | bottle_total=0.4478s | crop=0.0051s | prepare_and_recognition=3.2649s | recognition_tasks=3.5408s | runtime_excluding_model_init=3.5408s | select_sharpest=0.2708s | shuye_count=4.0000s | shuye_ocr_angle_cls=0.1415s | shuye_ocr_bag_angle_cls=0.0078s | shuye_ocr_bag_angle_pred=0.0000s | shuye_ocr_bag_name_roi_extract=0.0519s | shuye_ocr_bottle_angle_cls=0.0449s | shuye_ocr_bottle_angle_pred=8.0000s | shuye_ocr_mixed_rknn_det=1.1883s | shuye_ocr_mixed_rknn_det_infer=0.9998s | shuye_ocr_mixed_rknn_rec=1.4577s | shuye_ocr_mixed_text_regions=47.0000s | shuye_ocr_shuye_angle_cls=0.0354s | shuye_ocr_shuye_preprocess=0.0299s | shuye_total=0.0000s | target_count=11.0000s
  bag#1: status=done, result=['赵二虎'], timing: match=0.0000s | ocr_angle_cls=0.0354s | ocr_bag_angle_cls=0.0078s | ocr_bag_angle_pred=0.0000s | ocr_bag_name_roi_extract=0.0519s | ocr_bottle_angle_cls=0.0449s | ocr_bottle_angle_pred=8.0000s | ocr_mixed_rknn_det=1.1883s | ocr_mixed_rknn_det_infer=0.9998s | ocr_mixed_rknn_rec=1.4577s | ocr_mixed_text_regions=47.0000s | ocr_shuye_angle_cls=0.0354s | ocr_shuye_preprocess=0.0299s | total=0.0000s
  bottle#1: status=ocr_empty, result=, timing: ocr_angle_cls=0.0354s | ocr_bag_angle_cls=0.0078s | ocr_bag_angle_pred=0.0000s | ocr_bag_name_roi_extract=0.0519s | ocr_bottle_angle_cls=0.0449s | ocr_bottle_angle_pred=8.0000s | ocr_mixed_rknn_det=1.1883s | ocr_mixed_rknn_det_infer=0.9998s | ocr_mixed_rknn_rec=1.4577s | ocr_mixed_text_regions=47.0000s | ocr_shuye_angle_cls=0.0354s | ocr_shuye_preprocess=0.0299s | total=0.0000s
  bottle#2: status=done, result=注射用炎琥宁, timing: classify=0.1331s | match=0.0049s | ocr_angle_cls=0.0354s | ocr_bag_angle_cls=0.0078s | ocr_bag_angle_pred=0.0000s | ocr_bag_name_roi_extract=0.0519s | ocr_bottle_angle_cls=0.0449s | ocr_bottle_angle_pred=8.0000s | ocr_mixed_rknn_det=1.1883s | ocr_mixed_rknn_det_infer=0.9998s | ocr_mixed_rknn_rec=1.4577s | ocr_mixed_text_regions=47.0000s | ocr_shuye_angle_cls=0.0354s | ocr_shuye_preprocess=0.0299s | total=0.1380s
    decision: weak_sift_override_rejected: predicted=注射用头孢他啶, good=1, score=0.0031, ocr_top1=注射用炎琥宁
  bottle#3: status=done, result=人免疫球蛋白, timing: classify=0.1851s | match=0.0035s | ocr_angle_cls=0.0354s | ocr_bag_angle_cls=0.0078s | ocr_bag_angle_pred=0.0000s | ocr_bag_name_roi_extract=0.0519s | ocr_bottle_angle_cls=0.0449s | ocr_bottle_angle_pred=8.0000s | ocr_mixed_rknn_det=1.1883s | ocr_mixed_rknn_det_infer=0.9998s | ocr_mixed_rknn_rec=1.4577s | ocr_mixed_text_regions=47.0000s | ocr_shuye_angle_cls=0.0354s | ocr_shuye_preprocess=0.0299s | total=0.1887s
    decision: weak_sift_override_rejected: predicted=注射用硫普罗宁, good=2, score=0.0054, ocr_top1=人免疫球蛋白
  bottle#4: status=done, result=注射用头孢哌酮钠舒巴坦钠（2：1）, timing: classify=0.0790s | match=0.0069s | ocr_angle_cls=0.0354s | ocr_bag_angle_cls=0.0078s | ocr_bag_angle_pred=0.0000s | ocr_bag_name_roi_extract=0.0519s | ocr_bottle_angle_cls=0.0449s | ocr_bottle_angle_pred=8.0000s | ocr_mixed_rknn_det=1.1883s | ocr_mixed_rknn_det_infer=0.9998s | ocr_mixed_rknn_rec=1.4577s | ocr_mixed_text_regions=47.0000s | ocr_shuye_angle_cls=0.0354s | ocr_shuye_preprocess=0.0299s | total=0.0860s
    decision: weak_sift_override_rejected: predicted=注射用头孢哌酮钠舒巴坦钠, good=3, score=0.0082, ocr_top1=注射用头孢哌酮钠舒巴坦钠（2：1）
  bottle#5: status=done, result=注射用门冬氨酸鸟氨酸, timing: classify=0.0314s | match=0.0036s | ocr_angle_cls=0.0354s | ocr_bag_angle_cls=0.0078s | ocr_bag_angle_pred=0.0000s | ocr_bag_name_roi_extract=0.0519s | ocr_bottle_angle_cls=0.0449s | ocr_bottle_angle_pred=8.0000s | ocr_mixed_rknn_det=1.1883s | ocr_mixed_rknn_det_infer=0.9998s | ocr_mixed_rknn_rec=1.4577s | ocr_mixed_text_regions=47.0000s | ocr_shuye_angle_cls=0.0354s | ocr_shuye_preprocess=0.0299s | total=0.0351s
    decision: sift_agrees_with_ocr_top1
  bottle#6: status=ocr_empty, result=, timing: ocr_angle_cls=0.0354s | ocr_bag_angle_cls=0.0078s | ocr_bag_angle_pred=0.0000s | ocr_bag_name_roi_extract=0.0519s | ocr_bottle_angle_cls=0.0449s | ocr_bottle_angle_pred=8.0000s | ocr_mixed_rknn_det=1.1883s | ocr_mixed_rknn_det_infer=0.9998s | ocr_mixed_rknn_rec=1.4577s | ocr_mixed_text_regions=47.0000s | ocr_shuye_angle_cls=0.0354s | ocr_shuye_preprocess=0.0299s | total=0.0000s
  shuye#1: status=ocr_empty, result=, timing: ocr_angle_cls=0.0354s | ocr_bag_angle_cls=0.0078s | ocr_bag_angle_pred=0.0000s | ocr_bag_name_roi_extract=0.0519s | ocr_bottle_angle_cls=0.0449s | ocr_bottle_angle_pred=8.0000s | ocr_mixed_rknn_det=1.1883s | ocr_mixed_rknn_det_infer=0.9998s | ocr_mixed_rknn_rec=1.4577s | ocr_mixed_text_regions=47.0000s | ocr_shuye_angle_cls=0.0354s | ocr_shuye_preprocess=0.0299s | total=0.0000s
  shuye#2: status=partial, result=, timing: ocr_angle_cls=0.0354s | ocr_bag_angle_cls=0.0078s | ocr_bag_angle_pred=0.0000s | ocr_bag_name_roi_extract=0.0519s | ocr_bottle_angle_cls=0.0449s | ocr_bottle_angle_pred=8.0000s | ocr_mixed_rknn_det=1.1883s | ocr_mixed_rknn_det_infer=0.9998s | ocr_mixed_rknn_rec=1.4577s | ocr_mixed_text_regions=47.0000s | ocr_shuye_angle_cls=0.0354s | ocr_shuye_preprocess=0.0299s | total=0.0000s
  shuye#3: status=partial, result=, timing: ocr_angle_cls=0.0354s | ocr_bag_angle_cls=0.0078s | ocr_bag_angle_pred=0.0000s | ocr_bag_name_roi_extract=0.0519s | ocr_bottle_angle_cls=0.0449s | ocr_bottle_angle_pred=8.0000s | ocr_mixed_rknn_det=1.1883s | ocr_mixed_rknn_det_infer=0.9998s | ocr_mixed_rknn_rec=1.4577s | ocr_mixed_text_regions=47.0000s | ocr_shuye_angle_cls=0.0354s | ocr_shuye_preprocess=0.0299s | total=0.0000s
  shuye#4: status=partial, result=, timing: ocr_angle_cls=0.0354s | ocr_bag_angle_cls=0.0078s | ocr_bag_angle_pred=0.0000s | ocr_bag_name_roi_extract=0.0519s | ocr_bottle_angle_cls=0.0449s | ocr_bottle_angle_pred=8.0000s | ocr_mixed_rknn_det=1.1883s | ocr_mixed_rknn_det_infer=0.9998s | ocr_mixed_rknn_rec=1.4577s | ocr_mixed_text_regions=47.0000s | ocr_shuye_angle_cls=0.0354s | ocr_shuye_preprocess=0.0299s | total=0.0000s

[单线程顺序处理完成] 耗时: 3.54s, 完成任务: 11/11

============================================================
【处理结果汇总】
  药瓶: 6 个
  药袋: 1 个
  输液袋: 4 个
============================================================
  药瓶 2: 注射用炎琥宁 (方式: ocr_candidate_sift_rejected, 置信度: 0.0284)
  药瓶 3: 人免疫球蛋白 (方式: ocr_candidate_sift_rejected, 置信度: 0.0249)
  药瓶 4: 注射用头孢哌酮钠舒巴坦钠（2：1） (方式: ocr_candidate_sift_rejected, 置信度: 0.0510)
  药瓶 5: 注射用门冬氨酸鸟氨酸 (方式: sift_template, 置信度: 0.0614, SIFT good=3, score=0.0085)

🏥 识别药品（去重后）: ['注射用炎琥宁', '注射用头孢哌酮钠舒巴坦钠（2：1）', '注射用门冬氨酸鸟氨酸', '人免疫球蛋白']
  药袋 1: 患者 ['赵二虎']

👤 患者姓名: ['赵二虎']
  输液袋 1: 液体=None, 浓度=None, 容量=None, 状态=ocr_empty
  输液袋 2: 液体=None, 浓度=5%, 容量=None, 状态=partial
  输液袋 3: 液体=None, 浓度=None, 容量=None, 状态=partial
  输液袋 4: 液体=None, 浓度=None, 容量=None, 状态=partial

💧 输液袋信息: [{'liquid': None, 'concentration': None, 'volume': None, 'raw_text': '', 'missing': ['liquid', 'concentration', 'volume'], 'status': 'ocr_empty'}, {'liquid': None, 'concentration': '5%', 'volume': None, 'raw_text': '供的除注成障注 面店注射液 5%', 'missing': ['liquid', 'volume'], 'status': 'partial'}, {'liquid': None, 'concentration': None, 'volume': None, 'raw_text': '68701313', 'missing': ['liquid', 'concentration', 'volume'], 'status': 'partial'}, {'liquid': None, 'concentration': None, 'volume': None, 'raw_text': '南', 'missing': ['liquid', 'concentration', 'volume'], 'status': 'partial'}]
💧 输液袋结构化信息: [{'index': 0, 'liquid': None, 'concentration': None, 'volume': None, 'raw_text': '', 'status': 'ocr_empty'}, {'index': 1, 'liquid': None, 'concentration': '5%', 'volume': None, 'raw_text': '供的除注成障注 面店注射液 5%', 'status': 'partial'}, {'index': 2, 'liquid': None, 'concentration': None, 'volume': None, 'raw_text': '68701313', 'status': 'partial'}, {'index': 3, 'liquid': None, 'concentration': None, 'volume': None, 'raw_text': '南', 'status': 'partial'}]
利用“魏理想”作为测试病人

============================================================
【数据库匹配结果】
  患者: ['赵二虎']
  识别药品: ['注射用炎琥宁', '注射用头孢哌酮钠舒巴坦钠（2：1）', '注射用门冬氨酸鸟氨酸', '人免疫球蛋白']
  输液袋信息: [{'liquid': None, 'concentration': None, 'volume': None, 'raw_text': '', 'missing': ['liquid', 'concentration', 'volume'], 'status': 'ocr_empty'}, {'liquid': None, 'concentration': '5%', 'volume': None, 'raw_text': '供的除注成障注 面店注射液 5%', 'missing': ['liquid', 'volume'], 'status': 'partial'}, {'liquid': None, 'concentration': None, 'volume': None, 'raw_text': '68701313', 'missing': ['liquid', 'concentration', 'volume'], 'status': 'partial'}, {'liquid': None, 'concentration': None, 'volume': None, 'raw_text': '南', 'missing': ['liquid', 'concentration', 'volume'], 'status': 'partial'}]
  数据库药品: ['注射用艾司奥拉美拉唑钠', '破伤风人免疫球蛋白']
  ❌ 缺少: ['注射用炎琥宁', '注射用头孢哌酮钠舒巴坦钠（2：1）', '注射用门冬氨酸鸟氨酸', '人免疫球蛋白']
     多余: ['注射用艾司奥拉美拉唑钠', '破伤风人免疫球蛋白']
============================================================

⏱ 总耗时: 3.55s (多线程处理: 3.54s)
🔓 后台处理完成

⏰ 定时触发 → 后台线程已启动
最清晰帧: 批次 2/2 中的第 1 张
检测结果: 药袋 0 个, 药瓶 6 个, 输液袋 4 个

============================================================
[单线程顺序处理] 共 10 个任务: 药瓶 6, 药袋 0, 输液袋 4
============================================================
🔍 药品匹配模式，查询：实体擦摄松注射用实IANsO7Ss计1.0g
药瓶旋转
[特征提取耗时] 0.0462 秒
[分类耗时] 0.0997 秒
🔍 药品匹配模式，查询：1【产品号】250608【有期2027.05.
🔍 药品匹配模式，查询：长狗眼闯钠舒巴短馆251006227/09
药瓶旋转
[特征提取耗时] 0.0504 秒
[分类耗时] 0.0721 秒
🔍 药品匹配模式，查询：实H2060632地路门各氨酸马
药瓶旋转
[特征提取耗时] 0.0317 秒
[分类耗时] 0.0368 秒

[Timing Summary last 3] background_total:avg=3.23s,max=3.67s,p95=3.67s | bag_count:avg=0.67s,max=1.00s,p95=1.00s | bag_match:avg=0.00s,max=0.00s,p95=0.00s | bag_ocr_angle_cls:avg=0.03s,max=0.04s,p95=0.04s | bag_ocr_bag_angle_cls:avg=0.01s,max=0.01s,p95=0.01s | bag_ocr_bag_angle_pred:avg=0.00s,max=0.00s,p95=0.00s | bag_ocr_bag_name_roi_extract:avg=0.12s,max=0.18s,p95=0.18s | bag_ocr_bottle_angle_cls:avg=0.05s,max=0.05s,p95=0.05s | bag_ocr_bottle_angle_pred:avg=6.50s,max=8.00s,p95=8.00s | bag_ocr_mixed_rknn_det:avg=1.20s,max=1.21s,p95=1.21s | bag_ocr_mixed_rknn_det_infer:avg=1.03s,max=1.05s,p95=1.05s | bag_ocr_mixed_rknn_rec:avg=1.45s,max=1.46s,p95=1.46s | bag_ocr_mixed_text_regions:avg=46.00s,max=47.00s,p95=47.00s | bag_ocr_shuye_angle_cls:avg=0.03s,max=0.04s,p95=0.04s | bag_ocr_shuye_preprocess:avg=0.03s,max=0.03s,p95=0.03s | bag_total:avg=0.00s,max=0.00s,p95=0.00s | bottle_classify:avg=0.35s,max=0.43s,p95=0.43s | bottle_count:avg=6.00s,max=6.00s,p95=6.00s | bottle_match:avg=0.02s,max=0.03s,p95=0.03s | bottle_ocr_angle_cls:avg=0.19s,max=0.21s,p95=0.21s | bottle_ocr_bag_angle_cls:avg=0.01s,max=0.01s,p95=0.01s | bottle_ocr_bag_angle_pred:avg=0.00s,max=0.00s,p95=0.00s | bottle_ocr_bag_name_roi_extract:avg=0.12s,max=0.18s,p95=0.18s | bottle_ocr_bottle_angle_cls:avg=0.05s,max=0.05s,p95=0.05s | bottle_ocr_bottle_angle_pred:avg=7.67s,max=10.00s,p95=10.00s | bottle_ocr_mixed_rknn_det:avg=1.05s,max=1.21s,p95=1.21s | bottle_ocr_mixed_rknn_det_infer:avg=0.90s,max=1.05s,p95=1.05s | bottle_ocr_mixed_rknn_rec:avg=1.33s,max=1.46s,p95=1.46s | bottle_ocr_mixed_text_regions:avg=40.67s,max=47.00s,p95=47.00s | bottle_ocr_shuye_angle_cls:avg=0.03s,max=0.04s,p95=0.04s | bottle_ocr_shuye_preprocess:avg=0.03s,max=0.03s,p95=0.03s | bottle_total:avg=0.37s,max=0.45s,p95=0.45s | crop:avg=0.01s,max=0.01s,p95=0.01s | prepare_and_recognition:avg=2.95s,max=3.39s,p95=3.39s | recognition_tasks:avg=3.23s,max=3.67s,p95=3.67s | runtime_excluding_model_init:avg=3.23s,max=3.67s,p95=3.67s | select_sharpest:avg=0.27s,max=0.27s,p95=0.27s | shuye_count:avg=4.00s,max=4.00s,p95=4.00s | shuye_ocr_angle_cls:avg=0.13s,max=0.14s,p95=0.14s | shuye_ocr_bag_angle_cls:avg=0.01s,max=0.01s,p95=0.01s | shuye_ocr_bag_angle_pred:avg=0.00s,max=0.00s,p95=0.00s | shuye_ocr_bag_name_roi_extract:avg=0.12s,max=0.18s,p95=0.18s | shuye_ocr_bottle_angle_cls:avg=0.05s,max=0.05s,p95=0.05s | shuye_ocr_bottle_angle_pred:avg=7.67s,max=10.00s,p95=10.00s | shuye_ocr_mixed_rknn_det:avg=1.05s,max=1.21s,p95=1.21s | shuye_ocr_mixed_rknn_det_infer:avg=0.90s,max=1.05s,p95=1.05s | shuye_ocr_mixed_rknn_rec:avg=1.33s,max=1.46s,p95=1.46s | shuye_ocr_mixed_text_regions:avg=40.67s,max=47.00s,p95=47.00s | shuye_ocr_shuye_angle_cls:avg=0.03s,max=0.04s,p95=0.04s | shuye_ocr_shuye_preprocess:avg=0.03s,max=0.03s,p95=0.03s | shuye_total:avg=0.00s,max=0.00s,p95=0.00s | target_count:avg=10.67s,max=11.00s,p95=11.00s

[Step Timing Detail]
  batch: background_total=2.4635s | bag_count=0.0000s | bottle_classify=0.2088s | bottle_count=6.0000s | bottle_match=0.0264s | bottle_ocr_angle_cls=0.1930s | bottle_ocr_bottle_angle_cls=0.0494s | bottle_ocr_bottle_angle_pred=10.0000s | bottle_ocr_mixed_rknn_det=0.7594s | bottle_ocr_mixed_rknn_det_infer=0.6380s | bottle_ocr_mixed_rknn_rec=1.0847s | bottle_ocr_mixed_text_regions=30.0000s | bottle_ocr_shuye_angle_cls=0.0322s | bottle_ocr_shuye_preprocess=0.0267s | bottle_total=0.2356s | crop=0.0045s | prepare_and_recognition=2.1890s | recognition_tasks=2.4635s | runtime_excluding_model_init=2.4635s | select_sharpest=0.2700s | shuye_count=4.0000s | shuye_ocr_angle_cls=0.1286s | shuye_ocr_bottle_angle_cls=0.0494s | shuye_ocr_bottle_angle_pred=10.0000s | shuye_ocr_mixed_rknn_det=0.7594s | shuye_ocr_mixed_rknn_det_infer=0.6380s | shuye_ocr_mixed_rknn_rec=1.0847s | shuye_ocr_mixed_text_regions=30.0000s | shuye_ocr_shuye_angle_cls=0.0322s | shuye_ocr_shuye_preprocess=0.0267s | shuye_total=0.0000s | target_count=10.0000s
  bottle#1: status=ocr_empty, result=, timing: ocr_angle_cls=0.0322s | ocr_bottle_angle_cls=0.0494s | ocr_bottle_angle_pred=10.0000s | ocr_mixed_rknn_det=0.7594s | ocr_mixed_rknn_det_infer=0.6380s | ocr_mixed_rknn_rec=1.0847s | ocr_mixed_text_regions=30.0000s | ocr_shuye_angle_cls=0.0322s | ocr_shuye_preprocess=0.0267s | total=0.0000s
  bottle#2: status=done, result=注射用炎琥宁, timing: classify=0.0997s | match=0.0050s | ocr_angle_cls=0.0322s | ocr_bottle_angle_cls=0.0494s | ocr_bottle_angle_pred=10.0000s | ocr_mixed_rknn_det=0.7594s | ocr_mixed_rknn_det_infer=0.6380s | ocr_mixed_rknn_rec=1.0847s | ocr_mixed_text_regions=30.0000s | ocr_shuye_angle_cls=0.0322s | ocr_shuye_preprocess=0.0267s | total=0.1048s
    decision: weak_sift_override_rejected: predicted=注射用美罗培南, good=1, score=0.0029, ocr_top1=注射用炎琥宁
  bottle#3: status=no_candidates, result=, timing: match=0.0047s | ocr_angle_cls=0.0322s | ocr_bottle_angle_cls=0.0494s | ocr_bottle_angle_pred=10.0000s | ocr_mixed_rknn_det=0.7594s | ocr_mixed_rknn_det_infer=0.6380s | ocr_mixed_rknn_rec=1.0847s | ocr_mixed_text_regions=30.0000s | ocr_shuye_angle_cls=0.0322s | ocr_shuye_preprocess=0.0267s | total=0.0048s
  bottle#4: status=done, result=注射用头孢哌酮钠舒巴坦钠（2：1）, timing: classify=0.0722s | match=0.0041s | ocr_angle_cls=0.0322s | ocr_bottle_angle_cls=0.0494s | ocr_bottle_angle_pred=10.0000s | ocr_mixed_rknn_det=0.7594s | ocr_mixed_rknn_det_infer=0.6380s | ocr_mixed_rknn_rec=1.0847s | ocr_mixed_text_regions=30.0000s | ocr_shuye_angle_cls=0.0322s | ocr_shuye_preprocess=0.0267s | total=0.0764s
    decision: weak_sift_override_rejected: predicted=注射用头孢哌酮钠舒巴坦钠, good=1, score=0.0031, ocr_top1=注射用头孢哌酮钠舒巴坦钠（2：1）
  bottle#5: status=done, result=注射用门冬氨酸鸟氨酸, timing: classify=0.0368s | match=0.0126s | ocr_angle_cls=0.0322s | ocr_bottle_angle_cls=0.0494s | ocr_bottle_angle_pred=10.0000s | ocr_mixed_rknn_det=0.7594s | ocr_mixed_rknn_det_infer=0.6380s | ocr_mixed_rknn_rec=1.0847s | ocr_mixed_text_regions=30.0000s | ocr_shuye_angle_cls=0.0322s | ocr_shuye_preprocess=0.0267s | total=0.0496s
    decision: sift_agrees_with_ocr_top1
  bottle#6: status=ocr_empty, result=, timing: ocr_angle_cls=0.0322s | ocr_bottle_angle_cls=0.0494s | ocr_bottle_angle_pred=10.0000s | ocr_mixed_rknn_det=0.7594s | ocr_mixed_rknn_det_infer=0.6380s | ocr_mixed_rknn_rec=1.0847s | ocr_mixed_text_regions=30.0000s | ocr_shuye_angle_cls=0.0322s | ocr_shuye_preprocess=0.0267s | total=0.0000s
  shuye#1: status=ocr_empty, result=, timing: ocr_angle_cls=0.0322s | ocr_bottle_angle_cls=0.0494s | ocr_bottle_angle_pred=10.0000s | ocr_mixed_rknn_det=0.7594s | ocr_mixed_rknn_det_infer=0.6380s | ocr_mixed_rknn_rec=1.0847s | ocr_mixed_text_regions=30.0000s | ocr_shuye_angle_cls=0.0322s | ocr_shuye_preprocess=0.0267s | total=0.0000s
  shuye#2: status=partial, result=, timing: ocr_angle_cls=0.0322s | ocr_bottle_angle_cls=0.0494s | ocr_bottle_angle_pred=10.0000s | ocr_mixed_rknn_det=0.7594s | ocr_mixed_rknn_det_infer=0.6380s | ocr_mixed_rknn_rec=1.0847s | ocr_mixed_text_regions=30.0000s | ocr_shuye_angle_cls=0.0322s | ocr_shuye_preprocess=0.0267s | total=0.0000s
  shuye#3: status=partial, result=, timing: ocr_angle_cls=0.0322s | ocr_bottle_angle_cls=0.0494s | ocr_bottle_angle_pred=10.0000s | ocr_mixed_rknn_det=0.7594s | ocr_mixed_rknn_det_infer=0.6380s | ocr_mixed_rknn_rec=1.0847s | ocr_mixed_text_regions=30.0000s | ocr_shuye_angle_cls=0.0322s | ocr_shuye_preprocess=0.0267s | total=0.0000s
  shuye#4: status=partial, result=葡萄糖注射液, timing: ocr_angle_cls=0.0322s | ocr_bottle_angle_cls=0.0494s | ocr_bottle_angle_pred=10.0000s | ocr_mixed_rknn_det=0.7594s | ocr_mixed_rknn_det_infer=0.6380s | ocr_mixed_rknn_rec=1.0847s | ocr_mixed_text_regions=30.0000s | ocr_shuye_angle_cls=0.0322s | ocr_shuye_preprocess=0.0267s | total=0.0000s

[单线程顺序处理完成] 耗时: 2.46s, 完成任务: 10/10

============================================================
【处理结果汇总】
  药瓶: 6 个
  药袋: 0 个
  输液袋: 4 个
============================================================
  药瓶 2: 注射用炎琥宁 (方式: ocr_candidate_sift_rejected, 置信度: 0.0529)
  药瓶 4: 注射用头孢哌酮钠舒巴坦钠（2：1） (方式: ocr_candidate_sift_rejected, 置信度: 0.0377)
  药瓶 5: 注射用门冬氨酸鸟氨酸 (方式: sift_template, 置信度: 0.0684, SIFT good=6, score=0.0171)

🏥 识别药品（去重后）: ['注射用炎琥宁', '注射用头孢哌酮钠舒巴坦钠（2：1）', '注射用门冬氨酸鸟氨酸']

⚠️ 未识别到患者姓名
  输液袋 1: 液体=None, 浓度=None, 容量=None, 状态=ocr_empty
  输液袋 2: 液体=None, 浓度=5%, 容量=None, 状态=partial
  输液袋 3: 液体=None, 浓度=None, 容量=None, 状态=partial
  输液袋 4: 液体=葡萄糖注射液, 浓度=None, 容量=None, 状态=partial

💧 输液袋信息: [{'liquid': None, 'concentration': None, 'volume': None, 'raw_text': '', 'missing': ['liquid', 'concentration', 'volume'], 'status': 'ocr_empty'}, {'liquid': None, 'concentration': '5%', 'volume': None, 'raw_text': '供阶除注射成消注 液 5%）', 'missing': ['liquid', 'volume'], 'status': 'partial'}, {'liquid': None, 'concentration': None, 'volume': None, 'raw_text': 'Q8701313', 'missing': ['liquid', 'concentration', 'volume'], 'status': 'partial'}, {'liquid': '葡萄糖注射液', 'concentration': None, 'volume': None, 'raw_text': '供郁脉注 葡萄糖 Glucosel', 'missing': ['concentration', 'volume'], 'status': 'partial'}]
💧 输液袋结构化信息: [{'index': 0, 'liquid': None, 'concentration': None, 'volume': None, 'raw_text': '', 'status': 'ocr_empty'}, {'index': 1, 'liquid': None, 'concentration': '5%', 'volume': None, 'raw_text': '供阶除注射成消注 液 5%）', 'status': 'partial'}, {'index': 2, 'liquid': None, 'concentration': None, 'volume': None, 'raw_text': 'Q8701313', 'status': 'partial'}, {'index': 3, 'liquid': '葡萄糖注射液', 'concentration': None, 'volume': None, 'raw_text': '供郁脉注 葡萄糖 Glucosel', 'status': 'partial'}]

⚠️ 跳过数据库比对：缺少患者姓名/药品信息，或当前匹配器不支持数据库校验

⏱ 总耗时: 2.46s (多线程处理: 2.46s)
🔓 后台处理完成
[Detection Timing last 30] detect_batch:avg=0.59s,max=0.79s,p95=0.75s | detect_runtime_excluding_model_init:avg=0.59s,max=0.79s,p95=0.75s | fps:avg=1.71s,max=2.00s,p95=1.96s | frames:avg=1.00s,max=1.00s,p95=1.00s

⏰ 定时触发 → 后台线程已启动
最清晰帧: 批次 2/2 中的第 1 张
检测结果: 药袋 1 个, 药瓶 6 个, 输液袋 4 个

============================================================
[单线程顺序处理] 共 11 个任务: 药瓶 6, 药袋 1, 输液袋 4
============================================================
🔍 药品匹配模式，查询：盗摄松注射用实HusNsO7S1.0g
[警告] 以下药品未在缓存中找到: ['注射用头孢唑啉钠']
药瓶旋转
[特征提取耗时] 0.0422 秒
[分类耗时] 0.0940 秒
[警告] 以下药品未在缓存中找到: ['注射用头孢唑啉钠']
药瓶旋转
[特征提取耗时] 0.0314 秒
[分类耗时] 0.2049 秒
🔍 药品匹配模式，查询：吸门销舒巴超粉210062927/09
药瓶旋转
[特征提取耗时] 0.0285 秒
[分类耗时] 0.0421 秒
🔍 药品匹配模式，查询：业字H2006632图门氨酸马
药瓶旋转
[特征提取耗时] 0.0346 秒
[分类耗时] 0.0410 秒

[Timing Summary last 4] background_total:avg=3.29s,max=3.67s,p95=3.67s | bag_count:avg=0.75s,max=1.00s,p95=1.00s | bag_match:avg=0.00s,max=0.00s,p95=0.00s | bag_ocr_angle_cls:avg=0.03s,max=0.04s,p95=0.04s | bag_ocr_bag_angle_cls:avg=0.01s,max=0.01s,p95=0.01s | bag_ocr_bag_angle_pred:avg=0.00s,max=0.00s,p95=0.00s | bag_ocr_bag_name_roi_extract:avg=0.09s,max=0.18s,p95=0.18s | bag_ocr_bottle_angle_cls:avg=0.06s,max=0.07s,p95=0.07s | bag_ocr_bottle_angle_pred:avg=7.00s,max=8.00s,p95=8.00s | bag_ocr_mixed_rknn_det:avg=1.19s,max=1.21s,p95=1.21s | bag_ocr_mixed_rknn_det_infer:avg=1.01s,max=1.05s,p95=1.05s | bag_ocr_mixed_rknn_rec:avg=1.45s,max=1.46s,p95=1.46s | bag_ocr_mixed_text_regions:avg=46.33s,max=47.00s,p95=47.00s | bag_ocr_shuye_angle_cls:avg=0.03s,max=0.04s,p95=0.04s | bag_ocr_shuye_preprocess:avg=0.03s,max=0.03s,p95=0.03s | bag_total:avg=0.00s,max=0.00s,p95=0.00s | bottle_classify:avg=0.36s,max=0.43s,p95=0.43s | bottle_count:avg=6.00s,max=6.00s,p95=6.00s | bottle_match:avg=0.02s,max=0.03s,p95=0.03s | bottle_ocr_angle_cls:avg=0.20s,max=0.24s,p95=0.24s | bottle_ocr_bag_angle_cls:avg=0.01s,max=0.01s,p95=0.01s | bottle_ocr_bag_angle_pred:avg=0.00s,max=0.00s,p95=0.00s | bottle_ocr_bag_name_roi_extract:avg=0.09s,max=0.18s,p95=0.18s | bottle_ocr_bottle_angle_cls:avg=0.05s,max=0.07s,p95=0.07s | bottle_ocr_bottle_angle_pred:avg=7.75s,max=10.00s,p95=10.00s | bottle_ocr_mixed_rknn_det:avg=1.08s,max=1.21s,p95=1.21s | bottle_ocr_mixed_rknn_det_infer:avg=0.92s,max=1.05s,p95=1.05s | bottle_ocr_mixed_rknn_rec:avg=1.36s,max=1.46s,p95=1.46s | bottle_ocr_mixed_text_regions:avg=42.25s,max=47.00s,p95=47.00s | bottle_ocr_shuye_angle_cls:avg=0.03s,max=0.04s,p95=0.04s | bottle_ocr_shuye_preprocess:avg=0.03s,max=0.03s,p95=0.03s | bottle_total:avg=0.38s,max=0.45s,p95=0.45s | crop:avg=0.01s,max=0.01s,p95=0.01s | prepare_and_recognition:avg=3.01s,max=3.39s,p95=3.39s | recognition_tasks:avg=3.29s,max=3.67s,p95=3.67s | runtime_excluding_model_init:avg=3.29s,max=3.67s,p95=3.67s | select_sharpest:avg=0.27s,max=0.28s,p95=0.28s | shuye_count:avg=4.00s,max=4.00s,p95=4.00s | shuye_ocr_angle_cls:avg=0.14s,max=0.16s,p95=0.16s | shuye_ocr_bag_angle_cls:avg=0.01s,max=0.01s,p95=0.01s | shuye_ocr_bag_angle_pred:avg=0.00s,max=0.00s,p95=0.00s | shuye_ocr_bag_name_roi_extract:avg=0.09s,max=0.18s,p95=0.18s | shuye_ocr_bottle_angle_cls:avg=0.05s,max=0.07s,p95=0.07s | shuye_ocr_bottle_angle_pred:avg=7.75s,max=10.00s,p95=10.00s | shuye_ocr_mixed_rknn_det:avg=1.08s,max=1.21s,p95=1.21s | shuye_ocr_mixed_rknn_det_infer:avg=0.92s,max=1.05s,p95=1.05s | shuye_ocr_mixed_rknn_rec:avg=1.36s,max=1.46s,p95=1.46s | shuye_ocr_mixed_text_regions:avg=42.25s,max=47.00s,p95=47.00s | shuye_ocr_shuye_angle_cls:avg=0.03s,max=0.04s,p95=0.04s | shuye_ocr_shuye_preprocess:avg=0.03s,max=0.03s,p95=0.03s | shuye_total:avg=0.00s,max=0.00s,p95=0.00s | target_count:avg=10.75s,max=11.00s,p95=11.00s

[Step Timing Detail]
  batch: background_total=3.4831s | bag_count=1.0000s | bag_match=0.0000s | bag_ocr_angle_cls=0.0400s | bag_ocr_bag_angle_cls=0.0131s | bag_ocr_bag_angle_pred=0.0000s | bag_ocr_bag_name_roi_extract=0.0272s | bag_ocr_bottle_angle_cls=0.0738s | bag_ocr_bottle_angle_pred=8.0000s | bag_ocr_mixed_rknn_det=1.1596s | bag_ocr_mixed_rknn_det_infer=0.9808s | bag_ocr_mixed_rknn_rec=1.4541s | bag_ocr_mixed_text_regions=47.0000s | bag_ocr_shuye_angle_cls=0.0400s | bag_ocr_shuye_preprocess=0.0322s | bag_total=0.0000s | bottle_classify=0.3823s | bottle_count=6.0000s | bottle_match=0.0165s | bottle_ocr_angle_cls=0.2398s | bottle_ocr_bag_angle_cls=0.0131s | bottle_ocr_bag_angle_pred=0.0000s | bottle_ocr_bag_name_roi_extract=0.0272s | bottle_ocr_bottle_angle_cls=0.0738s | bottle_ocr_bottle_angle_pred=8.0000s | bottle_ocr_mixed_rknn_det=1.1596s | bottle_ocr_mixed_rknn_det_infer=0.9808s | bottle_ocr_mixed_rknn_rec=1.4541s | bottle_ocr_mixed_text_regions=47.0000s | bottle_ocr_shuye_angle_cls=0.0400s | bottle_ocr_shuye_preprocess=0.0322s | bottle_total=0.3993s | crop=0.0047s | prepare_and_recognition=3.2018s | recognition_tasks=3.4831s | runtime_excluding_model_init=3.4831s | select_sharpest=0.2765s | shuye_count=4.0000s | shuye_ocr_angle_cls=0.1599s | shuye_ocr_bag_angle_cls=0.0131s | shuye_ocr_bag_angle_pred=0.0000s | shuye_ocr_bag_name_roi_extract=0.0272s | shuye_ocr_bottle_angle_cls=0.0738s | shuye_ocr_bottle_angle_pred=8.0000s | shuye_ocr_mixed_rknn_det=1.1596s | shuye_ocr_mixed_rknn_det_infer=0.9808s | shuye_ocr_mixed_rknn_rec=1.4541s | shuye_ocr_mixed_text_regions=47.0000s | shuye_ocr_shuye_angle_cls=0.0400s | shuye_ocr_shuye_preprocess=0.0322s | shuye_total=0.0000s | target_count=11.0000s
  bag#1: status=done, result=['赵二虎'], timing: match=0.0000s | ocr_angle_cls=0.0400s | ocr_bag_angle_cls=0.0131s | ocr_bag_angle_pred=0.0000s | ocr_bag_name_roi_extract=0.0272s | ocr_bottle_angle_cls=0.0738s | ocr_bottle_angle_pred=8.0000s | ocr_mixed_rknn_det=1.1596s | ocr_mixed_rknn_det_infer=0.9808s | ocr_mixed_rknn_rec=1.4541s | ocr_mixed_text_regions=47.0000s | ocr_shuye_angle_cls=0.0400s | ocr_shuye_preprocess=0.0322s | total=0.0000s
  bottle#1: status=ocr_empty, result=, timing: ocr_angle_cls=0.0400s | ocr_bag_angle_cls=0.0131s | ocr_bag_angle_pred=0.0000s | ocr_bag_name_roi_extract=0.0272s | ocr_bottle_angle_cls=0.0738s | ocr_bottle_angle_pred=8.0000s | ocr_mixed_rknn_det=1.1596s | ocr_mixed_rknn_det_infer=0.9808s | ocr_mixed_rknn_rec=1.4541s | ocr_mixed_text_regions=47.0000s | ocr_shuye_angle_cls=0.0400s | ocr_shuye_preprocess=0.0322s | total=0.0000s
  bottle#2: status=done, result=注射用炎琥宁, timing: classify=0.0941s | match=0.0068s | ocr_angle_cls=0.0400s | ocr_bag_angle_cls=0.0131s | ocr_bag_angle_pred=0.0000s | ocr_bag_name_roi_extract=0.0272s | ocr_bottle_angle_cls=0.0738s | ocr_bottle_angle_pred=8.0000s | ocr_mixed_rknn_det=1.1596s | ocr_mixed_rknn_det_infer=0.9808s | ocr_mixed_rknn_rec=1.4541s | ocr_mixed_text_regions=47.0000s | ocr_shuye_angle_cls=0.0400s | ocr_shuye_preprocess=0.0322s | total=0.1010s
    decision: weak_sift_override_rejected: predicted=注射用美罗培南, good=3, score=0.0085, ocr_top1=注射用炎琥宁
  bottle#3: status=done, result=人免疫球蛋白, timing: classify=0.2050s | match=0.0000s | ocr_angle_cls=0.0400s | ocr_bag_angle_cls=0.0131s | ocr_bag_angle_pred=0.0000s | ocr_bag_name_roi_extract=0.0272s | ocr_bottle_angle_cls=0.0738s | ocr_bottle_angle_pred=8.0000s | ocr_mixed_rknn_det=1.1596s | ocr_mixed_rknn_det_infer=0.9808s | ocr_mixed_rknn_rec=1.4541s | ocr_mixed_text_regions=47.0000s | ocr_shuye_angle_cls=0.0400s | ocr_shuye_preprocess=0.0322s | total=0.2051s
    decision: weak_sift_override_rejected: predicted=注射用硫普罗宁, good=2, score=0.0052, ocr_top1=人免疫球蛋白
  bottle#4: status=done, result=注射用头孢哌酮钠舒巴坦钠（2：1）, timing: classify=0.0421s | match=0.0059s | ocr_angle_cls=0.0400s | ocr_bag_angle_cls=0.0131s | ocr_bag_angle_pred=0.0000s | ocr_bag_name_roi_extract=0.0272s | ocr_bottle_angle_cls=0.0738s | ocr_bottle_angle_pred=8.0000s | ocr_mixed_rknn_det=1.1596s | ocr_mixed_rknn_det_infer=0.9808s | ocr_mixed_rknn_rec=1.4541s | ocr_mixed_text_regions=47.0000s | ocr_shuye_angle_cls=0.0400s | ocr_shuye_preprocess=0.0322s | total=0.0482s
    decision: weak_sift_override_rejected: predicted=注射用头孢哌酮钠舒巴坦钠, good=1, score=0.0032, ocr_top1=注射用头孢哌酮钠舒巴坦钠（2：1）
  bottle#5: status=done, result=注射用门冬氨酸鸟氨酸, timing: classify=0.0411s | match=0.0038s | ocr_angle_cls=0.0400s | ocr_bag_angle_cls=0.0131s | ocr_bag_angle_pred=0.0000s | ocr_bag_name_roi_extract=0.0272s | ocr_bottle_angle_cls=0.0738s | ocr_bottle_angle_pred=8.0000s | ocr_mixed_rknn_det=1.1596s | ocr_mixed_rknn_det_infer=0.9808s | ocr_mixed_rknn_rec=1.4541s | ocr_mixed_text_regions=47.0000s | ocr_shuye_angle_cls=0.0400s | ocr_shuye_preprocess=0.0322s | total=0.0449s
    decision: sift_agrees_with_ocr_top1
  bottle#6: status=ocr_empty, result=, timing: ocr_angle_cls=0.0400s | ocr_bag_angle_cls=0.0131s | ocr_bag_angle_pred=0.0000s | ocr_bag_name_roi_extract=0.0272s | ocr_bottle_angle_cls=0.0738s | ocr_bottle_angle_pred=8.0000s | ocr_mixed_rknn_det=1.1596s | ocr_mixed_rknn_det_infer=0.9808s | ocr_mixed_rknn_rec=1.4541s | ocr_mixed_text_regions=47.0000s | ocr_shuye_angle_cls=0.0400s | ocr_shuye_preprocess=0.0322s | total=0.0000s
  shuye#1: status=ocr_empty, result=, timing: ocr_angle_cls=0.0400s | ocr_bag_angle_cls=0.0131s | ocr_bag_angle_pred=0.0000s | ocr_bag_name_roi_extract=0.0272s | ocr_bottle_angle_cls=0.0738s | ocr_bottle_angle_pred=8.0000s | ocr_mixed_rknn_det=1.1596s | ocr_mixed_rknn_det_infer=0.9808s | ocr_mixed_rknn_rec=1.4541s | ocr_mixed_text_regions=47.0000s | ocr_shuye_angle_cls=0.0400s | ocr_shuye_preprocess=0.0322s | total=0.0000s
  shuye#2: status=partial, result=, timing: ocr_angle_cls=0.0400s | ocr_bag_angle_cls=0.0131s | ocr_bag_angle_pred=0.0000s | ocr_bag_name_roi_extract=0.0272s | ocr_bottle_angle_cls=0.0738s | ocr_bottle_angle_pred=8.0000s | ocr_mixed_rknn_det=1.1596s | ocr_mixed_rknn_det_infer=0.9808s | ocr_mixed_rknn_rec=1.4541s | ocr_mixed_text_regions=47.0000s | ocr_shuye_angle_cls=0.0400s | ocr_shuye_preprocess=0.0322s | total=0.0000s
  shuye#3: status=partial, result=, timing: ocr_angle_cls=0.0400s | ocr_bag_angle_cls=0.0131s | ocr_bag_angle_pred=0.0000s | ocr_bag_name_roi_extract=0.0272s | ocr_bottle_angle_cls=0.0738s | ocr_bottle_angle_pred=8.0000s | ocr_mixed_rknn_det=1.1596s | ocr_mixed_rknn_det_infer=0.9808s | ocr_mixed_rknn_rec=1.4541s | ocr_mixed_text_regions=47.0000s | ocr_shuye_angle_cls=0.0400s | ocr_shuye_preprocess=0.0322s | total=0.0000s
  shuye#4: status=partial, result=葡萄糖注射液, timing: ocr_angle_cls=0.0400s | ocr_bag_angle_cls=0.0131s | ocr_bag_angle_pred=0.0000s | ocr_bag_name_roi_extract=0.0272s | ocr_bottle_angle_cls=0.0738s | ocr_bottle_angle_pred=8.0000s | ocr_mixed_rknn_det=1.1596s | ocr_mixed_rknn_det_infer=0.9808s | ocr_mixed_rknn_rec=1.4541s | ocr_mixed_text_regions=47.0000s | ocr_shuye_angle_cls=0.0400s | ocr_shuye_preprocess=0.0322s | total=0.0000s

[单线程顺序处理完成] 耗时: 3.48s, 完成任务: 11/11

============================================================
【处理结果汇总】
  药瓶: 6 个
  药袋: 1 个
  输液袋: 4 个
============================================================
  药瓶 2: 注射用炎琥宁 (方式: ocr_candidate_sift_rejected, 置信度: 0.0454)
  药瓶 3: 人免疫球蛋白 (方式: ocr_candidate_sift_rejected, 置信度: 0.0214)
  药瓶 4: 注射用头孢哌酮钠舒巴坦钠（2：1） (方式: ocr_candidate_sift_rejected, 置信度: 0.0345)
  药瓶 5: 注射用门冬氨酸鸟氨酸 (方式: sift_template, 置信度: 0.0677, SIFT good=6, score=0.0169)

🏥 识别药品（去重后）: ['注射用炎琥宁', '注射用头孢哌酮钠舒巴坦钠（2：1）', '注射用门冬氨酸鸟氨酸', '人免疫球蛋白']
  药袋 1: 患者 ['赵二虎']

👤 患者姓名: ['赵二虎']
  输液袋 1: 液体=None, 浓度=None, 容量=None, 状态=ocr_empty
  输液袋 2: 液体=None, 浓度=5%, 容量=None, 状态=partial
  输液袋 3: 液体=None, 浓度=None, 容量=None, 状态=partial
  输液袋 4: 液体=葡萄糖注射液, 浓度=None, 容量=None, 状态=partial

💧 输液袋信息: [{'liquid': None, 'concentration': None, 'volume': None, 'raw_text': '', 'missing': ['liquid', 'concentration', 'volume'], 'status': 'ocr_empty'}, {'liquid': None, 'concentration': '5%', 'volume': None, 'raw_text': '供物床注成消注 5%', 'missing': ['liquid', 'volume'], 'status': 'partial'}, {'liquid': None, 'concentration': None, 'volume': None, 'raw_text': '181701313', 'missing': ['liquid', 'concentration', 'volume'], 'status': 'partial'}, {'liquid': '葡萄糖注射液', 'concentration': None, 'volume': None, 'raw_text': '葡', 'missing': ['concentration', 'volume'], 'status': 'partial'}]
💧 输液袋结构化信息: [{'index': 0, 'liquid': None, 'concentration': None, 'volume': None, 'raw_text': '', 'status': 'ocr_empty'}, {'index': 1, 'liquid': None, 'concentration': '5%', 'volume': None, 'raw_text': '供物床注成消注 5%', 'status': 'partial'}, {'index': 2, 'liquid': None, 'concentration': None, 'volume': None, 'raw_text': '181701313', 'status': 'partial'}, {'index': 3, 'liquid': '葡萄糖注射液', 'concentration': None, 'volume': None, 'raw_text': '葡', 'status': 'partial'}]
利用“魏理想”作为测试病人

============================================================
【数据库匹配结果】
  患者: ['赵二虎']
  识别药品: ['注射用炎琥宁', '注射用头孢哌酮钠舒巴坦钠（2：1）', '注射用门冬氨酸鸟氨酸', '人免疫球蛋白']
  输液袋信息: [{'liquid': None, 'concentration': None, 'volume': None, 'raw_text': '', 'missing': ['liquid', 'concentration', 'volume'], 'status': 'ocr_empty'}, {'liquid': None, 'concentration': '5%', 'volume': None, 'raw_text': '供物床注成消注 5%', 'missing': ['liquid', 'volume'], 'status': 'partial'}, {'liquid': None, 'concentration': None, 'volume': None, 'raw_text': '181701313', 'missing': ['liquid', 'concentration', 'volume'], 'status': 'partial'}, {'liquid': '葡萄糖注射液', 'concentration': None, 'volume': None, 'raw_text': '葡', 'missing': ['concentration', 'volume'], 'status': 'partial'}]
  数据库药品: ['注射用艾司奥拉美拉唑钠', '破伤风人免疫球蛋白']
  ❌ 缺少: ['注射用炎琥宁', '注射用头孢哌酮钠舒巴坦钠（2：1）', '注射用门冬氨酸鸟氨酸', '人免疫球蛋白']
     多余: ['注射用艾司奥拉美拉唑钠', '破伤风人免疫球蛋白']
============================================================

⏱ 总耗时: 3.49s (多线程处理: 3.48s)
🔓 后台处理完成
✅ 完成！总帧数: 40
数据库已断开连接
