/home/forlinx/Models/Python2/lib/python3.9/site-packages/fuzzywuzzy/fuzz.py:11: UserWarning: Using slow pure-python SequenceMatcher. Install python-Levenshtein to remove this warning
  warnings.warn('Using slow pure-python SequenceMatcher. Install python-Levenshtein to remove this warning')
数据库连接成功
✅ 已加载 29 个药品名称
✅ 已加载 20 个患者名称
所有患者 ['魏理想', '魏理想', '魏理想', '魏理想', '魏理想', '魏理想', '魏理想', '魏理想', '魏理想', '魏理想', '魏理想', '魏理想', '魏理想', '魏理想', '魏理想', '魏理想', '魏理想', '魏理想', '魏理想', '魏理想']
W rknn-toolkit-lite2 version: 2.3.2
I RKNN: [08:59:34.209] RKNN Runtime Information, librknnrt version: 2.3.2 (429f97ae6b@2025-04-09T09:09:27)
I RKNN: [08:59:34.209] RKNN Driver Information, version: 0.9.8
I RKNN: [08:59:34.209] RKNN Model Information, version: 6, toolkit version: 2.3.2(compiler version: 2.3.2 (e045de294f@2025-04-07T19:48:25)), target: RKNPU v2, target platform: rk3588, framework name: ONNX, framework layout: NCHW, model inference type: dynamic_shape
[特征缓存] 已从 ./single_image_feature_cache.pkl 加载 29 种药品特征
[初始化完成] 已加载 29 种药品特征到内存
初始化 RKNN OCR 实例池...
W rknn-toolkit-lite2 version: 2.3.2
I RKNN: [08:59:34.304] RKNN Runtime Information, librknnrt version: 2.3.2 (429f97ae6b@2025-04-09T09:09:27)
I RKNN: [08:59:34.304] RKNN Driver Information, version: 0.9.8
I RKNN: [08:59:34.304] RKNN Model Information, version: 6, toolkit version: 2.3.2(compiler version: 2.3.2 (e045de294f@2025-04-07T19:48:25)), target: RKNPU v2, target platform: rk3588, framework name: ONNX, framework layout: NCHW, model inference type: dynamic_shape
W rknn-toolkit-lite2 version: 2.3.2
I RKNN: [08:59:34.442] RKNN Runtime Information, librknnrt version: 2.3.2 (429f97ae6b@2025-04-09T09:09:27)
I RKNN: [08:59:34.442] RKNN Driver Information, version: 0.9.8
I RKNN: [08:59:34.442] RKNN Model Information, version: 6, toolkit version: 2.3.2(compiler version: 2.3.2 (e045de294f@2025-04-07T19:48:25)), target: RKNPU v2, target platform: rk3588, framework name: ONNX, framework layout: NCHW, model inference type: dynamic_shape
W rknn-toolkit-lite2 version: 2.3.2
I RKNN: [08:59:34.602] RKNN Runtime Information, librknnrt version: 2.3.2 (429f97ae6b@2025-04-09T09:09:27)
I RKNN: [08:59:34.602] RKNN Driver Information, version: 0.9.8
I RKNN: [08:59:34.602] RKNN Model Information, version: 6, toolkit version: 2.3.2(compiler version: 2.3.2 (e045de294f@2025-04-07T19:48:25)), target: RKNPU v2, target platform: rk3588, framework name: ONNX, framework layout: NCHW, model inference type: dynamic_shape
RKNN OCR 初始化完成: 1 个实例
实时运行参数:
  recognition_workers: 1
  trigger_interval: 3.0
  max_frames: 45
  quiet_ocr: True
  headless: True
  ocr_instances: 1

============================================================
启动实时视频识别: YOLO + RKNN OCR + SIFT
============================================================
RTSP 参数:
{'username': 'admin', 'password': 'a1b2c3d4', 'ip_address': '192.168.254.5', 'port': '554', 'channel': '201'}
📋 OCR 模型分配:
  OCR/SIFT 后台识别: 单线程顺序处理
  实际 OCR 实例: 1 个
  使用第 1 个 OCR 实例处理所有药瓶/药袋/输液袋任务
  headless显示模式: True
RTSP: rtsp://admin:****@192.168.254.5:554/Streaming/Channels/201
🔄 正在连接 RTSP 流...
✅ RTSP连接成功！分辨率: 3840x2160, 帧率: 20.0
Connecting RTSP stream...
W rknn-toolkit-lite2 version: 2.3.2
I RKNN: [08:59:36.055] RKNN Runtime Information, librknnrt version: 2.3.2 (429f97ae6b@2025-04-09T09:09:27)
I RKNN: [08:59:36.055] RKNN Driver Information, version: 0.9.8
I RKNN: [08:59:36.056] RKNN Model Information, version: 6, toolkit version: 1.6.0+81f21f4d(compiler version: 1.6.0 (585b3edcf@2023-12-11T07:56:14)), target: RKNPU v2, target platform: rk3588, framework name: ONNX, framework layout: NCHW, model inference type: static_shape
W RKNN: [08:59:36.100] query RKNN_QUERY_INPUT_DYNAMIC_RANGE error, rknn model is static shape type, please export rknn with dynamic_shapes
W Query dynamic range failed. Ret code: RKNN_ERR_MODEL_INVALID. (If it is a static shape RKNN model, please ignore the above warning message.)
0

============================================================
🚀 实时目标检测已启动 YOLOv8 + 切片处理
  批量帧数: 1
  自动触发间隔: 3.0 秒
  按键: 'q'-退出  's'-截图  'r'-切换模式
============================================================


⏰ 定时触发 → 后台线程已启动
最清晰帧: 批次 2/2 中的第 1 张
检测结果: 药袋 1 个, 药瓶 5 个, 输液袋 2 个

============================================================
[单线程顺序处理] 共 8 个任务: 药瓶 5, 药袋 1, 输液袋 2
============================================================
🔍 药品匹配模式，查询：安准文号】国药准字H196谢用头孢曲松钠aoneodiumforInjection邦制电
药瓶旋转
[特征提取耗时] 0.0716 秒
[分类耗时] 0.1114 秒
🔍 药品匹配模式，查询：PIRTATEFORINJECTION[产品业有限公司【有效期里注射用头独
药瓶旋转
[特征提取耗时] 0.0478 秒
[分类耗时] 0.1257 秒
🔍 药品匹配模式，查询：1.0g移种维生素（12sminforInjection(t2
药瓶旋转
[特征提取耗时] 0.0324 秒
[分类耗时] 0.0497 秒
🔍 药品匹配模式，查询：山西慧德药业有限行注射用炎琥宁C502006F12027年01月
药瓶旋转
[特征提取耗时] 0.0521 秒
[分类耗时] 0.1553 秒
🔍 药品匹配模式，查询：e哈尔滨珍宝中司赵三42-27赵二虎42217511床09-23
⚠️ 未找到匹配结果,返回所有药品名称
药瓶旋转
[特征提取耗时] 0.0417 秒
[分类耗时] 0.2088 秒
🔍 患者匹配模式，查询：赵二虎

[Timing Summary last 1] background_total:avg=3.73s,max=3.73s,p95=3.73s | bag_count:avg=1.00s,max=1.00s,p95=1.00s | bag_match:avg=0.00s,max=0.00s,p95=0.00s | bag_ocr_angle_cls:avg=0.02s,max=0.02s,p95=0.02s | bag_ocr_bag_angle_cls:avg=0.01s,max=0.01s,p95=0.01s | bag_ocr_bag_angle_pred:avg=0.00s,max=0.00s,p95=0.00s | bag_ocr_bag_name_roi_extract:avg=0.18s,max=0.18s,p95=0.18s | bag_ocr_bottle_angle_cls:avg=0.05s,max=0.05s,p95=0.05s | bag_ocr_bottle_angle_pred:avg=9.00s,max=9.00s,p95=9.00s | bag_ocr_mixed_rknn_det:avg=0.98s,max=0.98s,p95=0.98s | bag_ocr_mixed_rknn_det_infer:avg=0.76s,max=0.76s,p95=0.76s | bag_ocr_mixed_rknn_rec:avg=1.53s,max=1.53s,p95=1.53s | bag_ocr_mixed_text_regions:avg=58.00s,max=58.00s,p95=58.00s | bag_ocr_shuye_angle_cls:avg=0.02s,max=0.02s,p95=0.02s | bag_ocr_shuye_preprocess:avg=0.02s,max=0.02s,p95=0.02s | bag_total:avg=0.00s,max=0.00s,p95=0.00s | bottle_classify:avg=0.65s,max=0.65s,p95=0.65s | bottle_count:avg=5.00s,max=5.00s,p95=5.00s | bottle_match:avg=0.03s,max=0.03s,p95=0.03s | bottle_ocr_angle_cls:avg=0.08s,max=0.08s,p95=0.08s | bottle_ocr_bag_angle_cls:avg=0.04s,max=0.04s,p95=0.04s | bottle_ocr_bag_angle_pred:avg=0.00s,max=0.00s,p95=0.00s | bottle_ocr_bag_name_roi_extract:avg=0.90s,max=0.90s,p95=0.90s | bottle_ocr_bottle_angle_cls:avg=0.25s,max=0.25s,p95=0.25s | bottle_ocr_bottle_angle_pred:avg=45.00s,max=45.00s,p95=45.00s | bottle_ocr_mixed_rknn_det:avg=4.89s,max=4.89s,p95=4.89s | bottle_ocr_mixed_rknn_det_infer:avg=3.81s,max=3.81s,p95=3.81s | bottle_ocr_mixed_rknn_rec:avg=7.66s,max=7.66s,p95=7.66s | bottle_ocr_mixed_text_regions:avg=290.00s,max=290.00s,p95=290.00s | bottle_ocr_shuye_angle_cls:avg=0.08s,max=0.08s,p95=0.08s | bottle_ocr_shuye_preprocess:avg=0.09s,max=0.09s,p95=0.09s | bottle_total:avg=0.68s,max=0.68s,p95=0.68s | crop:avg=0.00s,max=0.00s,p95=0.00s | prepare_and_recognition:avg=3.46s,max=3.46s,p95=3.46s | recognition_tasks:avg=3.73s,max=3.73s,p95=3.73s | runtime_excluding_model_init:avg=3.73s,max=3.73s,p95=3.73s | select_sharpest:avg=0.27s,max=0.27s,p95=0.27s | shuye_count:avg=2.00s,max=2.00s,p95=2.00s | shuye_ocr_angle_cls:avg=0.03s,max=0.03s,p95=0.03s | shuye_ocr_bag_angle_cls:avg=0.01s,max=0.01s,p95=0.01s | shuye_ocr_bag_angle_pred:avg=0.00s,max=0.00s,p95=0.00s | shuye_ocr_bag_name_roi_extract:avg=0.36s,max=0.36s,p95=0.36s | shuye_ocr_bottle_angle_cls:avg=0.10s,max=0.10s,p95=0.10s | shuye_ocr_bottle_angle_pred:avg=18.00s,max=18.00s,p95=18.00s | shuye_ocr_mixed_rknn_det:avg=1.96s,max=1.96s,p95=1.96s | shuye_ocr_mixed_rknn_det_infer:avg=1.53s,max=1.53s,p95=1.53s | shuye_ocr_mixed_rknn_rec:avg=3.07s,max=3.07s,p95=3.07s | shuye_ocr_mixed_text_regions:avg=116.00s,max=116.00s,p95=116.00s | shuye_ocr_shuye_angle_cls:avg=0.03s,max=0.03s,p95=0.03s | shuye_ocr_shuye_preprocess:avg=0.04s,max=0.04s,p95=0.04s | shuye_total:avg=0.00s,max=0.00s,p95=0.00s | target_count:avg=8.00s,max=8.00s,p95=8.00s

[Step Timing Detail]
  batch: background_total=3.7337s | bag_count=1.0000s | bag_match=0.0006s | bag_ocr_angle_cls=0.0166s | bag_ocr_bag_angle_cls=0.0074s | bag_ocr_bag_angle_pred=0.0000s | bag_ocr_bag_name_roi_extract=0.1802s | bag_ocr_bottle_angle_cls=0.0495s | bag_ocr_bottle_angle_pred=9.0000s | bag_ocr_mixed_rknn_det=0.9783s | bag_ocr_mixed_rknn_det_infer=0.7629s | bag_ocr_mixed_rknn_rec=1.5326s | bag_ocr_mixed_text_regions=58.0000s | bag_ocr_shuye_angle_cls=0.0167s | bag_ocr_shuye_preprocess=0.0185s | bag_total=0.0007s | bottle_classify=0.6516s | bottle_count=5.0000s | bottle_match=0.0266s | bottle_ocr_angle_cls=0.0831s | bottle_ocr_bag_angle_cls=0.0370s | bottle_ocr_bag_angle_pred=0.0000s | bottle_ocr_bag_name_roi_extract=0.9011s | bottle_ocr_bottle_angle_cls=0.2477s | bottle_ocr_bottle_angle_pred=45.0000s | bottle_ocr_mixed_rknn_det=4.8914s | bottle_ocr_mixed_rknn_det_infer=3.8147s | bottle_ocr_mixed_rknn_rec=7.6630s | bottle_ocr_mixed_text_regions=290.0000s | bottle_ocr_shuye_angle_cls=0.0833s | bottle_ocr_shuye_preprocess=0.0926s | bottle_total=0.6785s | crop=0.0035s | prepare_and_recognition=3.4634s | recognition_tasks=3.7337s | runtime_excluding_model_init=3.7337s | select_sharpest=0.2667s | shuye_count=2.0000s | shuye_ocr_angle_cls=0.0333s | shuye_ocr_bag_angle_cls=0.0148s | shuye_ocr_bag_angle_pred=0.0000s | shuye_ocr_bag_name_roi_extract=0.3604s | shuye_ocr_bottle_angle_cls=0.0991s | shuye_ocr_bottle_angle_pred=18.0000s | shuye_ocr_mixed_rknn_det=1.9566s | shuye_ocr_mixed_rknn_det_infer=1.5259s | shuye_ocr_mixed_rknn_rec=3.0652s | shuye_ocr_mixed_text_regions=116.0000s | shuye_ocr_shuye_angle_cls=0.0333s | shuye_ocr_shuye_preprocess=0.0371s | shuye_total=0.0000s | target_count=8.0000s
  bag#1: status=done, result=['赵二虎'], timing: match=0.0006s | ocr_angle_cls=0.0166s | ocr_bag_angle_cls=0.0074s | ocr_bag_angle_pred=0.0000s | ocr_bag_name_roi_extract=0.1802s | ocr_bottle_angle_cls=0.0495s | ocr_bottle_angle_pred=9.0000s | ocr_mixed_rknn_det=0.9783s | ocr_mixed_rknn_det_infer=0.7629s | ocr_mixed_rknn_rec=1.5326s | ocr_mixed_text_regions=58.0000s | ocr_shuye_angle_cls=0.0167s | ocr_shuye_preprocess=0.0185s | total=0.0007s
  bottle#1: status=done, result=注射用头孢曲松钠, timing: classify=0.1116s | match=0.0085s | ocr_angle_cls=0.0166s | ocr_bag_angle_cls=0.0074s | ocr_bag_angle_pred=0.0000s | ocr_bag_name_roi_extract=0.1802s | ocr_bottle_angle_cls=0.0495s | ocr_bottle_angle_pred=9.0000s | ocr_mixed_rknn_det=0.9783s | ocr_mixed_rknn_det_infer=0.7629s | ocr_mixed_rknn_rec=1.5326s | ocr_mixed_text_regions=58.0000s | ocr_shuye_angle_cls=0.0167s | ocr_shuye_preprocess=0.0185s | total=0.1202s
    decision: sift_agrees_with_ocr_top1
  bottle#2: status=done, result=注射用头孢他啶, timing: classify=0.1259s | match=0.0048s | ocr_angle_cls=0.0166s | ocr_bag_angle_cls=0.0074s | ocr_bag_angle_pred=0.0000s | ocr_bag_name_roi_extract=0.1802s | ocr_bottle_angle_cls=0.0495s | ocr_bottle_angle_pred=9.0000s | ocr_mixed_rknn_det=0.9783s | ocr_mixed_rknn_det_infer=0.7629s | ocr_mixed_rknn_rec=1.5326s | ocr_mixed_text_regions=58.0000s | ocr_shuye_angle_cls=0.0167s | ocr_shuye_preprocess=0.0185s | total=0.1307s
    decision: weak_sift_override_rejected: predicted=注射用硫普罗宁, good=1, score=0.0026, ocr_top1=注射用头孢他啶
  bottle#3: status=done, result=注射用多种维生素, timing: classify=0.0498s | match=0.0037s | ocr_angle_cls=0.0166s | ocr_bag_angle_cls=0.0074s | ocr_bag_angle_pred=0.0000s | ocr_bag_name_roi_extract=0.1802s | ocr_bottle_angle_cls=0.0495s | ocr_bottle_angle_pred=9.0000s | ocr_mixed_rknn_det=0.9783s | ocr_mixed_rknn_det_infer=0.7629s | ocr_mixed_rknn_rec=1.5326s | ocr_mixed_text_regions=58.0000s | ocr_shuye_angle_cls=0.0167s | ocr_shuye_preprocess=0.0185s | total=0.0535s
    decision: sift_agrees_with_ocr_top1
  bottle#4: status=done, result=注射用炎琥宁, timing: classify=0.1555s | match=0.0048s | ocr_angle_cls=0.0166s | ocr_bag_angle_cls=0.0074s | ocr_bag_angle_pred=0.0000s | ocr_bag_name_roi_extract=0.1802s | ocr_bottle_angle_cls=0.0495s | ocr_bottle_angle_pred=9.0000s | ocr_mixed_rknn_det=0.9783s | ocr_mixed_rknn_det_infer=0.7629s | ocr_mixed_rknn_rec=1.5326s | ocr_mixed_text_regions=58.0000s | ocr_shuye_angle_cls=0.0167s | ocr_shuye_preprocess=0.0185s | total=0.1603s
    decision: weak_sift_override_rejected: predicted=注射用多种维生素, good=2, score=0.0059, ocr_top1=注射用炎琥宁
  bottle#5: status=done, result=人免疫球蛋白, timing: classify=0.2089s | match=0.0048s | ocr_angle_cls=0.0166s | ocr_bag_angle_cls=0.0074s | ocr_bag_angle_pred=0.0000s | ocr_bag_name_roi_extract=0.1802s | ocr_bottle_angle_cls=0.0495s | ocr_bottle_angle_pred=9.0000s | ocr_mixed_rknn_det=0.9783s | ocr_mixed_rknn_det_infer=0.7629s | ocr_mixed_rknn_rec=1.5326s | ocr_mixed_text_regions=58.0000s | ocr_shuye_angle_cls=0.0167s | ocr_shuye_preprocess=0.0185s | total=0.2137s
    decision: weak_sift_override_rejected: predicted=注射用炎琥宁, good=1, score=0.0029, ocr_top1=人免疫球蛋白
  shuye#1: status=ocr_empty, result=, timing: ocr_angle_cls=0.0166s | ocr_bag_angle_cls=0.0074s | ocr_bag_angle_pred=0.0000s | ocr_bag_name_roi_extract=0.1802s | ocr_bottle_angle_cls=0.0495s | ocr_bottle_angle_pred=9.0000s | ocr_mixed_rknn_det=0.9783s | ocr_mixed_rknn_det_infer=0.7629s | ocr_mixed_rknn_rec=1.5326s | ocr_mixed_text_regions=58.0000s | ocr_shuye_angle_cls=0.0167s | ocr_shuye_preprocess=0.0185s | total=0.0000s
  shuye#2: status=ocr_empty, result=, timing: ocr_angle_cls=0.0166s | ocr_bag_angle_cls=0.0074s | ocr_bag_angle_pred=0.0000s | ocr_bag_name_roi_extract=0.1802s | ocr_bottle_angle_cls=0.0495s | ocr_bottle_angle_pred=9.0000s | ocr_mixed_rknn_det=0.9783s | ocr_mixed_rknn_det_infer=0.7629s | ocr_mixed_rknn_rec=1.5326s | ocr_mixed_text_regions=58.0000s | ocr_shuye_angle_cls=0.0167s | ocr_shuye_preprocess=0.0185s | total=0.0000s

[单线程顺序处理完成] 耗时: 3.73s, 完成任务: 8/8

============================================================
【处理结果汇总】
  药瓶: 5 个
  药袋: 1 个
  输液袋: 2 个
============================================================
  药瓶 1: 注射用头孢曲松钠 (方式: sift_template, 置信度: 0.0473, SIFT good=5, score=0.0127)
  药瓶 2: 注射用头孢他啶 (方式: ocr_candidate_sift_rejected, 置信度: 0.0526)
  药瓶 3: 注射用多种维生素 (方式: sift_template, 置信度: 0.0328, SIFT good=2, score=0.0059)
  药瓶 4: 注射用炎琥宁 (方式: ocr_candidate_sift_rejected, 置信度: 0.0361)
  药瓶 5: 人免疫球蛋白 (方式: ocr_candidate_sift_rejected, 置信度: 0.0199)

🏥 识别药品（去重后）: ['注射用头孢曲松钠', '注射用头孢他啶', '人免疫球蛋白', '注射用多种维生素', '注射用炎琥宁']
  药袋 1: 患者 ['赵二虎']

👤 患者姓名: ['赵二虎']
  输液袋 1: 液体=None, 浓度=None, 容量=None, 状态=ocr_empty
  输液袋 2: 液体=None, 浓度=None, 容量=None, 状态=ocr_empty

💧 输液袋信息: [{'liquid': None, 'concentration': None, 'volume': None, 'raw_text': '', 'missing': ['liquid', 'concentration', 'volume'], 'status': 'ocr_empty'}, {'liquid': None, 'concentration': None, 'volume': None, 'raw_text': '', 'missing': ['liquid', 'concentration', 'volume'], 'status': 'ocr_empty'}]
💧 输液袋结构化信息: [{'index': 0, 'liquid': None, 'concentration': None, 'volume': None, 'raw_text': '', 'status': 'ocr_empty'}, {'index': 1, 'liquid': None, 'concentration': None, 'volume': None, 'raw_text': '', 'status': 'ocr_empty'}]
利用“魏理想”作为测试病人

============================================================
【数据库匹配结果】
  患者: ['赵二虎']
  识别药品: ['注射用头孢曲松钠', '注射用头孢他啶', '人免疫球蛋白', '注射用多种维生素', '注射用炎琥宁']
  输液袋信息: [{'liquid': None, 'concentration': None, 'volume': None, 'raw_text': '', 'missing': ['liquid', 'concentration', 'volume'], 'status': 'ocr_empty'}, {'liquid': None, 'concentration': None, 'volume': None, 'raw_text': '', 'missing': ['liquid', 'concentration', 'volume'], 'status': 'ocr_empty'}]
  数据库药品: ['注射用头孢曲松钠', '注射用头孢西丁钠']
  ❌ 缺少: ['注射用头孢他啶', '人免疫球蛋白', '注射用多种维生素', '注射用炎琥宁']
     多余: ['注射用头孢西丁钠']
============================================================

⏱ 总耗时: 3.74s (多线程处理: 3.73s)
🔓 后台处理完成
✅ 完成！总帧数: 45
数据库已断开连接
