/home/forlinx/Models/Python2/lib/python3.9/site-packages/fuzzywuzzy/fuzz.py:11: UserWarning: Using slow pure-python SequenceMatcher. Install python-Levenshtein to remove this warning
  warnings.warn('Using slow pure-python SequenceMatcher. Install python-Levenshtein to remove this warning')
数据库连接成功
✅ 已加载 29 个药品名称
✅ 已加载 20 个患者名称
所有患者 ['魏理想', '魏理想', '魏理想', '魏理想', '魏理想', '魏理想', '魏理想', '魏理想', '魏理想', '魏理想', '魏理想', '魏理想', '魏理想', '魏理想', '魏理想', '魏理想', '魏理想', '魏理想', '魏理想', '魏理想']
W rknn-toolkit-lite2 version: 2.3.2
I RKNN: [09:02:04.072] RKNN Runtime Information, librknnrt version: 2.3.2 (429f97ae6b@2025-04-09T09:09:27)
I RKNN: [09:02:04.072] RKNN Driver Information, version: 0.9.8
I RKNN: [09:02:04.072] RKNN Model Information, version: 6, toolkit version: 2.3.2(compiler version: 2.3.2 (e045de294f@2025-04-07T19:48:25)), target: RKNPU v2, target platform: rk3588, framework name: ONNX, framework layout: NCHW, model inference type: dynamic_shape
[特征缓存] 已从 ./single_image_feature_cache.pkl 加载 29 种药品特征
[初始化完成] 已加载 29 种药品特征到内存
初始化 RKNN OCR 实例池...
W rknn-toolkit-lite2 version: 2.3.2
I RKNN: [09:02:04.168] RKNN Runtime Information, librknnrt version: 2.3.2 (429f97ae6b@2025-04-09T09:09:27)
I RKNN: [09:02:04.168] RKNN Driver Information, version: 0.9.8
I RKNN: [09:02:04.169] RKNN Model Information, version: 6, toolkit version: 2.3.2(compiler version: 2.3.2 (e045de294f@2025-04-07T19:48:25)), target: RKNPU v2, target platform: rk3588, framework name: ONNX, framework layout: NCHW, model inference type: dynamic_shape
W rknn-toolkit-lite2 version: 2.3.2
I RKNN: [09:02:04.340] RKNN Runtime Information, librknnrt version: 2.3.2 (429f97ae6b@2025-04-09T09:09:27)
I RKNN: [09:02:04.340] RKNN Driver Information, version: 0.9.8
I RKNN: [09:02:04.340] RKNN Model Information, version: 6, toolkit version: 2.3.2(compiler version: 2.3.2 (e045de294f@2025-04-07T19:48:25)), target: RKNPU v2, target platform: rk3588, framework name: ONNX, framework layout: NCHW, model inference type: dynamic_shape
W rknn-toolkit-lite2 version: 2.3.2
I RKNN: [09:02:04.509] RKNN Runtime Information, librknnrt version: 2.3.2 (429f97ae6b@2025-04-09T09:09:27)
I RKNN: [09:02:04.509] RKNN Driver Information, version: 0.9.8
I RKNN: [09:02:04.509] RKNN Model Information, version: 6, toolkit version: 2.3.2(compiler version: 2.3.2 (e045de294f@2025-04-07T19:48:25)), target: RKNPU v2, target platform: rk3588, framework name: ONNX, framework layout: NCHW, model inference type: dynamic_shape
RKNN OCR 初始化完成: 1 个实例
实时运行参数:
  recognition_workers: 1
  trigger_interval: 3.0
  max_frames: 45
  quiet_ocr: True
  headless: True
  ocr_instances: 1

============================================================
启动实时视频识别: YOLO + RKNN OCR + SIFT
============================================================
RTSP 参数:
{'username': 'admin', 'password': 'a1b2c3d4', 'ip_address': '192.168.254.5', 'port': '554', 'channel': '201'}
📋 OCR 模型分配:
  OCR/SIFT 后台识别: 单线程顺序处理
  实际 OCR 实例: 1 个
  使用第 1 个 OCR 实例处理所有药瓶/药袋/输液袋任务
  headless显示模式: True
RTSP: rtsp://admin:****@192.168.254.5:554/Streaming/Channels/201
🔄 正在连接 RTSP 流...
✅ RTSP连接成功！分辨率: 3840x2160, 帧率: 20.0
Connecting RTSP stream...
W rknn-toolkit-lite2 version: 2.3.2
I RKNN: [09:02:06.010] RKNN Runtime Information, librknnrt version: 2.3.2 (429f97ae6b@2025-04-09T09:09:27)
I RKNN: [09:02:06.010] RKNN Driver Information, version: 0.9.8
I RKNN: [09:02:06.010] RKNN Model Information, version: 6, toolkit version: 1.6.0+81f21f4d(compiler version: 1.6.0 (585b3edcf@2023-12-11T07:56:14)), target: RKNPU v2, target platform: rk3588, framework name: ONNX, framework layout: NCHW, model inference type: static_shape
W RKNN: [09:02:06.046] query RKNN_QUERY_INPUT_DYNAMIC_RANGE error, rknn model is static shape type, please export rknn with dynamic_shapes
W Query dynamic range failed. Ret code: RKNN_ERR_MODEL_INVALID. (If it is a static shape RKNN model, please ignore the above warning message.)
0

============================================================
🚀 实时目标检测已启动 YOLOv8 + 切片处理
  批量帧数: 1
  自动触发间隔: 3.0 秒
  按键: 'q'-退出  's'-截图  'r'-切换模式
============================================================


⏰ 定时触发 → 后台线程已启动
最清晰帧: 批次 1/2 中的第 1 张
检测结果: 药袋 1 个, 药瓶 5 个, 输液袋 2 个

============================================================
[单线程顺序处理] 共 8 个任务: 药瓶 5, 药袋 1, 输液袋 2
============================================================
🔍 药品匹配模式，查询：菜电SS20060632门冬氨酸鸟氨酸GUTATEFORINJECTION[P品批业有限公司【有效划里
药瓶旋转
[特征提取耗时] 0.0341 秒
[分类耗时] 0.0386 秒
🔍 药品匹配模式，查询：注射用头抢1.0g电上S1
药瓶旋转
[特征提取耗时] 0.0634 秒
[分类耗时] 0.1134 秒
🔍 药品匹配模式，查询：山西慧德药业有限公注射用炎琥宁C502006F2
药瓶旋转
[特征提取耗时] 0.0415 秒
[分类耗时] 0.0852 秒
🔍 药品匹配模式，查询：2027年01月哈尔滨珍贸电赵三42-2
⚠️ 未找到匹配结果,返回所有药品名称
药瓶旋转
[特征提取耗时] 0.0298 秒
[分类耗时] 0.2364 秒
🔍 药品匹配模式，查询：赵二虎42217511床09-23氨化物注射液(生理盐水)2赵二虎
药瓶旋转
[特征提取耗时] 0.0298 秒
[分类耗时] 0.0523 秒
🔍 患者匹配模式，查询：赵二虎

[Timing Summary last 1] background_total:avg=3.85s,max=3.85s,p95=3.85s | bag_count:avg=1.00s,max=1.00s,p95=1.00s | bag_match:avg=0.00s,max=0.00s,p95=0.00s | bag_ocr_angle_cls:avg=0.02s,max=0.02s,p95=0.02s | bag_ocr_bag_angle_cls:avg=0.02s,max=0.02s,p95=0.02s | bag_ocr_bag_angle_pred:avg=0.00s,max=0.00s,p95=0.00s | bag_ocr_bag_name_roi_extract:avg=0.18s,max=0.18s,p95=0.18s | bag_ocr_bottle_angle_cls:avg=0.04s,max=0.04s,p95=0.04s | bag_ocr_bottle_angle_pred:avg=9.00s,max=9.00s,p95=9.00s | bag_ocr_mixed_rknn_det:avg=0.88s,max=0.88s,p95=0.88s | bag_ocr_mixed_rknn_det_infer:avg=0.74s,max=0.74s,p95=0.74s | bag_ocr_mixed_rknn_rec:avg=1.85s,max=1.85s,p95=1.85s | bag_ocr_mixed_text_regions:avg=64.00s,max=64.00s,p95=64.00s | bag_ocr_shuye_angle_cls:avg=0.02s,max=0.02s,p95=0.02s | bag_ocr_shuye_preprocess:avg=0.02s,max=0.02s,p95=0.02s | bag_total:avg=0.00s,max=0.00s,p95=0.00s | bottle_classify:avg=0.53s,max=0.53s,p95=0.53s | bottle_count:avg=5.00s,max=5.00s,p95=5.00s | bottle_match:avg=0.03s,max=0.03s,p95=0.03s | bottle_ocr_angle_cls:avg=0.08s,max=0.08s,p95=0.08s | bottle_ocr_bag_angle_cls:avg=0.02s,max=0.02s,p95=0.02s | bottle_ocr_bag_angle_pred:avg=0.00s,max=0.00s,p95=0.00s | bottle_ocr_bag_name_roi_extract:avg=0.18s,max=0.18s,p95=0.18s | bottle_ocr_bottle_angle_cls:avg=0.04s,max=0.04s,p95=0.04s | bottle_ocr_bottle_angle_pred:avg=9.00s,max=9.00s,p95=9.00s | bottle_ocr_mixed_rknn_det:avg=0.88s,max=0.88s,p95=0.88s | bottle_ocr_mixed_rknn_det_infer:avg=0.74s,max=0.74s,p95=0.74s | bottle_ocr_mixed_rknn_rec:avg=1.85s,max=1.85s,p95=1.85s | bottle_ocr_mixed_text_regions:avg=64.00s,max=64.00s,p95=64.00s | bottle_ocr_shuye_angle_cls:avg=0.02s,max=0.02s,p95=0.02s | bottle_ocr_shuye_preprocess:avg=0.02s,max=0.02s,p95=0.02s | bottle_total:avg=0.55s,max=0.55s,p95=0.55s | crop:avg=0.00s,max=0.00s,p95=0.00s | prepare_and_recognition:avg=3.56s,max=3.56s,p95=3.56s | recognition_tasks:avg=3.85s,max=3.85s,p95=3.85s | runtime_excluding_model_init:avg=3.85s,max=3.85s,p95=3.85s | select_sharpest:avg=0.28s,max=0.28s,p95=0.28s | shuye_count:avg=2.00s,max=2.00s,p95=2.00s | shuye_ocr_angle_cls:avg=0.03s,max=0.03s,p95=0.03s | shuye_ocr_bag_angle_cls:avg=0.02s,max=0.02s,p95=0.02s | shuye_ocr_bag_angle_pred:avg=0.00s,max=0.00s,p95=0.00s | shuye_ocr_bag_name_roi_extract:avg=0.18s,max=0.18s,p95=0.18s | shuye_ocr_bottle_angle_cls:avg=0.04s,max=0.04s,p95=0.04s | shuye_ocr_bottle_angle_pred:avg=9.00s,max=9.00s,p95=9.00s | shuye_ocr_mixed_rknn_det:avg=0.88s,max=0.88s,p95=0.88s | shuye_ocr_mixed_rknn_det_infer:avg=0.74s,max=0.74s,p95=0.74s | shuye_ocr_mixed_rknn_rec:avg=1.85s,max=1.85s,p95=1.85s | shuye_ocr_mixed_text_regions:avg=64.00s,max=64.00s,p95=64.00s | shuye_ocr_shuye_angle_cls:avg=0.02s,max=0.02s,p95=0.02s | shuye_ocr_shuye_preprocess:avg=0.02s,max=0.02s,p95=0.02s | shuye_total:avg=0.00s,max=0.00s,p95=0.00s | target_count:avg=8.00s,max=8.00s,p95=8.00s

[Step Timing Detail]
  batch: background_total=3.8520s | bag_count=1.0000s | bag_match=0.0006s | bag_ocr_angle_cls=0.0154s | bag_ocr_bag_angle_cls=0.0224s | bag_ocr_bag_angle_pred=0.0000s | bag_ocr_bag_name_roi_extract=0.1773s | bag_ocr_bottle_angle_cls=0.0416s | bag_ocr_bottle_angle_pred=9.0000s | bag_ocr_mixed_rknn_det=0.8788s | bag_ocr_mixed_rknn_det_infer=0.7423s | bag_ocr_mixed_rknn_rec=1.8520s | bag_ocr_mixed_text_regions=64.0000s | bag_ocr_shuye_angle_cls=0.0154s | bag_ocr_shuye_preprocess=0.0196s | bag_total=0.0007s | bottle_classify=0.5265s | bottle_count=5.0000s | bottle_match=0.0265s | bottle_ocr_angle_cls=0.0769s | bottle_ocr_bag_angle_cls=0.0224s | bottle_ocr_bag_angle_pred=0.0000s | bottle_ocr_bag_name_roi_extract=0.1773s | bottle_ocr_bottle_angle_cls=0.0416s | bottle_ocr_bottle_angle_pred=9.0000s | bottle_ocr_mixed_rknn_det=0.8788s | bottle_ocr_mixed_rknn_det_infer=0.7423s | bottle_ocr_mixed_rknn_rec=1.8520s | bottle_ocr_mixed_text_regions=64.0000s | bottle_ocr_shuye_angle_cls=0.0154s | bottle_ocr_shuye_preprocess=0.0196s | bottle_total=0.5531s | crop=0.0034s | prepare_and_recognition=3.5643s | recognition_tasks=3.8520s | runtime_excluding_model_init=3.8520s | select_sharpest=0.2843s | shuye_count=2.0000s | shuye_ocr_angle_cls=0.0308s | shuye_ocr_bag_angle_cls=0.0224s | shuye_ocr_bag_angle_pred=0.0000s | shuye_ocr_bag_name_roi_extract=0.1773s | shuye_ocr_bottle_angle_cls=0.0416s | shuye_ocr_bottle_angle_pred=9.0000s | shuye_ocr_mixed_rknn_det=0.8788s | shuye_ocr_mixed_rknn_det_infer=0.7423s | shuye_ocr_mixed_rknn_rec=1.8520s | shuye_ocr_mixed_text_regions=64.0000s | shuye_ocr_shuye_angle_cls=0.0154s | shuye_ocr_shuye_preprocess=0.0196s | shuye_total=0.0000s | target_count=8.0000s
  bag#1: status=done, result=['赵二虎'], timing: match=0.0006s | ocr_angle_cls=0.0154s | ocr_bag_angle_cls=0.0224s | ocr_bag_angle_pred=0.0000s | ocr_bag_name_roi_extract=0.1773s | ocr_bottle_angle_cls=0.0416s | ocr_bottle_angle_pred=9.0000s | ocr_mixed_rknn_det=0.8788s | ocr_mixed_rknn_det_infer=0.7423s | ocr_mixed_rknn_rec=1.8520s | ocr_mixed_text_regions=64.0000s | ocr_shuye_angle_cls=0.0154s | ocr_shuye_preprocess=0.0196s | total=0.0007s
  bottle#1: status=done, result=注射用门冬氨酸鸟氨酸, timing: classify=0.0387s | match=0.0079s | ocr_angle_cls=0.0154s | ocr_bag_angle_cls=0.0224s | ocr_bag_angle_pred=0.0000s | ocr_bag_name_roi_extract=0.1773s | ocr_bottle_angle_cls=0.0416s | ocr_bottle_angle_pred=9.0000s | ocr_mixed_rknn_det=0.8788s | ocr_mixed_rknn_det_infer=0.7423s | ocr_mixed_rknn_rec=1.8520s | ocr_mixed_text_regions=64.0000s | ocr_shuye_angle_cls=0.0154s | ocr_shuye_preprocess=0.0196s | total=0.0467s
    decision: sift_agrees_with_ocr_top1
  bottle#2: status=done, result=注射用头孢他啶, timing: classify=0.1135s | match=0.0040s | ocr_angle_cls=0.0154s | ocr_bag_angle_cls=0.0224s | ocr_bag_angle_pred=0.0000s | ocr_bag_name_roi_extract=0.1773s | ocr_bottle_angle_cls=0.0416s | ocr_bottle_angle_pred=9.0000s | ocr_mixed_rknn_det=0.8788s | ocr_mixed_rknn_det_infer=0.7423s | ocr_mixed_rknn_rec=1.8520s | ocr_mixed_text_regions=64.0000s | ocr_shuye_angle_cls=0.0154s | ocr_shuye_preprocess=0.0196s | total=0.1175s
    decision: weak_sift_override_rejected: predicted=注射用头孢曲松钠, good=1, score=0.0028, ocr_top1=注射用头孢他啶
  bottle#3: status=done, result=注射用炎琥宁, timing: classify=0.0853s | match=0.0049s | ocr_angle_cls=0.0154s | ocr_bag_angle_cls=0.0224s | ocr_bag_angle_pred=0.0000s | ocr_bag_name_roi_extract=0.1773s | ocr_bottle_angle_cls=0.0416s | ocr_bottle_angle_pred=9.0000s | ocr_mixed_rknn_det=0.8788s | ocr_mixed_rknn_det_infer=0.7423s | ocr_mixed_rknn_rec=1.8520s | ocr_mixed_text_regions=64.0000s | ocr_shuye_angle_cls=0.0154s | ocr_shuye_preprocess=0.0196s | total=0.0902s
    decision: weak_sift_override_rejected: predicted=注射用美罗培南, good=1, score=0.0031, ocr_top1=注射用炎琥宁
  bottle#4: status=done, result=人免疫球蛋白, timing: classify=0.2365s | match=0.0045s | ocr_angle_cls=0.0154s | ocr_bag_angle_cls=0.0224s | ocr_bag_angle_pred=0.0000s | ocr_bag_name_roi_extract=0.1773s | ocr_bottle_angle_cls=0.0416s | ocr_bottle_angle_pred=9.0000s | ocr_mixed_rknn_det=0.8788s | ocr_mixed_rknn_det_infer=0.7423s | ocr_mixed_rknn_rec=1.8520s | ocr_mixed_text_regions=64.0000s | ocr_shuye_angle_cls=0.0154s | ocr_shuye_preprocess=0.0196s | total=0.2410s
    decision: weak_sift_override_rejected: predicted=维生素C注射液, good=1, score=0.0030, ocr_top1=人免疫球蛋白
  bottle#5: status=done, result=银杏叶提取物注射液, timing: classify=0.0524s | match=0.0053s | ocr_angle_cls=0.0154s | ocr_bag_angle_cls=0.0224s | ocr_bag_angle_pred=0.0000s | ocr_bag_name_roi_extract=0.1773s | ocr_bottle_angle_cls=0.0416s | ocr_bottle_angle_pred=9.0000s | ocr_mixed_rknn_det=0.8788s | ocr_mixed_rknn_det_infer=0.7423s | ocr_mixed_rknn_rec=1.8520s | ocr_mixed_text_regions=64.0000s | ocr_shuye_angle_cls=0.0154s | ocr_shuye_preprocess=0.0196s | total=0.0577s
    decision: sift_agrees_with_ocr_top1
  shuye#1: status=partial, result=葡萄糖注射液, timing: ocr_angle_cls=0.0154s | ocr_bag_angle_cls=0.0224s | ocr_bag_angle_pred=0.0000s | ocr_bag_name_roi_extract=0.1773s | ocr_bottle_angle_cls=0.0416s | ocr_bottle_angle_pred=9.0000s | ocr_mixed_rknn_det=0.8788s | ocr_mixed_rknn_det_infer=0.7423s | ocr_mixed_rknn_rec=1.8520s | ocr_mixed_text_regions=64.0000s | ocr_shuye_angle_cls=0.0154s | ocr_shuye_preprocess=0.0196s | total=0.0000s
  shuye#2: status=partial, result=, timing: ocr_angle_cls=0.0154s | ocr_bag_angle_cls=0.0224s | ocr_bag_angle_pred=0.0000s | ocr_bag_name_roi_extract=0.1773s | ocr_bottle_angle_cls=0.0416s | ocr_bottle_angle_pred=9.0000s | ocr_mixed_rknn_det=0.8788s | ocr_mixed_rknn_det_infer=0.7423s | ocr_mixed_rknn_rec=1.8520s | ocr_mixed_text_regions=64.0000s | ocr_shuye_angle_cls=0.0154s | ocr_shuye_preprocess=0.0196s | total=0.0000s

[单线程顺序处理完成] 耗时: 3.85s, 完成任务: 8/8

============================================================
【处理结果汇总】
  药瓶: 5 个
  药袋: 1 个
  输液袋: 2 个
============================================================
  药瓶 1: 注射用门冬氨酸鸟氨酸 (方式: sift_template, 置信度: 0.0545, SIFT good=1, score=0.0028)
  药瓶 2: 注射用头孢他啶 (方式: ocr_candidate_sift_rejected, 置信度: 0.0201)
  药瓶 3: 注射用炎琥宁 (方式: ocr_candidate_sift_rejected, 置信度: 0.0287)
  药瓶 4: 人免疫球蛋白 (方式: ocr_candidate_sift_rejected, 置信度: 0.0153)
  药瓶 5: 银杏叶提取物注射液 (方式: sift_template, 置信度: 0.0543, SIFT good=1, score=0.0026)

🏥 识别药品（去重后）: ['注射用炎琥宁', '人免疫球蛋白', '注射用门冬氨酸鸟氨酸', '银杏叶提取物注射液', '注射用头孢他啶']
  药袋 1: 患者 ['赵二虎']

👤 患者姓名: ['赵二虎']
  输液袋 1: 液体=葡萄糖注射液, 浓度=None, 容量=100ml, 状态=partial
  输液袋 2: 液体=None, 浓度=None, 容量=None, 状态=partial

💧 输液袋信息: [{'liquid': '葡萄糖注射液', 'concentration': None, 'volume': '100ml', 'raw_text': '供静脉注射或清注 葡萄糖注射液 Glucoselinjection 100 100ml', 'missing': ['concentration'], 'status': 'partial'}, {'liquid': None, 'concentration': None, 'volume': None, 'raw_text': '电', 'missing': ['liquid', 'concentration', 'volume'], 'status': 'partial'}]
💧 输液袋结构化信息: [{'index': 0, 'liquid': '葡萄糖注射液', 'concentration': None, 'volume': '100ml', 'raw_text': '供静脉注射或清注 葡萄糖注射液 Glucoselinjection 100 100ml', 'status': 'partial'}, {'index': 1, 'liquid': None, 'concentration': None, 'volume': None, 'raw_text': '电', 'status': 'partial'}]
利用“魏理想”作为测试病人

============================================================
【数据库匹配结果】
  患者: ['赵二虎']
  识别药品: ['注射用炎琥宁', '人免疫球蛋白', '注射用门冬氨酸鸟氨酸', '银杏叶提取物注射液', '注射用头孢他啶']
  输液袋信息: [{'liquid': '葡萄糖注射液', 'concentration': None, 'volume': '100ml', 'raw_text': '供静脉注射或清注 葡萄糖注射液 Glucoselinjection 100 100ml', 'missing': ['concentration'], 'status': 'partial'}, {'liquid': None, 'concentration': None, 'volume': None, 'raw_text': '电', 'missing': ['liquid', 'concentration', 'volume'], 'status': 'partial'}]
  数据库药品: ['注射用头孢曲松钠', '注射用头孢西丁钠']
  ❌ 缺少: ['注射用炎琥宁', '人免疫球蛋白', '注射用门冬氨酸鸟氨酸', '银杏叶提取物注射液', '注射用头孢他啶']
     多余: ['注射用头孢曲松钠', '注射用头孢西丁钠']
============================================================

⏱ 总耗时: 3.86s (多线程处理: 3.85s)
🔓 后台处理完成
✅ 完成！总帧数: 45
数据库已断开连接
