/home/forlinx/Models/Python2/lib/python3.9/site-packages/fuzzywuzzy/fuzz.py:11: UserWarning: Using slow pure-python SequenceMatcher. Install python-Levenshtein to remove this warning
  warnings.warn('Using slow pure-python SequenceMatcher. Install python-Levenshtein to remove this warning')
数据库连接成功
✅ 已加载 29 个药品名称
✅ 已加载 20 个患者名称
所有患者 ['魏理想', '魏理想', '魏理想', '魏理想', '魏理想', '魏理想', '魏理想', '魏理想', '魏理想', '魏理想', '魏理想', '魏理想', '魏理想', '魏理想', '魏理想', '魏理想', '魏理想', '魏理想', '魏理想', '魏理想']
W rknn-toolkit-lite2 version: 2.3.2
I RKNN: [09:00:48.714] RKNN Runtime Information, librknnrt version: 2.3.2 (429f97ae6b@2025-04-09T09:09:27)
I RKNN: [09:00:48.714] RKNN Driver Information, version: 0.9.8
I RKNN: [09:00:48.714] RKNN Model Information, version: 6, toolkit version: 2.3.2(compiler version: 2.3.2 (e045de294f@2025-04-07T19:48:25)), target: RKNPU v2, target platform: rk3588, framework name: ONNX, framework layout: NCHW, model inference type: dynamic_shape
[特征缓存] 已从 ./single_image_feature_cache.pkl 加载 29 种药品特征
[初始化完成] 已加载 29 种药品特征到内存
初始化 RKNN OCR 实例池...
W rknn-toolkit-lite2 version: 2.3.2
I RKNN: [09:00:48.808] RKNN Runtime Information, librknnrt version: 2.3.2 (429f97ae6b@2025-04-09T09:09:27)
I RKNN: [09:00:48.808] RKNN Driver Information, version: 0.9.8
I RKNN: [09:00:48.808] RKNN Model Information, version: 6, toolkit version: 2.3.2(compiler version: 2.3.2 (e045de294f@2025-04-07T19:48:25)), target: RKNPU v2, target platform: rk3588, framework name: ONNX, framework layout: NCHW, model inference type: dynamic_shape
W rknn-toolkit-lite2 version: 2.3.2
I RKNN: [09:00:48.956] RKNN Runtime Information, librknnrt version: 2.3.2 (429f97ae6b@2025-04-09T09:09:27)
I RKNN: [09:00:48.956] RKNN Driver Information, version: 0.9.8
I RKNN: [09:00:48.956] RKNN Model Information, version: 6, toolkit version: 2.3.2(compiler version: 2.3.2 (e045de294f@2025-04-07T19:48:25)), target: RKNPU v2, target platform: rk3588, framework name: ONNX, framework layout: NCHW, model inference type: dynamic_shape
W rknn-toolkit-lite2 version: 2.3.2
I RKNN: [09:00:49.117] RKNN Runtime Information, librknnrt version: 2.3.2 (429f97ae6b@2025-04-09T09:09:27)
I RKNN: [09:00:49.117] RKNN Driver Information, version: 0.9.8
I RKNN: [09:00:49.117] RKNN Model Information, version: 6, toolkit version: 2.3.2(compiler version: 2.3.2 (e045de294f@2025-04-07T19:48:25)), target: RKNPU v2, target platform: rk3588, framework name: ONNX, framework layout: NCHW, model inference type: dynamic_shape
RKNN OCR 初始化完成: 1 个实例
实时运行参数:
  recognition_workers: 1
  trigger_interval: 3.0
  max_frames: 45
  quiet_ocr: True
  headless: True
  ocr_instances: 1

============================================================
启动实时视频识别: YOLO + RKNN OCR + SIFT
============================================================
RTSP 参数:
{'username': 'admin', 'password': 'a1b2c3d4', 'ip_address': '192.168.254.5', 'port': '554', 'channel': '201'}
📋 OCR 模型分配:
  OCR/SIFT 后台识别: 单线程顺序处理
  实际 OCR 实例: 1 个
  使用第 1 个 OCR 实例处理所有药瓶/药袋/输液袋任务
  headless显示模式: True
RTSP: rtsp://admin:****@192.168.254.5:554/Streaming/Channels/201
🔄 正在连接 RTSP 流...
✅ RTSP连接成功！分辨率: 3840x2160, 帧率: 20.0
Connecting RTSP stream...
W rknn-toolkit-lite2 version: 2.3.2
I RKNN: [09:00:50.462] RKNN Runtime Information, librknnrt version: 2.3.2 (429f97ae6b@2025-04-09T09:09:27)
I RKNN: [09:00:50.462] RKNN Driver Information, version: 0.9.8
I RKNN: [09:00:50.463] RKNN Model Information, version: 6, toolkit version: 1.6.0+81f21f4d(compiler version: 1.6.0 (585b3edcf@2023-12-11T07:56:14)), target: RKNPU v2, target platform: rk3588, framework name: ONNX, framework layout: NCHW, model inference type: static_shape
W RKNN: [09:00:50.508] query RKNN_QUERY_INPUT_DYNAMIC_RANGE error, rknn model is static shape type, please export rknn with dynamic_shapes
W Query dynamic range failed. Ret code: RKNN_ERR_MODEL_INVALID. (If it is a static shape RKNN model, please ignore the above warning message.)
0

============================================================
🚀 实时目标检测已启动 YOLOv8 + 切片处理
  批量帧数: 1
  自动触发间隔: 3.0 秒
  按键: 'q'-退出  's'-截图  'r'-切换模式
============================================================


⏰ 定时触发 → 后台线程已启动
最清晰帧: 批次 2/2 中的第 1 张
检测结果: 药袋 1 个, 药瓶 5 个, 输液袋 2 个

============================================================
[单线程顺序处理] 共 8 个任务: 药瓶 5, 药袋 1, 输液袋 2
============================================================
🔍 药品匹配模式，查询：交1药字谢用头孢曲松钠SonemInjectiol邦制SS
药瓶旋转
[特征提取耗时] 0.0404 秒
[分类耗时] 0.0636 秒
🔍 药品匹配模式，查询：业有限公司【有效划注射用头拍1.0g多种维生素（12eminforInjection(12
药瓶旋转
[特征提取耗时] 0.0276 秒
[分类耗时] 0.0606 秒
🔍 药品匹配模式，查询：注射用炎琥宁
药瓶旋转
[特征提取耗时] 0.0387 秒
[分类耗时] 0.1116 秒
🔍 药品匹配模式，查询：C502006F2027年01月哈尔滨珍膠电
⚠️ 未找到匹配结果,返回所有药品名称
药瓶旋转
[特征提取耗时] 0.0291 秒
[分类耗时] 0.1650 秒
🔍 药品匹配模式，查询：赵三42-17赵二虎42217511保09-23氢化射注射液(生理盐水)2赵二虎
药瓶旋转
[特征提取耗时] 0.0620 秒
[分类耗时] 0.0937 秒
🔍 患者匹配模式，查询：赵二虎

[Timing Summary last 1] background_total:avg=3.78s,max=3.78s,p95=3.78s | bag_count:avg=1.00s,max=1.00s,p95=1.00s | bag_match:avg=0.00s,max=0.00s,p95=0.00s | bag_ocr_angle_cls:avg=0.02s,max=0.02s,p95=0.02s | bag_ocr_bag_angle_cls:avg=0.01s,max=0.01s,p95=0.01s | bag_ocr_bag_angle_pred:avg=0.00s,max=0.00s,p95=0.00s | bag_ocr_bag_name_roi_extract:avg=0.17s,max=0.17s,p95=0.17s | bag_ocr_bottle_angle_cls:avg=0.04s,max=0.04s,p95=0.04s | bag_ocr_bottle_angle_pred:avg=9.00s,max=9.00s,p95=9.00s | bag_ocr_mixed_rknn_det:avg=0.89s,max=0.89s,p95=0.89s | bag_ocr_mixed_rknn_det_infer:avg=0.71s,max=0.71s,p95=0.71s | bag_ocr_mixed_rknn_rec:avg=1.83s,max=1.83s,p95=1.83s | bag_ocr_mixed_text_regions:avg=61.00s,max=61.00s,p95=61.00s | bag_ocr_shuye_angle_cls:avg=0.02s,max=0.02s,p95=0.02s | bag_ocr_shuye_preprocess:avg=0.02s,max=0.02s,p95=0.02s | bag_total:avg=0.00s,max=0.00s,p95=0.00s | bottle_classify:avg=0.50s,max=0.50s,p95=0.50s | bottle_count:avg=5.00s,max=5.00s,p95=5.00s | bottle_match:avg=0.03s,max=0.03s,p95=0.03s | bottle_ocr_angle_cls:avg=0.08s,max=0.08s,p95=0.08s | bottle_ocr_bag_angle_cls:avg=0.03s,max=0.03s,p95=0.03s | bottle_ocr_bag_angle_pred:avg=0.00s,max=0.00s,p95=0.00s | bottle_ocr_bag_name_roi_extract:avg=0.87s,max=0.87s,p95=0.87s | bottle_ocr_bottle_angle_cls:avg=0.19s,max=0.19s,p95=0.19s | bottle_ocr_bottle_angle_pred:avg=45.00s,max=45.00s,p95=45.00s | bottle_ocr_mixed_rknn_det:avg=4.43s,max=4.43s,p95=4.43s | bottle_ocr_mixed_rknn_det_infer:avg=3.54s,max=3.54s,p95=3.54s | bottle_ocr_mixed_rknn_rec:avg=9.17s,max=9.17s,p95=9.17s | bottle_ocr_mixed_text_regions:avg=305.00s,max=305.00s,p95=305.00s | bottle_ocr_shuye_angle_cls:avg=0.08s,max=0.08s,p95=0.08s | bottle_ocr_shuye_preprocess:avg=0.10s,max=0.10s,p95=0.10s | bottle_total:avg=0.53s,max=0.53s,p95=0.53s | crop:avg=0.00s,max=0.00s,p95=0.00s | prepare_and_recognition:avg=3.50s,max=3.50s,p95=3.50s | recognition_tasks:avg=3.78s,max=3.78s,p95=3.78s | runtime_excluding_model_init:avg=3.78s,max=3.78s,p95=3.78s | select_sharpest:avg=0.27s,max=0.27s,p95=0.27s | shuye_count:avg=2.00s,max=2.00s,p95=2.00s | shuye_ocr_angle_cls:avg=0.03s,max=0.03s,p95=0.03s | shuye_ocr_bag_angle_cls:avg=0.01s,max=0.01s,p95=0.01s | shuye_ocr_bag_angle_pred:avg=0.00s,max=0.00s,p95=0.00s | shuye_ocr_bag_name_roi_extract:avg=0.35s,max=0.35s,p95=0.35s | shuye_ocr_bottle_angle_cls:avg=0.08s,max=0.08s,p95=0.08s | shuye_ocr_bottle_angle_pred:avg=18.00s,max=18.00s,p95=18.00s | shuye_ocr_mixed_rknn_det:avg=1.77s,max=1.77s,p95=1.77s | shuye_ocr_mixed_rknn_det_infer:avg=1.42s,max=1.42s,p95=1.42s | shuye_ocr_mixed_rknn_rec:avg=3.67s,max=3.67s,p95=3.67s | shuye_ocr_mixed_text_regions:avg=122.00s,max=122.00s,p95=122.00s | shuye_ocr_shuye_angle_cls:avg=0.03s,max=0.03s,p95=0.03s | shuye_ocr_shuye_preprocess:avg=0.04s,max=0.04s,p95=0.04s | shuye_total:avg=0.00s,max=0.00s,p95=0.00s | target_count:avg=8.00s,max=8.00s,p95=8.00s

[Step Timing Detail]
  batch: background_total=3.7754s | bag_count=1.0000s | bag_match=0.0006s | bag_ocr_angle_cls=0.0168s | bag_ocr_bag_angle_cls=0.0064s | bag_ocr_bag_angle_pred=0.0000s | bag_ocr_bag_name_roi_extract=0.1738s | bag_ocr_bottle_angle_cls=0.0376s | bag_ocr_bottle_angle_pred=9.0000s | bag_ocr_mixed_rknn_det=0.8850s | bag_ocr_mixed_rknn_det_infer=0.7083s | bag_ocr_mixed_rknn_rec=1.8332s | bag_ocr_mixed_text_regions=61.0000s | bag_ocr_shuye_angle_cls=0.0169s | bag_ocr_shuye_preprocess=0.0204s | bag_total=0.0006s | bottle_classify=0.4953s | bottle_count=5.0000s | bottle_match=0.0316s | bottle_ocr_angle_cls=0.0842s | bottle_ocr_bag_angle_cls=0.0320s | bottle_ocr_bag_angle_pred=0.0000s | bottle_ocr_bag_name_roi_extract=0.8692s | bottle_ocr_bottle_angle_cls=0.1880s | bottle_ocr_bottle_angle_pred=45.0000s | bottle_ocr_mixed_rknn_det=4.4250s | bottle_ocr_mixed_rknn_det_infer=3.5413s | bottle_ocr_mixed_rknn_rec=9.1661s | bottle_ocr_mixed_text_regions=305.0000s | bottle_ocr_shuye_angle_cls=0.0843s | bottle_ocr_shuye_preprocess=0.1019s | bottle_total=0.5273s | crop=0.0037s | prepare_and_recognition=3.5044s | recognition_tasks=3.7754s | runtime_excluding_model_init=3.7754s | select_sharpest=0.2672s | shuye_count=2.0000s | shuye_ocr_angle_cls=0.0337s | shuye_ocr_bag_angle_cls=0.0128s | shuye_ocr_bag_angle_pred=0.0000s | shuye_ocr_bag_name_roi_extract=0.3477s | shuye_ocr_bottle_angle_cls=0.0752s | shuye_ocr_bottle_angle_pred=18.0000s | shuye_ocr_mixed_rknn_det=1.7700s | shuye_ocr_mixed_rknn_det_infer=1.4165s | shuye_ocr_mixed_rknn_rec=3.6664s | shuye_ocr_mixed_text_regions=122.0000s | shuye_ocr_shuye_angle_cls=0.0337s | shuye_ocr_shuye_preprocess=0.0408s | shuye_total=0.0000s | target_count=8.0000s
  bag#1: status=done, result=['赵二虎'], timing: match=0.0006s | ocr_angle_cls=0.0168s | ocr_bag_angle_cls=0.0064s | ocr_bag_angle_pred=0.0000s | ocr_bag_name_roi_extract=0.1738s | ocr_bottle_angle_cls=0.0376s | ocr_bottle_angle_pred=9.0000s | ocr_mixed_rknn_det=0.8850s | ocr_mixed_rknn_det_infer=0.7083s | ocr_mixed_rknn_rec=1.8332s | ocr_mixed_text_regions=61.0000s | ocr_shuye_angle_cls=0.0169s | ocr_shuye_preprocess=0.0204s | total=0.0006s
  bottle#1: status=done, result=注射用头孢曲松钠, timing: classify=0.0637s | match=0.0077s | ocr_angle_cls=0.0168s | ocr_bag_angle_cls=0.0064s | ocr_bag_angle_pred=0.0000s | ocr_bag_name_roi_extract=0.1738s | ocr_bottle_angle_cls=0.0376s | ocr_bottle_angle_pred=9.0000s | ocr_mixed_rknn_det=0.8850s | ocr_mixed_rknn_det_infer=0.7083s | ocr_mixed_rknn_rec=1.8332s | ocr_mixed_text_regions=61.0000s | ocr_shuye_angle_cls=0.0169s | ocr_shuye_preprocess=0.0204s | total=0.0715s
    decision: sift_agrees_with_ocr_top1
  bottle#2: status=done, result=注射用多种维生素, timing: classify=0.0607s | match=0.0055s | ocr_angle_cls=0.0168s | ocr_bag_angle_cls=0.0064s | ocr_bag_angle_pred=0.0000s | ocr_bag_name_roi_extract=0.1738s | ocr_bottle_angle_cls=0.0376s | ocr_bottle_angle_pred=9.0000s | ocr_mixed_rknn_det=0.8850s | ocr_mixed_rknn_det_infer=0.7083s | ocr_mixed_rknn_rec=1.8332s | ocr_mixed_text_regions=61.0000s | ocr_shuye_angle_cls=0.0169s | ocr_shuye_preprocess=0.0204s | total=0.0662s
    decision: weak_sift_override_rejected: predicted=注射用头孢哌酮钠舒巴坦钠（2：1）, good=1, score=0.0026, ocr_top1=注射用多种维生素
  bottle#3: status=done, result=注射用炎琥宁, timing: classify=0.1117s | match=0.0033s | ocr_angle_cls=0.0168s | ocr_bag_angle_cls=0.0064s | ocr_bag_angle_pred=0.0000s | ocr_bag_name_roi_extract=0.1738s | ocr_bottle_angle_cls=0.0376s | ocr_bottle_angle_pred=9.0000s | ocr_mixed_rknn_det=0.8850s | ocr_mixed_rknn_det_infer=0.7083s | ocr_mixed_rknn_rec=1.8332s | ocr_mixed_text_regions=61.0000s | ocr_shuye_angle_cls=0.0169s | ocr_shuye_preprocess=0.0204s | total=0.1151s
    decision: weak_sift_override_rejected: predicted=注射用哌拉西林钠他唑巴坦钠, good=4, score=0.0105, ocr_top1=注射用炎琥宁
  bottle#4: status=done, result=人免疫球蛋白, timing: classify=0.1654s | match=0.0043s | ocr_angle_cls=0.0168s | ocr_bag_angle_cls=0.0064s | ocr_bag_angle_pred=0.0000s | ocr_bag_name_roi_extract=0.1738s | ocr_bottle_angle_cls=0.0376s | ocr_bottle_angle_pred=9.0000s | ocr_mixed_rknn_det=0.8850s | ocr_mixed_rknn_det_infer=0.7083s | ocr_mixed_rknn_rec=1.8332s | ocr_mixed_text_regions=61.0000s | ocr_shuye_angle_cls=0.0169s | ocr_shuye_preprocess=0.0204s | total=0.1698s
    decision: weak_sift_override_rejected: predicted=注射用谷胱甘肽, good=2, score=0.0044, ocr_top1=人免疫球蛋白
  bottle#5: status=done, result=葡萄糖注射液, timing: classify=0.0938s | match=0.0107s | ocr_angle_cls=0.0168s | ocr_bag_angle_cls=0.0064s | ocr_bag_angle_pred=0.0000s | ocr_bag_name_roi_extract=0.1738s | ocr_bottle_angle_cls=0.0376s | ocr_bottle_angle_pred=9.0000s | ocr_mixed_rknn_det=0.8850s | ocr_mixed_rknn_det_infer=0.7083s | ocr_mixed_rknn_rec=1.8332s | ocr_mixed_text_regions=61.0000s | ocr_shuye_angle_cls=0.0169s | ocr_shuye_preprocess=0.0204s | total=0.1046s
    decision: weak_sift_override_rejected: predicted=多索茶碱注射液, good=2, score=0.0063, ocr_top1=葡萄糖注射液
  shuye#1: status=done, result=葡萄糖注射液, timing: ocr_angle_cls=0.0168s | ocr_bag_angle_cls=0.0064s | ocr_bag_angle_pred=0.0000s | ocr_bag_name_roi_extract=0.1738s | ocr_bottle_angle_cls=0.0376s | ocr_bottle_angle_pred=9.0000s | ocr_mixed_rknn_det=0.8850s | ocr_mixed_rknn_det_infer=0.7083s | ocr_mixed_rknn_rec=1.8332s | ocr_mixed_text_regions=61.0000s | ocr_shuye_angle_cls=0.0169s | ocr_shuye_preprocess=0.0204s | total=0.0000s
  shuye#2: status=partial, result=, timing: ocr_angle_cls=0.0168s | ocr_bag_angle_cls=0.0064s | ocr_bag_angle_pred=0.0000s | ocr_bag_name_roi_extract=0.1738s | ocr_bottle_angle_cls=0.0376s | ocr_bottle_angle_pred=9.0000s | ocr_mixed_rknn_det=0.8850s | ocr_mixed_rknn_det_infer=0.7083s | ocr_mixed_rknn_rec=1.8332s | ocr_mixed_text_regions=61.0000s | ocr_shuye_angle_cls=0.0169s | ocr_shuye_preprocess=0.0204s | total=0.0000s

[单线程顺序处理完成] 耗时: 3.78s, 完成任务: 8/8

============================================================
【处理结果汇总】
  药瓶: 5 个
  药袋: 1 个
  输液袋: 2 个
============================================================
  药瓶 1: 注射用头孢曲松钠 (方式: sift_template, 置信度: 0.0531, SIFT good=4, score=0.0100)
  药瓶 2: 注射用多种维生素 (方式: ocr_candidate_sift_rejected, 置信度: 0.0277)
  药瓶 3: 注射用炎琥宁 (方式: ocr_candidate_sift_rejected, 置信度: 0.0383)
  药瓶 4: 人免疫球蛋白 (方式: ocr_candidate_sift_rejected, 置信度: 0.0374)
  药瓶 5: 葡萄糖注射液 (方式: ocr_candidate_sift_rejected, 置信度: 0.0448)

🏥 识别药品（去重后）: ['人免疫球蛋白', '注射用多种维生素', '注射用头孢曲松钠', '注射用炎琥宁', '葡萄糖注射液']
  药袋 1: 患者 ['赵二虎']

👤 患者姓名: ['赵二虎']
  输液袋 1: 液体=葡萄糖注射液, 浓度=10%, 容量=100ml, 状态=done
  输液袋 2: 液体=None, 浓度=None, 容量=None, 状态=partial

💧 输液袋信息: [{'liquid': '葡萄糖注射液', 'concentration': '10%', 'volume': '100ml', 'raw_text': '供静脉注射或商注 葡萄糖注射液 GlucosInjection 10% 100ml', 'missing': [], 'status': 'done'}, {'liquid': None, 'concentration': None, 'volume': None, 'raw_text': '电', 'missing': ['liquid', 'concentration', 'volume'], 'status': 'partial'}]
💧 输液袋结构化信息: [{'index': 0, 'liquid': '葡萄糖注射液', 'concentration': '10%', 'volume': '100ml', 'raw_text': '供静脉注射或商注 葡萄糖注射液 GlucosInjection 10% 100ml', 'status': 'done'}, {'index': 1, 'liquid': None, 'concentration': None, 'volume': None, 'raw_text': '电', 'status': 'partial'}]
利用“魏理想”作为测试病人

============================================================
【数据库匹配结果】
  患者: ['赵二虎']
  识别药品: ['人免疫球蛋白', '注射用多种维生素', '注射用头孢曲松钠', '注射用炎琥宁', '葡萄糖注射液']
  输液袋信息: [{'liquid': '葡萄糖注射液', 'concentration': '10%', 'volume': '100ml', 'raw_text': '供静脉注射或商注 葡萄糖注射液 GlucosInjection 10% 100ml', 'missing': [], 'status': 'done'}, {'liquid': None, 'concentration': None, 'volume': None, 'raw_text': '电', 'missing': ['liquid', 'concentration', 'volume'], 'status': 'partial'}]
  数据库药品: ['注射用头孢曲松钠', '注射用头孢西丁钠']
  ❌ 缺少: ['注射用炎琥宁', '人免疫球蛋白', '葡萄糖注射液', '注射用多种维生素']
     多余: ['注射用头孢西丁钠']
============================================================

⏱ 总耗时: 3.78s (多线程处理: 3.78s)
🔓 后台处理完成
✅ 完成！总帧数: 45
数据库已断开连接
