/home/forlinx/Models/Python2/lib/python3.9/site-packages/fuzzywuzzy/fuzz.py:11: UserWarning: Using slow pure-python SequenceMatcher. Install python-Levenshtein to remove this warning
  warnings.warn('Using slow pure-python SequenceMatcher. Install python-Levenshtein to remove this warning')
数据库连接成功
✅ 已加载 29 个药品名称
✅ 已加载 20 个患者名称
所有患者 ['魏理想', '魏理想', '魏理想', '魏理想', '魏理想', '魏理想', '魏理想', '魏理想', '魏理想', '魏理想', '魏理想', '魏理想', '魏理想', '魏理想', '魏理想', '魏理想', '魏理想', '魏理想', '魏理想', '魏理想']
W rknn-toolkit-lite2 version: 2.3.2
I RKNN: [08:04:54.947] RKNN Runtime Information, librknnrt version: 2.3.2 (429f97ae6b@2025-04-09T09:09:27)
I RKNN: [08:04:54.947] RKNN Driver Information, version: 0.9.8
I RKNN: [08:04:54.947] RKNN Model Information, version: 6, toolkit version: 2.3.2(compiler version: 2.3.2 (e045de294f@2025-04-07T19:48:25)), target: RKNPU v2, target platform: rk3588, framework name: ONNX, framework layout: NCHW, model inference type: dynamic_shape
[特征缓存] 已从 ./single_image_feature_cache.pkl 加载 29 种药品特征
[初始化完成] 已加载 29 种药品特征到内存
初始化 RKNN OCR 实例池...
W rknn-toolkit-lite2 version: 2.3.2
I RKNN: [08:04:55.039] RKNN Runtime Information, librknnrt version: 2.3.2 (429f97ae6b@2025-04-09T09:09:27)
I RKNN: [08:04:55.039] RKNN Driver Information, version: 0.9.8
I RKNN: [08:04:55.039] RKNN Model Information, version: 6, toolkit version: 2.3.2(compiler version: 2.3.2 (e045de294f@2025-04-07T19:48:25)), target: RKNPU v2, target platform: rk3588, framework name: ONNX, framework layout: NCHW, model inference type: dynamic_shape
W rknn-toolkit-lite2 version: 2.3.2
I RKNN: [08:04:55.135] RKNN Runtime Information, librknnrt version: 2.3.2 (429f97ae6b@2025-04-09T09:09:27)
I RKNN: [08:04:55.135] RKNN Driver Information, version: 0.9.8
I RKNN: [08:04:55.135] RKNN Model Information, version: 6, toolkit version: 2.3.2(compiler version: 2.3.2 (e045de294f@2025-04-07T19:48:25)), target: RKNPU v2, target platform: rk3588, framework name: ONNX, framework layout: NCHW, model inference type: dynamic_shape
W rknn-toolkit-lite2 version: 2.3.2
I RKNN: [08:04:55.289] RKNN Runtime Information, librknnrt version: 2.3.2 (429f97ae6b@2025-04-09T09:09:27)
I RKNN: [08:04:55.289] RKNN Driver Information, version: 0.9.8
I RKNN: [08:04:55.289] RKNN Model Information, version: 6, toolkit version: 2.3.2(compiler version: 2.3.2 (e045de294f@2025-04-07T19:48:25)), target: RKNPU v2, target platform: rk3588, framework name: ONNX, framework layout: NCHW, model inference type: dynamic_shape
RKNN OCR 初始化完成: 1 个实例
实时运行参数:
  recognition_workers: 1
  trigger_interval: 3.0
  max_frames: 45
  quiet_ocr: True
  headless: True
  ocr_instances: 1

============================================================
启动实时视频识别: YOLO + RKNN OCR + SIFT
============================================================
RTSP 参数:
{'username': 'admin', 'password': 'a1b2c3d4', 'ip_address': '192.168.254.5', 'port': '554', 'channel': '201'}
📋 OCR 模型分配:
  OCR/SIFT 后台识别: 单线程顺序处理
  实际 OCR 实例: 1 个
  使用第 1 个 OCR 实例处理所有药瓶/药袋/输液袋任务
  headless显示模式: True
RTSP: rtsp://admin:****@192.168.254.5:554/Streaming/Channels/201
🔄 正在连接 RTSP 流...
✅ RTSP连接成功！分辨率: 3840x2160, 帧率: 20.0
Connecting RTSP stream...
W rknn-toolkit-lite2 version: 2.3.2
I RKNN: [08:04:56.727] RKNN Runtime Information, librknnrt version: 2.3.2 (429f97ae6b@2025-04-09T09:09:27)
I RKNN: [08:04:56.727] RKNN Driver Information, version: 0.9.8
I RKNN: [08:04:56.727] RKNN Model Information, version: 6, toolkit version: 1.6.0+81f21f4d(compiler version: 1.6.0 (585b3edcf@2023-12-11T07:56:14)), target: RKNPU v2, target platform: rk3588, framework name: ONNX, framework layout: NCHW, model inference type: static_shape
W RKNN: [08:04:56.771] query RKNN_QUERY_INPUT_DYNAMIC_RANGE error, rknn model is static shape type, please export rknn with dynamic_shapes
W Query dynamic range failed. Ret code: RKNN_ERR_MODEL_INVALID. (If it is a static shape RKNN model, please ignore the above warning message.)
0

============================================================
🚀 实时目标检测已启动 YOLOv8 + 切片处理
  批量帧数: 1
  自动触发间隔: 3.0 秒
  按键: 'q'-退出  's'-截图  'r'-切换模式
============================================================


⏰ 定时触发 → 后台线程已启动
最清晰帧: 批次 2/2 中的第 1 张
检测结果: 药袋 1 个, 药瓶 5 个, 输液袋 2 个

============================================================
[单线程顺序处理] 共 8 个任务: 药瓶 5, 药袋 1, 输液袋 2
============================================================
🔍 药品匹配模式，查询：1氨酸岛氨酸【产赵1业有限公司【有财
药瓶旋转
[特征提取耗时] 0.0328 秒
[分类耗时] 0.0377 秒
🔍 药品匹配模式，查询：谢用头孢曲松Sodium邦
药瓶旋转
[特征提取耗时] 0.0627 秒
[分类耗时] 0.1032 秒
🔍 药品匹配模式，查询：中wm
⚠️ 未找到匹配结果,返回所有药品名称
药瓶旋转
[特征提取耗时] 0.0318 秒
[分类耗时] 0.2198 秒
🔍 药品匹配模式，查询：注射用头瓶Ceftazidimefori
药瓶旋转
[特征提取耗时] 0.0535 秒
[分类耗时] 0.1188 秒
🔍 药品匹配模式，查询：调炎琥宁502006F22227年01月

⏰ 上一轮仍在处理，跳过
[Detection Timing last 30] detect_batch:avg=0.17s,max=0.26s,p95=0.25s | detect_runtime_excluding_model_init:avg=0.17s,max=0.26s,p95=0.25s | fps:avg=5.94s,max=7.53s,p95=7.03s | frames:avg=1.00s,max=1.00s,p95=1.00s
药瓶旋转
[特征提取耗时] 0.0453 秒
[分类耗时] 0.0501 秒
🔍 患者匹配模式，查询：赵二虎

[Timing Summary last 1] background_total:avg=5.50s,max=5.50s,p95=5.50s | bag_count:avg=1.00s,max=1.00s,p95=1.00s | bag_match:avg=0.00s,max=0.00s,p95=0.00s | bag_ocr_angle_cls:avg=0.01s,max=0.01s,p95=0.01s | bag_ocr_angle_pred:avg=0.00s,max=0.00s,p95=0.00s | bag_ocr_name_roi_0_rknn_det:avg=0.05s,max=0.05s,p95=0.05s | bag_ocr_name_roi_0_rknn_rec:avg=0.40s,max=0.40s,p95=0.40s | bag_ocr_name_roi_0_text_regions:avg=2.00s,max=2.00s,p95=2.00s | bag_ocr_name_roi_1_rknn_det:avg=0.06s,max=0.06s,p95=0.06s | bag_ocr_name_roi_1_rknn_rec:avg=0.36s,max=0.36s,p95=0.36s | bag_ocr_name_roi_1_text_regions:avg=3.00s,max=3.00s,p95=3.00s | bag_ocr_name_roi_2_rknn_det:avg=0.05s,max=0.05s,p95=0.05s | bag_ocr_name_roi_2_rknn_rec:avg=0.38s,max=0.38s,p95=0.38s | bag_ocr_name_roi_2_text_regions:avg=1.00s,max=1.00s,p95=1.00s | bag_ocr_name_roi_extract:avg=0.00s,max=0.00s,p95=0.00s | bag_ocr_name_roi_total:avg=1.48s,max=1.48s,p95=1.48s | bag_ocr_recognizer_call:avg=1.48s,max=1.48s,p95=1.48s | bag_ocr_total:avg=1.48s,max=1.48s,p95=1.48s | bag_total:avg=1.48s,max=1.48s,p95=1.48s | bottle_classify:avg=0.53s,max=0.53s,p95=0.53s | bottle_count:avg=5.00s,max=5.00s,p95=5.00s | bottle_match:avg=0.02s,max=0.02s,p95=0.02s | bottle_ocr_angle_cls:avg=0.04s,max=0.04s,p95=0.04s | bottle_ocr_angle_pred:avg=6.00s,max=6.00s,p95=6.00s | bottle_ocr_angle_rotated_score:avg=42.00s,max=42.00s,p95=42.00s | bottle_ocr_angle_used_fallback:avg=0.00s,max=0.00s,p95=0.00s | bottle_ocr_recognizer_call:avg=2.26s,max=2.26s,p95=2.26s | bottle_ocr_rknn_det:avg=0.31s,max=0.31s,p95=0.31s | bottle_ocr_rknn_rec:avg=1.90s,max=1.90s,p95=1.90s | bottle_ocr_text_regions:avg=18.00s,max=18.00s,p95=18.00s | bottle_ocr_total:avg=2.26s,max=2.26s,p95=2.26s | bottle_total:avg=2.81s,max=2.81s,p95=2.81s | crop:avg=0.00s,max=0.00s,p95=0.00s | parallel_tasks:avg=5.50s,max=5.50s,p95=5.50s | prepare_and_recognition:avg=5.23s,max=5.23s,p95=5.23s | runtime_excluding_model_init:avg=5.50s,max=5.50s,p95=5.50s | select_sharpest:avg=0.27s,max=0.27s,p95=0.27s | shuye_count:avg=2.00s,max=2.00s,p95=2.00s | shuye_ocr_angle_cls:avg=0.02s,max=0.02s,p95=0.02s | shuye_ocr_preprocess:avg=0.04s,max=0.04s,p95=0.04s | shuye_ocr_recognizer_call:avg=0.95s,max=0.95s,p95=0.95s | shuye_ocr_rknn_det:avg=0.11s,max=0.11s,p95=0.11s | shuye_ocr_rknn_rec:avg=0.77s,max=0.77s,p95=0.77s | shuye_ocr_text_regions:avg=6.00s,max=6.00s,p95=6.00s | shuye_ocr_total:avg=0.94s,max=0.94s,p95=0.94s | shuye_total:avg=0.95s,max=0.95s,p95=0.95s | target_count:avg=8.00s,max=8.00s,p95=8.00s

[单线程顺序处理完成] 耗时: 5.50s, 完成任务: 8/8

============================================================
【处理结果汇总】
  药瓶: 5 个
  药袋: 1 个
  输液袋: 2 个
============================================================
  药瓶 1: 注射用门冬氨酸鸟氨酸 (方式: sift_template, 置信度: 0.0578, SIFT good=2, score=0.0058)
  药瓶 2: 注射用头孢曲松钠 (方式: sift_template, 置信度: 0.0686, SIFT good=7, score=0.0180)
  药瓶 3: 注射用多种维生素 (方式: sift_template, 置信度: 0.0383, SIFT good=3, score=0.0090)
  药瓶 4: 注射用头孢曲松钠 (方式: sift_template, 置信度: 0.0374, SIFT good=1, score=0.0029)
  药瓶 5: 注射用炎琥宁 (方式: sift_template, 置信度: 0.0592, SIFT good=2, score=0.0065)

🏥 识别药品（去重后）: ['注射用炎琥宁', '注射用多种维生素', '注射用门冬氨酸鸟氨酸', '注射用头孢曲松钠']
  药袋 1: 患者 ['赵二虎']

👤 患者姓名: ['赵二虎']
  输液袋 1: 液体=葡萄糖注射液, 浓度=5%, 容量=50ml, 状态=done
  输液袋 2: 液体=None, 浓度=None, 容量=None, 状态=partial

💧 输液袋信息: [{'liquid': '葡萄糖注射液', 'concentration': '5%', 'volume': '50ml', 'raw_text': '俱静脉注谢成消注 葡萄糖注射液 Glucoseinjoction 5% 50ml', 'missing': [], 'status': 'done'}, {'liquid': None, 'concentration': None, 'volume': None, 'raw_text': '电', 'missing': ['liquid', 'concentration', 'volume'], 'status': 'partial'}]
💧 输液袋结构化信息: [{'index': 0, 'liquid': '葡萄糖注射液', 'concentration': '5%', 'volume': '50ml', 'raw_text': '俱静脉注谢成消注 葡萄糖注射液 Glucoseinjoction 5% 50ml', 'status': 'done'}, {'index': 1, 'liquid': None, 'concentration': None, 'volume': None, 'raw_text': '电', 'status': 'partial'}]
利用“魏理想”作为测试病人

============================================================
【数据库匹配结果】
  患者: ['赵二虎']
  识别药品: ['注射用炎琥宁', '注射用多种维生素', '注射用门冬氨酸鸟氨酸', '注射用头孢曲松钠']
  输液袋信息: [{'liquid': '葡萄糖注射液', 'concentration': '5%', 'volume': '50ml', 'raw_text': '俱静脉注谢成消注 葡萄糖注射液 Glucoseinjoction 5% 50ml', 'missing': [], 'status': 'done'}, {'liquid': None, 'concentration': None, 'volume': None, 'raw_text': '电', 'missing': ['liquid', 'concentration', 'volume'], 'status': 'partial'}]
  数据库药品: ['注射用头孢曲松钠', '注射用头孢西丁钠']
  ❌ 缺少: ['注射用炎琥宁', '注射用多种维生素', '注射用门冬氨酸鸟氨酸']
     多余: ['注射用头孢西丁钠']
============================================================

⏱ 总耗时: 5.51s (多线程处理: 5.50s)
🔓 后台处理完成
⏳ join 后台处理线程...
✅ 完成！总帧数: 45
数据库已断开连接
