/home/forlinx/Models/Python2/lib/python3.9/site-packages/fuzzywuzzy/fuzz.py:11: UserWarning: Using slow pure-python SequenceMatcher. Install python-Levenshtein to remove this warning
  warnings.warn('Using slow pure-python SequenceMatcher. Install python-Levenshtein to remove this warning')
数据库连接成功
✅ 已加载 29 个药品名称
✅ 已加载 20 个患者名称
所有患者 ['魏理想', '魏理想', '魏理想', '魏理想', '魏理想', '魏理想', '魏理想', '魏理想', '魏理想', '魏理想', '魏理想', '魏理想', '魏理想', '魏理想', '魏理想', '魏理想', '魏理想', '魏理想', '魏理想', '魏理想']
W rknn-toolkit-lite2 version: 2.3.2
I RKNN: [08:45:14.612] RKNN Runtime Information, librknnrt version: 2.3.2 (429f97ae6b@2025-04-09T09:09:27)
I RKNN: [08:45:14.612] RKNN Driver Information, version: 0.9.8
I RKNN: [08:45:14.613] RKNN Model Information, version: 6, toolkit version: 2.3.2(compiler version: 2.3.2 (e045de294f@2025-04-07T19:48:25)), target: RKNPU v2, target platform: rk3588, framework name: ONNX, framework layout: NCHW, model inference type: dynamic_shape
[特征缓存] 已从 ./single_image_feature_cache.pkl 加载 29 种药品特征
[初始化完成] 已加载 29 种药品特征到内存
初始化 RKNN OCR 实例池...
W rknn-toolkit-lite2 version: 2.3.2
I RKNN: [08:45:14.795] RKNN Runtime Information, librknnrt version: 2.3.2 (429f97ae6b@2025-04-09T09:09:27)
I RKNN: [08:45:14.795] RKNN Driver Information, version: 0.9.8
I RKNN: [08:45:14.796] RKNN Model Information, version: 6, toolkit version: 2.3.2(compiler version: 2.3.2 (e045de294f@2025-04-07T19:48:25)), target: RKNPU v2, target platform: rk3588, framework name: ONNX, framework layout: NCHW, model inference type: dynamic_shape
W rknn-toolkit-lite2 version: 2.3.2
I RKNN: [08:45:15.017] RKNN Runtime Information, librknnrt version: 2.3.2 (429f97ae6b@2025-04-09T09:09:27)
I RKNN: [08:45:15.017] RKNN Driver Information, version: 0.9.8
I RKNN: [08:45:15.017] RKNN Model Information, version: 6, toolkit version: 2.3.2(compiler version: 2.3.2 (e045de294f@2025-04-07T19:48:25)), target: RKNPU v2, target platform: rk3588, framework name: ONNX, framework layout: NCHW, model inference type: dynamic_shape
W rknn-toolkit-lite2 version: 2.3.2
I RKNN: [08:45:15.184] RKNN Runtime Information, librknnrt version: 2.3.2 (429f97ae6b@2025-04-09T09:09:27)
I RKNN: [08:45:15.184] RKNN Driver Information, version: 0.9.8
I RKNN: [08:45:15.184] RKNN Model Information, version: 6, toolkit version: 2.3.2(compiler version: 2.3.2 (e045de294f@2025-04-07T19:48:25)), target: RKNPU v2, target platform: rk3588, framework name: ONNX, framework layout: NCHW, model inference type: dynamic_shape
RKNN OCR 初始化完成: 1 个实例
实时运行参数:
  recognition_workers: 1
  trigger_interval: 3.0
  max_frames: 45
  quiet_ocr: True
  headless: True
  ocr_instances: 1

============================================================
启动实时视频识别: YOLO + RKNN OCR + SIFT
============================================================
RTSP 参数:
{'username': 'admin', 'password': 'a1b2c3d4', 'ip_address': '192.168.254.5', 'port': '554', 'channel': '201'}
📋 OCR 模型分配:
  OCR/SIFT 后台识别: 单线程顺序处理
  实际 OCR 实例: 1 个
  使用第 1 个 OCR 实例处理所有药瓶/药袋/输液袋任务
  headless显示模式: True
RTSP: rtsp://admin:****@192.168.254.5:554/Streaming/Channels/201
🔄 正在连接 RTSP 流...
✅ RTSP连接成功！分辨率: 3840x2160, 帧率: 20.0
Connecting RTSP stream...
W rknn-toolkit-lite2 version: 2.3.2
I RKNN: [08:45:16.703] RKNN Runtime Information, librknnrt version: 2.3.2 (429f97ae6b@2025-04-09T09:09:27)
I RKNN: [08:45:16.703] RKNN Driver Information, version: 0.9.8
I RKNN: [08:45:16.704] RKNN Model Information, version: 6, toolkit version: 1.6.0+81f21f4d(compiler version: 1.6.0 (585b3edcf@2023-12-11T07:56:14)), target: RKNPU v2, target platform: rk3588, framework name: ONNX, framework layout: NCHW, model inference type: static_shape
W RKNN: [08:45:16.747] query RKNN_QUERY_INPUT_DYNAMIC_RANGE error, rknn model is static shape type, please export rknn with dynamic_shapes
W Query dynamic range failed. Ret code: RKNN_ERR_MODEL_INVALID. (If it is a static shape RKNN model, please ignore the above warning message.)
0

============================================================
🚀 实时目标检测已启动 YOLOv8 + 切片处理
  批量帧数: 1
  自动触发间隔: 3.0 秒
  按键: 'q'-退出  's'-截图  'r'-切换模式
============================================================


⏰ 定时触发 → 后台线程已启动
最清晰帧: 批次 2/2 中的第 1 张
检测结果: 药袋 1 个, 药瓶 5 个, 输液袋 2 个

============================================================
[单线程顺序处理] 共 8 个任务: 药瓶 5, 药袋 1, 输液袋 2
============================================================
🔍 药品匹配模式，查询：谢用头孢曲松钠邦制
药瓶旋转
[特征提取耗时] 0.0388 秒
[分类耗时] 0.0713 秒
🔍 药品匹配模式，查询：冬氨酸鸟氨酸FURTATEFORINJECTION[产品位有限公司【有效
药瓶旋转
[特征提取耗时] 0.0334 秒
[分类耗时] 0.0398 秒
🔍 药品匹配模式，查询：注射用头.0g多种维生素（1
药瓶旋转
[特征提取耗时] 0.0309 秒
[分类耗时] 0.0725 秒
🔍 药品匹配模式，查询：aminforInjection（25m/支山西慧德药业有员注射用炎琥宁
药瓶旋转
[特征提取耗时] 0.0287 秒
[分类耗时] 0.0729 秒
🔍 药品匹配模式，查询：C502006F12027年01月巴哈车
⚠️ 未找到匹配结果,返回所有药品名称
药瓶旋转
[特征提取耗时] 0.0451 秒
[分类耗时] 0.1686 秒
🔍 患者匹配模式，查询：赵二虎

[Timing Summary last 1] background_total:avg=5.20s,max=5.20s,p95=5.20s | bag_count:avg=1.00s,max=1.00s,p95=1.00s | bag_match:avg=0.00s,max=0.00s,p95=0.00s | bag_ocr_angle_cls:avg=0.01s,max=0.01s,p95=0.01s | bag_ocr_angle_pred:avg=0.00s,max=0.00s,p95=0.00s | bag_ocr_name_roi_0_rknn_det:avg=0.37s,max=0.37s,p95=0.37s | bag_ocr_name_roi_0_rknn_rec:avg=0.36s,max=0.36s,p95=0.36s | bag_ocr_name_roi_0_text_regions:avg=6.00s,max=6.00s,p95=6.00s | bag_ocr_name_roi_1_rknn_det:avg=0.35s,max=0.35s,p95=0.35s | bag_ocr_name_roi_1_rknn_rec:avg=0.39s,max=0.39s,p95=0.39s | bag_ocr_name_roi_1_text_regions:avg=5.00s,max=5.00s,p95=5.00s | bag_ocr_name_roi_2_rknn_det:avg=0.36s,max=0.36s,p95=0.36s | bag_ocr_name_roi_2_rknn_rec:avg=0.40s,max=0.40s,p95=0.40s | bag_ocr_name_roi_2_text_regions:avg=1.00s,max=1.00s,p95=1.00s | bag_ocr_name_roi_extract:avg=0.00s,max=0.00s,p95=0.00s | bag_ocr_name_roi_total:avg=2.44s,max=2.44s,p95=2.44s | bag_ocr_total:avg=2.44s,max=2.44s,p95=2.44s | bag_total:avg=0.00s,max=0.00s,p95=0.00s | bottle_classify:avg=0.43s,max=0.43s,p95=0.43s | bottle_count:avg=5.00s,max=5.00s,p95=5.00s | bottle_match:avg=0.03s,max=0.03s,p95=0.03s | bottle_ocr_angle_cls:avg=0.20s,max=0.20s,p95=0.20s | bottle_ocr_angle_pred:avg=45.00s,max=45.00s,p95=45.00s | bottle_ocr_rknn_det:avg=2.19s,max=2.19s,p95=2.19s | bottle_ocr_rknn_det_infer:avg=2.01s,max=2.01s,p95=2.01s | bottle_ocr_rknn_rec:avg=3.76s,max=3.76s,p95=3.76s | bottle_ocr_text_regions:avg=90.00s,max=90.00s,p95=90.00s | bottle_ocr_total:avg=6.15s,max=6.15s,p95=6.15s | bottle_total:avg=0.45s,max=0.45s,p95=0.45s | crop:avg=0.00s,max=0.00s,p95=0.00s | prepare_and_recognition:avg=4.92s,max=4.92s,p95=4.92s | recognition_tasks:avg=5.20s,max=5.20s,p95=5.20s | runtime_excluding_model_init:avg=5.20s,max=5.20s,p95=5.20s | select_sharpest:avg=0.28s,max=0.28s,p95=0.28s | shuye_count:avg=2.00s,max=2.00s,p95=2.00s | shuye_ocr_angle_cls:avg=0.05s,max=0.05s,p95=0.05s | shuye_ocr_preprocess:avg=0.04s,max=0.04s,p95=0.04s | shuye_ocr_rknn_det:avg=0.75s,max=0.75s,p95=0.75s | shuye_ocr_rknn_det_infer:avg=0.68s,max=0.68s,p95=0.68s | shuye_ocr_rknn_rec:avg=0.75s,max=0.75s,p95=0.75s | shuye_ocr_text_regions:avg=12.00s,max=12.00s,p95=12.00s | shuye_ocr_total:avg=1.60s,max=1.60s,p95=1.60s | shuye_total:avg=0.00s,max=0.00s,p95=0.00s | target_count:avg=8.00s,max=8.00s,p95=8.00s

[单线程顺序处理完成] 耗时: 5.20s, 完成任务: 8/8

============================================================
【处理结果汇总】
  药瓶: 5 个
  药袋: 1 个
  输液袋: 2 个
============================================================
  药瓶 1: 注射用头孢曲松钠 (方式: sift_template, 置信度: 0.0551, SIFT good=6, score=0.0154)
  药瓶 2: 注射用门冬氨酸鸟氨酸 (方式: sift_template, 置信度: 0.0642, SIFT good=4, score=0.0116)
  药瓶 3: 注射用多种维生素 (方式: ocr_candidate_sift_rejected, 置信度: 0.0199)
  药瓶 4: 注射用炎琥宁 (方式: ocr_candidate_sift_rejected, 置信度: 0.0401)
  药瓶 5: 人免疫球蛋白 (方式: ocr_candidate_sift_rejected, 置信度: 0.0453)

🏥 识别药品（去重后）: ['注射用多种维生素', '人免疫球蛋白', '注射用门冬氨酸鸟氨酸', '注射用炎琥宁', '注射用头孢曲松钠']
  药袋 1: 患者 ['赵二虎']

👤 患者姓名: ['赵二虎']
  输液袋 1: 液体=葡萄糖注射液, 浓度=110%, 容量=100ml, 状态=done
  输液袋 2: 液体=None, 浓度=None, 容量=None, 状态=partial

💧 输液袋信息: [{'liquid': '葡萄糖注射液', 'concentration': '110%', 'volume': '100ml', 'raw_text': '供静脉注射或清注 葡萄糖注射液 Glucoseinjection 110% 100ml', 'missing': [], 'status': 'done'}, {'liquid': None, 'concentration': None, 'volume': None, 'raw_text': '电', 'missing': ['liquid', 'concentration', 'volume'], 'status': 'partial'}]
💧 输液袋结构化信息: [{'index': 0, 'liquid': '葡萄糖注射液', 'concentration': '110%', 'volume': '100ml', 'raw_text': '供静脉注射或清注 葡萄糖注射液 Glucoseinjection 110% 100ml', 'status': 'done'}, {'index': 1, 'liquid': None, 'concentration': None, 'volume': None, 'raw_text': '电', 'status': 'partial'}]
利用“魏理想”作为测试病人

============================================================
【数据库匹配结果】
  患者: ['赵二虎']
  识别药品: ['注射用多种维生素', '人免疫球蛋白', '注射用门冬氨酸鸟氨酸', '注射用炎琥宁', '注射用头孢曲松钠']
  输液袋信息: [{'liquid': '葡萄糖注射液', 'concentration': '110%', 'volume': '100ml', 'raw_text': '供静脉注射或清注 葡萄糖注射液 Glucoseinjection 110% 100ml', 'missing': [], 'status': 'done'}, {'liquid': None, 'concentration': None, 'volume': None, 'raw_text': '电', 'missing': ['liquid', 'concentration', 'volume'], 'status': 'partial'}]
  数据库药品: ['注射用头孢曲松钠', '注射用头孢西丁钠']
  ❌ 缺少: ['注射用炎琥宁', '人免疫球蛋白', '注射用多种维生素', '注射用门冬氨酸鸟氨酸']
     多余: ['注射用头孢西丁钠']
============================================================

⏱ 总耗时: 5.21s (多线程处理: 5.20s)
🔓 后台处理完成⏳ join 后台处理线程...

✅ 完成！总帧数: 45
数据库已断开连接
