/home/forlinx/Models/Python2/lib/python3.9/site-packages/fuzzywuzzy/fuzz.py:11: UserWarning: Using slow pure-python SequenceMatcher. Install python-Levenshtein to remove this warning
  warnings.warn('Using slow pure-python SequenceMatcher. Install python-Levenshtein to remove this warning')
数据库连接成功
✅ 已加载 29 个药品名称
✅ 已加载 20 个患者名称
所有患者 ['魏理想', '魏理想', '魏理想', '魏理想', '魏理想', '魏理想', '魏理想', '魏理想', '魏理想', '魏理想', '魏理想', '魏理想', '魏理想', '魏理想', '魏理想', '魏理想', '魏理想', '魏理想', '魏理想', '魏理想']
W rknn-toolkit-lite2 version: 2.3.2
I RKNN: [08:54:27.934] RKNN Runtime Information, librknnrt version: 2.3.2 (429f97ae6b@2025-04-09T09:09:27)
I RKNN: [08:54:27.934] RKNN Driver Information, version: 0.9.8
I RKNN: [08:54:27.934] RKNN Model Information, version: 6, toolkit version: 2.3.2(compiler version: 2.3.2 (e045de294f@2025-04-07T19:48:25)), target: RKNPU v2, target platform: rk3588, framework name: ONNX, framework layout: NCHW, model inference type: dynamic_shape
[特征缓存] 已从 ./single_image_feature_cache.pkl 加载 29 种药品特征
[初始化完成] 已加载 29 种药品特征到内存
初始化 RKNN OCR 实例池...
W rknn-toolkit-lite2 version: 2.3.2
I RKNN: [08:54:28.029] RKNN Runtime Information, librknnrt version: 2.3.2 (429f97ae6b@2025-04-09T09:09:27)
I RKNN: [08:54:28.029] RKNN Driver Information, version: 0.9.8
I RKNN: [08:54:28.029] RKNN Model Information, version: 6, toolkit version: 2.3.2(compiler version: 2.3.2 (e045de294f@2025-04-07T19:48:25)), target: RKNPU v2, target platform: rk3588, framework name: ONNX, framework layout: NCHW, model inference type: dynamic_shape
W rknn-toolkit-lite2 version: 2.3.2
I RKNN: [08:54:28.199] RKNN Runtime Information, librknnrt version: 2.3.2 (429f97ae6b@2025-04-09T09:09:27)
I RKNN: [08:54:28.199] RKNN Driver Information, version: 0.9.8
I RKNN: [08:54:28.200] RKNN Model Information, version: 6, toolkit version: 2.3.2(compiler version: 2.3.2 (e045de294f@2025-04-07T19:48:25)), target: RKNPU v2, target platform: rk3588, framework name: ONNX, framework layout: NCHW, model inference type: dynamic_shape
W rknn-toolkit-lite2 version: 2.3.2
I RKNN: [08:54:28.353] RKNN Runtime Information, librknnrt version: 2.3.2 (429f97ae6b@2025-04-09T09:09:27)
I RKNN: [08:54:28.353] RKNN Driver Information, version: 0.9.8
I RKNN: [08:54:28.353] RKNN Model Information, version: 6, toolkit version: 2.3.2(compiler version: 2.3.2 (e045de294f@2025-04-07T19:48:25)), target: RKNPU v2, target platform: rk3588, framework name: ONNX, framework layout: NCHW, model inference type: dynamic_shape
RKNN OCR 初始化完成: 1 个实例
实时运行参数:
  recognition_workers: 1
  trigger_interval: 3.0
  max_frames: 45
  quiet_ocr: True
  headless: True
  ocr_instances: 1

============================================================
启动实时视频识别: YOLO + RKNN OCR + SIFT
============================================================
RTSP 参数:
{'username': 'admin', 'password': 'a1b2c3d4', 'ip_address': '192.168.254.5', 'port': '554', 'channel': '201'}
📋 OCR 模型分配:
  OCR/SIFT 后台识别: 单线程顺序处理
  实际 OCR 实例: 1 个
  使用第 1 个 OCR 实例处理所有药瓶/药袋/输液袋任务
  headless显示模式: True
RTSP: rtsp://admin:****@192.168.254.5:554/Streaming/Channels/201
🔄 正在连接 RTSP 流...
✅ RTSP连接成功！分辨率: 3840x2160, 帧率: 20.0
Connecting RTSP stream...
W rknn-toolkit-lite2 version: 2.3.2
I RKNN: [08:54:29.799] RKNN Runtime Information, librknnrt version: 2.3.2 (429f97ae6b@2025-04-09T09:09:27)
I RKNN: [08:54:29.800] RKNN Driver Information, version: 0.9.8
I RKNN: [08:54:29.800] RKNN Model Information, version: 6, toolkit version: 1.6.0+81f21f4d(compiler version: 1.6.0 (585b3edcf@2023-12-11T07:56:14)), target: RKNPU v2, target platform: rk3588, framework name: ONNX, framework layout: NCHW, model inference type: static_shape
W RKNN: [08:54:29.841] query RKNN_QUERY_INPUT_DYNAMIC_RANGE error, rknn model is static shape type, please export rknn with dynamic_shapes
W Query dynamic range failed. Ret code: RKNN_ERR_MODEL_INVALID. (If it is a static shape RKNN model, please ignore the above warning message.)
0

============================================================
🚀 实时目标检测已启动 YOLOv8 + 切片处理
  批量帧数: 1
  自动触发间隔: 3.0 秒
  按键: 'q'-退出  's'-截图  'r'-切换模式
============================================================


⏰ 定时触发 → 后台线程已启动
最清晰帧: 批次 1/2 中的第 1 张
检测结果: 药袋 1 个, 药瓶 5 个, 输液袋 2 个

============================================================
[单线程顺序处理] 共 8 个任务: 药瓶 5, 药袋 1, 输液袋 2
============================================================
🔍 药品匹配模式，查询：用头有兰松1年氨酸鸟氨加
药瓶旋转
[特征提取耗时] 0.0373 秒
[分类耗时] 0.0427 秒
🔍 药品匹配模式，查询：AIAYYORUFLTIon严信有限公司【有移种维生素（12
药瓶旋转
[特征提取耗时] 0.0530 秒
[分类耗时] 0.0828 秒
🔍 药品匹配模式，查询：minforInjectionte
⚠️ 未找到匹配结果,返回所有药品名称
药瓶旋转
[特征提取耗时] 0.0414 秒
[分类耗时] 0.1323 秒
🔍 药品匹配模式，查询：5m出#####
⚠️ 未找到匹配结果,返回所有药品名称
药瓶旋转
[特征提取耗时] 0.0402 秒
[分类耗时] 0.1656 秒
🔍 患者匹配模式，查询：时海件摄

[Timing Summary last 1] background_total:avg=5.18s,max=5.18s,p95=5.18s | bag_count:avg=1.00s,max=1.00s,p95=1.00s | bag_match:avg=0.00s,max=0.00s,p95=0.00s | bag_ocr_angle_cls:avg=0.02s,max=0.02s,p95=0.02s | bag_ocr_angle_pred:avg=0.00s,max=0.00s,p95=0.00s | bag_ocr_name_roi_0_rknn_det:avg=0.35s,max=0.35s,p95=0.35s | bag_ocr_name_roi_0_rknn_rec:avg=0.35s,max=0.35s,p95=0.35s | bag_ocr_name_roi_0_text_regions:avg=2.00s,max=2.00s,p95=2.00s | bag_ocr_name_roi_1_rknn_det:avg=0.35s,max=0.35s,p95=0.35s | bag_ocr_name_roi_1_rknn_rec:avg=0.37s,max=0.37s,p95=0.37s | bag_ocr_name_roi_1_text_regions:avg=3.00s,max=3.00s,p95=3.00s | bag_ocr_name_roi_2_rknn_det:avg=0.35s,max=0.35s,p95=0.35s | bag_ocr_name_roi_2_rknn_rec:avg=0.00s,max=0.00s,p95=0.00s | bag_ocr_name_roi_2_text_regions:avg=0.00s,max=0.00s,p95=0.00s | bag_ocr_name_roi_extract:avg=0.00s,max=0.00s,p95=0.00s | bag_ocr_name_roi_total:avg=1.97s,max=1.97s,p95=1.97s | bag_ocr_total:avg=1.97s,max=1.97s,p95=1.97s | bag_total:avg=0.00s,max=0.00s,p95=0.00s | bottle_classify:avg=0.42s,max=0.42s,p95=0.42s | bottle_count:avg=5.00s,max=5.00s,p95=5.00s | bottle_match:avg=0.02s,max=0.02s,p95=0.02s | bottle_ocr_angle_cls:avg=0.18s,max=0.18s,p95=0.18s | bottle_ocr_angle_pred:avg=30.00s,max=30.00s,p95=30.00s | bottle_ocr_fallback_rknn_det:avg=1.77s,max=1.77s,p95=1.77s | bottle_ocr_fallback_rknn_det_infer:avg=1.68s,max=1.68s,p95=1.68s | bottle_ocr_fallback_rknn_rec:avg=2.09s,max=2.09s,p95=2.09s | bottle_ocr_fallback_text_regions:avg=5.00s,max=5.00s,p95=5.00s | bottle_ocr_rknn_det:avg=2.26s,max=2.26s,p95=2.26s | bottle_ocr_rknn_det_infer:avg=2.09s,max=2.09s,p95=2.09s | bottle_ocr_rknn_rec:avg=1.94s,max=1.94s,p95=1.94s | bottle_ocr_text_regions:avg=70.00s,max=70.00s,p95=70.00s | bottle_ocr_total:avg=8.24s,max=8.24s,p95=8.24s | bottle_total:avg=0.44s,max=0.44s,p95=0.44s | crop:avg=0.00s,max=0.00s,p95=0.00s | prepare_and_recognition:avg=4.89s,max=4.89s,p95=4.89s | recognition_tasks:avg=5.18s,max=5.18s,p95=5.18s | runtime_excluding_model_init:avg=5.18s,max=5.18s,p95=5.18s | select_sharpest:avg=0.29s,max=0.29s,p95=0.29s | shuye_count:avg=2.00s,max=2.00s,p95=2.00s | shuye_ocr_angle_cls:avg=0.03s,max=0.03s,p95=0.03s | shuye_ocr_preprocess:avg=0.10s,max=0.10s,p95=0.10s | shuye_ocr_rknn_det:avg=0.77s,max=0.77s,p95=0.77s | shuye_ocr_rknn_det_infer:avg=0.66s,max=0.66s,p95=0.66s | shuye_ocr_rknn_rec:avg=0.77s,max=0.77s,p95=0.77s | shuye_ocr_text_regions:avg=12.00s,max=12.00s,p95=12.00s | shuye_ocr_total:avg=1.67s,max=1.67s,p95=1.67s | shuye_total:avg=0.00s,max=0.00s,p95=0.00s | target_count:avg=8.00s,max=8.00s,p95=8.00s

[Step Timing Detail]
  batch: background_total=5.1813s | bag_count=1.0000s | bag_match=0.0007s | bag_ocr_angle_cls=0.0153s | bag_ocr_angle_pred=0.0000s | bag_ocr_name_roi_0_rknn_det=0.3543s | bag_ocr_name_roi_0_rknn_rec=0.3520s | bag_ocr_name_roi_0_text_regions=2.0000s | bag_ocr_name_roi_1_rknn_det=0.3529s | bag_ocr_name_roi_1_rknn_rec=0.3732s | bag_ocr_name_roi_1_text_regions=3.0000s | bag_ocr_name_roi_2_rknn_det=0.3474s | bag_ocr_name_roi_2_rknn_rec=0.0000s | bag_ocr_name_roi_2_text_regions=0.0000s | bag_ocr_name_roi_extract=0.0041s | bag_ocr_name_roi_total=1.9664s | bag_ocr_total=1.9664s | bag_total=0.0007s | bottle_classify=0.4238s | bottle_count=5.0000s | bottle_match=0.0173s | bottle_ocr_angle_cls=0.1808s | bottle_ocr_angle_pred=30.0000s | bottle_ocr_fallback_rknn_det=1.7651s | bottle_ocr_fallback_rknn_det_infer=1.6760s | bottle_ocr_fallback_rknn_rec=2.0882s | bottle_ocr_fallback_text_regions=5.0000s | bottle_ocr_rknn_det=2.2613s | bottle_ocr_rknn_det_infer=2.0852s | bottle_ocr_rknn_rec=1.9415s | bottle_ocr_text_regions=70.0000s | bottle_ocr_total=8.2386s | bottle_total=0.4413s | crop=0.0032s | prepare_and_recognition=4.8921s | recognition_tasks=5.1813s | runtime_excluding_model_init=5.1813s | select_sharpest=0.2859s | shuye_count=2.0000s | shuye_ocr_angle_cls=0.0291s | shuye_ocr_preprocess=0.0969s | shuye_ocr_rknn_det=0.7680s | shuye_ocr_rknn_det_infer=0.6580s | shuye_ocr_rknn_rec=0.7720s | shuye_ocr_text_regions=12.0000s | shuye_ocr_total=1.6709s | shuye_total=0.0000s | target_count=8.0000s
  bag#1: status=done, result=, timing: match=0.0007s | ocr_angle_cls=0.0153s | ocr_angle_pred=0.0000s | ocr_name_roi_0_rknn_det=0.3543s | ocr_name_roi_0_rknn_rec=0.3520s | ocr_name_roi_0_text_regions=2.0000s | ocr_name_roi_1_rknn_det=0.3529s | ocr_name_roi_1_rknn_rec=0.3732s | ocr_name_roi_1_text_regions=3.0000s | ocr_name_roi_2_rknn_det=0.3474s | ocr_name_roi_2_rknn_rec=0.0000s | ocr_name_roi_2_text_regions=0.0000s | ocr_name_roi_extract=0.0041s | ocr_name_roi_total=1.9664s | ocr_total=1.9664s | total=0.0007s
  bottle#1: status=done, result=注射用门冬氨酸鸟氨酸, timing: classify=0.0428s | match=0.0070s | ocr_angle_cls=0.0362s | ocr_angle_pred=6.0000s | ocr_fallback_rknn_det=0.3530s | ocr_fallback_rknn_det_infer=0.3352s | ocr_fallback_rknn_rec=0.4176s | ocr_fallback_text_regions=1.0000s | ocr_rknn_det=0.4523s | ocr_rknn_det_infer=0.4170s | ocr_rknn_rec=0.3883s | ocr_text_regions=14.0000s | ocr_total=1.6477s | total=0.0498s
    decision: sift_agrees_with_ocr_top1
  bottle#2: status=done, result=注射用多种维生素, timing: classify=0.0829s | match=0.0038s | ocr_angle_cls=0.0362s | ocr_angle_pred=6.0000s | ocr_fallback_rknn_det=0.3530s | ocr_fallback_rknn_det_infer=0.3352s | ocr_fallback_rknn_rec=0.4176s | ocr_fallback_text_regions=1.0000s | ocr_rknn_det=0.4523s | ocr_rknn_det_infer=0.4170s | ocr_rknn_rec=0.3883s | ocr_text_regions=14.0000s | ocr_total=1.6477s | total=0.0868s
    decision: weak_sift_override_rejected: predicted=注射用水溶性维生素, good=1, score=0.0035, ocr_top1=注射用多种维生素
  bottle#3: status=done, result=人免疫球蛋白, timing: classify=0.1324s | match=0.0036s | ocr_angle_cls=0.0362s | ocr_angle_pred=6.0000s | ocr_fallback_rknn_det=0.3530s | ocr_fallback_rknn_det_infer=0.3352s | ocr_fallback_rknn_rec=0.4176s | ocr_fallback_text_regions=1.0000s | ocr_rknn_det=0.4523s | ocr_rknn_det_infer=0.4170s | ocr_rknn_rec=0.3883s | ocr_text_regions=14.0000s | ocr_total=1.6477s | total=0.1361s
    decision: weak_sift_override_rejected: predicted=注射用头孢他啶, good=1, score=0.0036, ocr_top1=人免疫球蛋白
  bottle#4: status=done, result=人免疫球蛋白, timing: classify=0.1657s | match=0.0029s | ocr_angle_cls=0.0362s | ocr_angle_pred=6.0000s | ocr_fallback_rknn_det=0.3530s | ocr_fallback_rknn_det_infer=0.3352s | ocr_fallback_rknn_rec=0.4176s | ocr_fallback_text_regions=1.0000s | ocr_rknn_det=0.4523s | ocr_rknn_det_infer=0.4170s | ocr_rknn_rec=0.3883s | ocr_text_regions=14.0000s | ocr_total=1.6477s | total=0.1686s
    decision: weak_sift_override_rejected: predicted=注射用多种维生素, good=1, score=0.0031, ocr_top1=人免疫球蛋白
  bottle#5: status=ocr_empty, result=, timing: ocr_angle_cls=0.0362s | ocr_angle_pred=6.0000s | ocr_fallback_rknn_det=0.3530s | ocr_fallback_rknn_det_infer=0.3352s | ocr_fallback_rknn_rec=0.4176s | ocr_fallback_text_regions=1.0000s | ocr_rknn_det=0.4523s | ocr_rknn_det_infer=0.4170s | ocr_rknn_rec=0.3883s | ocr_text_regions=14.0000s | ocr_total=1.6477s | total=0.0000s
  shuye#1: status=partial, result=葡萄糖注射液, timing: ocr_angle_cls=0.0145s | ocr_preprocess=0.0484s | ocr_rknn_det=0.3840s | ocr_rknn_det_infer=0.3290s | ocr_rknn_rec=0.3860s | ocr_text_regions=6.0000s | ocr_total=0.8354s | total=0.0000s
  shuye#2: status=ocr_empty, result=, timing: ocr_angle_cls=0.0145s | ocr_preprocess=0.0484s | ocr_rknn_det=0.3840s | ocr_rknn_det_infer=0.3290s | ocr_rknn_rec=0.3860s | ocr_text_regions=6.0000s | ocr_total=0.8354s | total=0.0000s

[单线程顺序处理完成] 耗时: 5.18s, 完成任务: 8/8

============================================================
【处理结果汇总】
  药瓶: 5 个
  药袋: 1 个
  输液袋: 2 个
============================================================
  药瓶 1: 注射用门冬氨酸鸟氨酸 (方式: sift_template, 置信度: 0.0719, SIFT good=8, score=0.0215)
  药瓶 2: 注射用多种维生素 (方式: ocr_candidate_sift_rejected, 置信度: 0.0420)
  药瓶 3: 人免疫球蛋白 (方式: ocr_candidate_sift_rejected, 置信度: 0.0201)
  药瓶 4: 人免疫球蛋白 (方式: ocr_candidate_sift_rejected, 置信度: 0.0197)

🏥 识别药品（去重后）: ['注射用多种维生素', '注射用门冬氨酸鸟氨酸', '人免疫球蛋白']

⚠️ 未识别到患者姓名
  输液袋 1: 液体=葡萄糖注射液, 浓度=None, 容量=100ml, 状态=partial
  输液袋 2: 液体=None, 浓度=None, 容量=None, 状态=ocr_empty

💧 输液袋信息: [{'liquid': '葡萄糖注射液', 'concentration': None, 'volume': '100ml', 'raw_text': '供静脉注射或清注 葡萄糖注射液 Glueosolrjlection 1100l 100ml', 'missing': ['concentration'], 'status': 'partial'}, {'liquid': None, 'concentration': None, 'volume': None, 'raw_text': '', 'missing': ['liquid', 'concentration', 'volume'], 'status': 'ocr_empty'}]
💧 输液袋结构化信息: [{'index': 0, 'liquid': '葡萄糖注射液', 'concentration': None, 'volume': '100ml', 'raw_text': '供静脉注射或清注 葡萄糖注射液 Glueosolrjlection 1100l 100ml', 'status': 'partial'}, {'index': 1, 'liquid': None, 'concentration': None, 'volume': None, 'raw_text': '', 'status': 'ocr_empty'}]

⚠️ 跳过数据库比对：缺少患者姓名/药品信息，或当前匹配器不支持数据库校验

⏱ 总耗时: 5.18s (多线程处理: 5.18s)
🔓 后台处理完成
✅ 完成！总帧数: 45
数据库已断开连接
